<html>
<body>
<pre>
<h1>礦ision Build Log</h1>
<h2>Project:</h2>
C:\Users\admin\Documents\程序源码\童光强毕业论文\软件部分\2017-03-20正常通信\mdk\project\ucos2_uip_tcp_udp.uvproj
Project File Date:  03/20/2017

<h2>Output:</h2>
compiling main.c...
"..\user\main.c" - 0 Errors, 0 Warning(s).
Build target 'Ton'
assembling startup_stm32f10x_md.s...
compiling core_cm3.c...
compiling system_stm32f10x.c...
compiling misc.c...
compiling stm32f10x_gpio.c...
compiling stm32f10x_rcc.c...
compiling stm32f10x_spi.c...
compiling stm32f10x_usart.c...
compiling stm32f10x_tim.c...
compiling bsp_led.c...
compiling bsp_systick.c...
compiling bsp_usart.c...
compiling bsp_enc28j60.c...
compiling bsp_spi.c...
compiling bsp_pwm.c...
compiling bsp_sw.c...
compiling bsp_74hc595.c...
compiling bsp_logic.c...
assembling os_cpu_a.asm...
compiling os_cpu_c.c...
compiling os_dbg.c...
compiling os_core.c...
compiling os_flag.c...
compiling os_mbox.c...
compiling os_mem.c...
compiling os_mutex.c...
compiling os_q.c...
compiling os_sem.c...
compiling os_task.c...
compiling os_time.c...
compiling os_tmr.c...
compiling app_mian.c...
compiling psock.c...
compiling uip.c...
compiling uip_arp.c...
compiling uip-fw.c...
compiling uiplib.c...
compiling uip-neighbor.c...
compiling uip-split.c...
compiling tapdev.c...
compiling timer.c...
compiling uip_user_call.c...
compiling main.c...
compiling stm32f10x_it.c...
compiling get_arg.c...
linking...
Program Size: Code=25320 RO-data=544 RW-data=220 ZI-data=15036  
FromELF: creating hex file...
".\ucos2_uip_tcp_udp.axf" - 0 Errors, 0 Warning(s).
compiling main.c...
"..\user\main.c" - 0 Errors, 0 Warning(s).
Build target 'Ton'
compiling core_cm3.c...
compiling system_stm32f10x.c...
compiling misc.c...
compiling stm32f10x_gpio.c...
compiling stm32f10x_rcc.c...
compiling stm32f10x_spi.c...
compiling stm32f10x_usart.c...
compiling stm32f10x_tim.c...
compiling bsp_led.c...
compiling bsp_systick.c...
compiling bsp_usart.c...
compiling bsp_enc28j60.c...
compiling bsp_spi.c...
compiling bsp_pwm.c...
compiling bsp_sw.c...
compiling bsp_74hc595.c...
compiling bsp_logic.c...
compiling os_cpu_c.c...
compiling os_dbg.c...
compiling os_core.c...
compiling os_flag.c...
compiling os_mbox.c...
compiling os_mem.c...
compiling os_mutex.c...
compiling os_q.c...
compiling os_sem.c...
compiling os_task.c...
compiling os_time.c...
compiling os_tmr.c...
compiling app_mian.c...
compiling psock.c...
compiling uip.c...
compiling uip_arp.c...
compiling uip-fw.c...
compiling uiplib.c...
compiling uip-neighbor.c...
compiling uip-split.c...
compiling tapdev.c...
compiling timer.c...
compiling uip_user_call.c...
compiling stm32f10x_it.c...
compiling get_arg.c...
linking...
Program Size: Code=25320 RO-data=544 RW-data=220 ZI-data=15036  
FromELF: creating hex file...
".\ucos2_uip_tcp_udp.axf" - 0 Errors, 0 Warning(s).
Build target 'Ton'
compiling bsp_pwm.c...
linking...
Program Size: Code=25320 RO-data=544 RW-data=220 ZI-data=15036  
FromELF: creating hex file...
".\ucos2_uip_tcp_udp.axf" - 0 Errors, 0 Warning(s).
Build target 'Ton'
compiling bsp_pwm.c...
linking...
Program Size: Code=25416 RO-data=544 RW-data=220 ZI-data=15036  
FromELF: creating hex file...
".\ucos2_uip_tcp_udp.axf" - 0 Errors, 0 Warning(s).
Build target 'Ton'
compiling main.c...
linking...
Program Size: Code=25424 RO-data=544 RW-data=220 ZI-data=15036  
FromELF: creating hex file...
".\ucos2_uip_tcp_udp.axf" - 0 Errors, 0 Warning(s).
Load "C:\\Users\\admin\\Documents\\程序源码\\童光强毕业论文\\软件部分\\2017-03-20正常通信\\mdk\\project\\ucos2_uip_tcp_udp.axf" 
Load "C:\\Users\\admin\\Documents\\程序源码\\童光强毕业论文\\软件部分\\2017-03-20正常通信\\mdk\\project\\ucos2_uip_tcp_udp.axf" 
Erase Done.
Programming Done.
Verify OK.
Application running ...
Build target 'Ton'
compiling main.c...
linking...
Program Size: Code=25424 RO-data=544 RW-data=220 ZI-data=15036  
FromELF: creating hex file...
".\ucos2_uip_tcp_udp.axf" - 0 Errors, 0 Warning(s).
Load "C:\\Users\\admin\\Documents\\程序源码\\童光强毕业论文\\软件部分\\2017-03-20正常通信\\mdk\\project\\ucos2_uip_tcp_udp.axf" 
Erase Done.
Programming Done.
Verify OK.
Application running ...
Build target 'Ton'
compiling bsp_pwm.c...
compiling main.c...
linking...
Program Size: Code=25324 RO-data=544 RW-data=220 ZI-data=15036  
FromELF: creating hex file...
".\ucos2_uip_tcp_udp.axf" - 0 Errors, 0 Warning(s).
Load "C:\\Users\\admin\\Documents\\程序源码\\童光强毕业论文\\软件部分\\2017-03-20正常通信\\mdk\\project\\ucos2_uip_tcp_udp.axf" 
Erase Done.
Programming Done.
Verify OK.
Application running ...
Build target 'Ton'
compiling main.c...
linking...
Program Size: Code=25316 RO-data=544 RW-data=220 ZI-data=15036  
FromELF: creating hex file...
".\ucos2_uip_tcp_udp.axf" - 0 Errors, 0 Warning(s).
Load "C:\\Users\\admin\\Documents\\程序源码\\童光强毕业论文\\软件部分\\2017-03-20正常通信\\mdk\\project\\ucos2_uip_tcp_udp.axf" 
Erase Done.
Programming Done.
Verify OK.
Application running ...
Build target 'Ton'
compiling main.c...
linking...
Program Size: Code=25304 RO-data=544 RW-data=220 ZI-data=15036  
FromELF: creating hex file...
".\ucos2_uip_tcp_udp.axf" - 0 Errors, 0 Warning(s).
Build target 'Ton'
compiling bsp_usart.c...
compiling app_mian.c...
compiling uip_user_call.c...
compiling main.c...
linking...
Program Size: Code=25308 RO-data=544 RW-data=220 ZI-data=17084  
FromELF: creating hex file...
".\ucos2_uip_tcp_udp.axf" - 0 Errors, 0 Warning(s).
Load "C:\\Users\\admin\\Documents\\程序源码\\童光强毕业论文\\软件部分\\2017-03-20正常通信\\mdk\\project\\ucos2_uip_tcp_udp.axf" 
Erase Done.
Programming Done.
Verify OK.
Application running ...
Load "C:\\Users\\admin\\Documents\\程序源码\\童光强毕业论文\\软件部分\\2017-03-20正常通信\\mdk\\project\\ucos2_uip_tcp_udp.axf" 
Erase Done.
Programming Done.
Verify OK.
Application running ...
Load "C:\\Users\\admin\\Documents\\程序源码\\童光强毕业论文\\软件部分\\2017-03-20正常通信\\mdk\\project\\ucos2_uip_tcp_udp.axf" 
Erase Done.
Programming Done.
Verify OK.
Application running ...
Build target 'Ton'
compiling core_cm3.c...
compiling system_stm32f10x.c...
compiling misc.c...
compiling stm32f10x_gpio.c...
compiling stm32f10x_rcc.c...
compiling stm32f10x_spi.c...
compiling stm32f10x_usart.c...
compiling stm32f10x_tim.c...
compiling bsp_led.c...
compiling bsp_systick.c...
compiling bsp_usart.c...
compiling bsp_enc28j60.c...
compiling bsp_spi.c...
compiling bsp_pwm.c...
compiling bsp_sw.c...
compiling bsp_74hc595.c...
compiling bsp_logic.c...
compiling os_cpu_c.c...
compiling os_dbg.c...
compiling os_core.c...
compiling os_flag.c...
compiling os_mbox.c...
compiling os_mem.c...
compiling os_mutex.c...
compiling os_q.c...
compiling os_sem.c...
compiling os_task.c...
compiling os_time.c...
compiling os_tmr.c...
compiling app_mian.c...
compiling psock.c...
compiling uip.c...
compiling uip_arp.c...
compiling uip-fw.c...
compiling uiplib.c...
compiling uip-neighbor.c...
compiling uip-split.c...
compiling tapdev.c...
compiling timer.c...
compiling uip_user_call.c...
compiling main.c...
compiling stm32f10x_it.c...
compiling get_arg.c...
linking...
Program Size: Code=22584 RO-data=532 RW-data=208 ZI-data=16832  
FromELF: creating hex file...
".\ucos2_uip_tcp_udp.axf" - 0 Errors, 0 Warning(s).
Build target 'Ton'
assembling startup_stm32f10x_md.s...
compiling core_cm3.c...
compiling system_stm32f10x.c...
compiling misc.c...
compiling stm32f10x_gpio.c...
compiling stm32f10x_rcc.c...
compiling stm32f10x_spi.c...
compiling stm32f10x_usart.c...
compiling stm32f10x_tim.c...
compiling bsp_led.c...
compiling bsp_systick.c...
compiling bsp_usart.c...
compiling bsp_enc28j60.c...
compiling bsp_spi.c...
compiling bsp_pwm.c...
compiling bsp_sw.c...
compiling bsp_74hc595.c...
compiling bsp_logic.c...
assembling os_cpu_a.asm...
compiling os_cpu_c.c...
compiling os_dbg.c...
compiling os_core.c...
compiling os_flag.c...
compiling os_mbox.c...
compiling os_mem.c...
compiling os_mutex.c...
compiling os_q.c...
compiling os_sem.c...
compiling os_task.c...
compiling os_time.c...
compiling os_tmr.c...
compiling app_mian.c...
compiling psock.c...
compiling uip.c...
compiling uip_arp.c...
compiling uip-fw.c...
compiling uiplib.c...
compiling uip-neighbor.c...
compiling uip-split.c...
compiling tapdev.c...
compiling timer.c...
compiling uip_user_call.c...
compiling main.c...
compiling stm32f10x_it.c...
compiling get_arg.c...
linking...
Program Size: Code=22584 RO-data=532 RW-data=208 ZI-data=16832  
FromELF: creating hex file...
".\ucos2_uip_tcp_udp.axf" - 0 Errors, 0 Warning(s).
Rebuild target 'Ton'
assembling startup_stm32f10x_md.s...
compiling core_cm3.c...
compiling system_stm32f10x.c...
compiling misc.c...
compiling stm32f10x_gpio.c...
compiling stm32f10x_rcc.c...
compiling stm32f10x_spi.c...
compiling stm32f10x_usart.c...
compiling stm32f10x_tim.c...
compiling bsp_led.c...
compiling bsp_systick.c...
compiling bsp_usart.c...
compiling bsp_enc28j60.c...
compiling bsp_spi.c...
compiling bsp_pwm.c...
compiling bsp_sw.c...
compiling bsp_74hc595.c...
compiling bsp_logic.c...
assembling os_cpu_a.asm...
compiling os_cpu_c.c...
compiling os_dbg.c...
compiling os_core.c...
compiling os_flag.c...
compiling os_mbox.c...
compiling os_mem.c...
compiling os_mutex.c...
compiling os_q.c...
compiling os_sem.c...
compiling os_task.c...
compiling os_time.c...
compiling os_tmr.c...
compiling app_mian.c...
compiling psock.c...
compiling uip.c...
compiling uip_arp.c...
compiling uip-fw.c...
compiling uiplib.c...
compiling uip-neighbor.c...
compiling uip-split.c...
compiling tapdev.c...
compiling timer.c...
compiling uip_user_call.c...
compiling main.c...
compiling stm32f10x_it.c...
compiling get_arg.c...
linking...
Program Size: Code=22584 RO-data=532 RW-data=208 ZI-data=16832  
FromELF: creating hex file...
".\ucos2_uip_tcp_udp.axf" - 0 Errors, 0 Warning(s).
Load "C:\\Users\\admin\\Documents\\程序源码\\童光强毕业论文\\软件部分\\2017-03-20正常通信\\mdk\\project\\ucos2_uip_tcp_udp.axf" 
Erase Done.
Programming Done.
Verify OK.
Application running ...
Build target 'Ton'
compiling main.c...
linking...
Program Size: Code=22588 RO-data=532 RW-data=208 ZI-data=16832  
FromELF: creating hex file...
".\ucos2_uip_tcp_udp.axf" - 0 Errors, 0 Warning(s).
Load "C:\\Users\\admin\\Documents\\程序源码\\童光强毕业论文\\软件部分\\2017-03-20正常通信\\mdk\\project\\ucos2_uip_tcp_udp.axf" 
Erase Done.
Programming Done.
Verify OK.
Application running ...
Build target 'Ton'
compiling main.c...
linking...
Program Size: Code=22600 RO-data=532 RW-data=208 ZI-data=16832  
FromELF: creating hex file...
".\ucos2_uip_tcp_udp.axf" - 0 Errors, 0 Warning(s).
Load "C:\\Users\\admin\\Documents\\程序源码\\童光强毕业论文\\软件部分\\2017-03-20正常通信\\mdk\\project\\ucos2_uip_tcp_udp.axf" 
Erase Done.
Programming Done.
Verify OK.
Application running ...
Build target 'Ton'
compiling app_mian.c...
linking...
Program Size: Code=22600 RO-data=532 RW-data=208 ZI-data=16832  
FromELF: creating hex file...
".\ucos2_uip_tcp_udp.axf" - 0 Errors, 0 Warning(s).
Load "C:\\Users\\admin\\Documents\\程序源码\\童光强毕业论文\\软件部分\\2017-03-20正常通信\\mdk\\project\\ucos2_uip_tcp_udp.axf" 
Erase Done.
Programming Done.
Verify OK.
Application running ...
Build target 'Ton'
compiling main.c...
linking...
Program Size: Code=22600 RO-data=532 RW-data=208 ZI-data=16832  
FromELF: creating hex file...
".\ucos2_uip_tcp_udp.axf" - 0 Errors, 0 Warning(s).
Load "C:\\Users\\admin\\Documents\\程序源码\\童光强毕业论文\\软件部分\\2017-03-20正常通信\\mdk\\project\\ucos2_uip_tcp_udp.axf" 
Erase Done.
Programming Done.
Verify OK.
Application running ...
Build target 'Ton'
compiling bsp_pwm.c...
linking...
Program Size: Code=22612 RO-data=532 RW-data=208 ZI-data=16832  
FromELF: creating hex file...
".\ucos2_uip_tcp_udp.axf" - 0 Errors, 0 Warning(s).
Load "C:\\Users\\admin\\Documents\\程序源码\\童光强毕业论文\\软件部分\\2017-03-20正常通信\\mdk\\project\\ucos2_uip_tcp_udp.axf" 
Erase Done.
Programming Done.
Verify OK.
Application running ...
Build target 'Ton'
compiling bsp_pwm.c...
compiling main.c...
linking...
Program Size: Code=22712 RO-data=532 RW-data=208 ZI-data=16832  
FromELF: creating hex file...
".\ucos2_uip_tcp_udp.axf" - 0 Errors, 0 Warning(s).
Load "C:\\Users\\admin\\Documents\\程序源码\\童光强毕业论文\\软件部分\\2017-03-20正常通信\\mdk\\project\\ucos2_uip_tcp_udp.axf" 
Erase Done.
Programming Done.
Verify OK.
Application running ...
Build target 'Ton'
linking...
Program Size: Code=22712 RO-data=532 RW-data=208 ZI-data=16832  
FromELF: creating hex file...
".\ucos2_uip_tcp_udp.axf" - 0 Errors, 0 Warning(s).
Build target 'Ton'
compiling bsp_pwm.c...
linking...
Program Size: Code=22720 RO-data=532 RW-data=208 ZI-data=16832  
FromELF: creating hex file...
".\ucos2_uip_tcp_udp.axf" - 0 Errors, 0 Warning(s).
Load "C:\\Users\\admin\\Documents\\程序源码\\童光强毕业论文\\软件部分\\2017-03-20正常通信\\mdk\\project\\ucos2_uip_tcp_udp.axf" 
Erase Done.
Programming Done.
Verify OK.
Application running ...
Build target 'Ton'
compiling main.c...
linking...
Program Size: Code=22720 RO-data=532 RW-data=208 ZI-data=16832  
FromELF: creating hex file...
".\ucos2_uip_tcp_udp.axf" - 0 Errors, 0 Warning(s).
Load "C:\\Users\\admin\\Documents\\程序源码\\童光强毕业论文\\软件部分\\2017-03-20正常通信\\mdk\\project\\ucos2_uip_tcp_udp.axf" 
Erase Done.
Programming Done.
Verify OK.
Application running ...
Build target 'Ton'
compiling bsp_pwm.c...
linking...
Program Size: Code=22728 RO-data=532 RW-data=208 ZI-data=16832  
FromELF: creating hex file...
".\ucos2_uip_tcp_udp.axf" - 0 Errors, 0 Warning(s).
Load "C:\\Users\\admin\\Documents\\程序源码\\童光强毕业论文\\软件部分\\2017-03-20正常通信\\mdk\\project\\ucos2_uip_tcp_udp.axf" 
Erase Done.
Programming Done.
Verify OK.
Application running ...
Build target 'Ton'
compiling bsp_pwm.c...
compiling main.c...
linking...
Program Size: Code=22736 RO-data=532 RW-data=208 ZI-data=16832  
FromELF: creating hex file...
".\ucos2_uip_tcp_udp.axf" - 0 Errors, 0 Warning(s).
Load "C:\\Users\\admin\\Documents\\程序源码\\童光强毕业论文\\软件部分\\2017-03-20正常通信\\mdk\\project\\ucos2_uip_tcp_udp.axf" 
Erase Done.
Programming Done.
Verify OK.
Application running ...
Build target 'Ton'
compiling app_mian.c...
linking...
Program Size: Code=22736 RO-data=532 RW-data=208 ZI-data=16832  
FromELF: creating hex file...
".\ucos2_uip_tcp_udp.axf" - 0 Errors, 0 Warning(s).
Load "C:\\Users\\admin\\Documents\\程序源码\\童光强毕业论文\\软件部分\\2017-03-20正常通信\\mdk\\project\\ucos2_uip_tcp_udp.axf" 
Erase Done.
Programming Done.
Verify OK.
Application running ...
Build target 'Ton'
compiling app_mian.c...
linking...
Program Size: Code=22736 RO-data=532 RW-data=208 ZI-data=16832  
FromELF: creating hex file...
".\ucos2_uip_tcp_udp.axf" - 0 Errors, 0 Warning(s).
Load "C:\\Users\\admin\\Documents\\程序源码\\童光强毕业论文\\软件部分\\2017-03-20正常通信\\mdk\\project\\ucos2_uip_tcp_udp.axf" 
Erase Done.
Programming Done.
Verify OK.
Application running ...
Build target 'Ton'
compiling app_mian.c...
linking...
Program Size: Code=22736 RO-data=532 RW-data=208 ZI-data=16832  
FromELF: creating hex file...
".\ucos2_uip_tcp_udp.axf" - 0 Errors, 0 Warning(s).
Load "C:\\Users\\admin\\Documents\\程序源码\\童光强毕业论文\\软件部分\\2017-03-20正常通信\\mdk\\project\\ucos2_uip_tcp_udp.axf" 
Erase Done.
Programming Done.
Verify OK.
Application running ...
Build target 'Ton'
compiling app_mian.c...
linking...
Program Size: Code=22736 RO-data=532 RW-data=208 ZI-data=16832  
FromELF: creating hex file...
".\ucos2_uip_tcp_udp.axf" - 0 Errors, 0 Warning(s).
Load "C:\\Users\\admin\\Documents\\程序源码\\童光强毕业论文\\软件部分\\2017-03-20正常通信\\mdk\\project\\ucos2_uip_tcp_udp.axf" 
Erase Done.
Programming Done.
Verify OK.
Application running ...
