<html>
<body>
<pre>
<h1>礦ision Build Log</h1>
<h2>Project:</h2>
C:\Users\admin\Documents\程序源码\童光强毕业论文\软件部分\2017-03-20正常通信\mdk\project\ucos2_uip_tcp_udp.uvproj
Project File Date:  03/21/2017

<h2>Output:</h2>
Build target 'Ton'
compiling bsp_usart.c...
compiling main.c...
linking...
Program Size: Code=23340 RO-data=532 RW-data=208 ZI-data=19424  
FromELF: creating hex file...
".\ucos2_uip_tcp_udp.axf" - 0 Errors, 0 Warning(s).
Load "C:\\Users\\admin\\Documents\\程序源码\\童光强毕业论文\\软件部分\\2017-03-20正常通信\\mdk\\project\\ucos2_uip_tcp_udp.axf" 
Erase Done.
Programming Done.
Verify OK.
Application running ...
Build target 'Ton'
compiling app_mian.c...
linking...
Program Size: Code=23360 RO-data=532 RW-data=208 ZI-data=19424  
FromELF: creating hex file...
".\ucos2_uip_tcp_udp.axf" - 0 Errors, 0 Warning(s).
Load "C:\\Users\\admin\\Documents\\程序源码\\童光强毕业论文\\软件部分\\2017-03-20正常通信\\mdk\\project\\ucos2_uip_tcp_udp.axf" 
Erase Done.
Programming Done.
Verify OK.
Application running ...
