ARM Linker, 5.03 [Build 76] [MDK-ARM Standard]

==============================================================================

Section Cross References

    startup_stm32f10x_md.o(STACK) refers (Special) to heapauxi.o(.text) for __use_two_region_memory
    startup_stm32f10x_md.o(HEAP) refers (Special) to heapauxi.o(.text) for __use_two_region_memory
    startup_stm32f10x_md.o(RESET) refers (Special) to heapauxi.o(.text) for __use_two_region_memory
    startup_stm32f10x_md.o(RESET) refers to startup_stm32f10x_md.o(STACK) for __initial_sp
    startup_stm32f10x_md.o(RESET) refers to startup_stm32f10x_md.o(.text) for Reset_Handler
    startup_stm32f10x_md.o(RESET) refers to stm32f10x_it.o(.text) for NMI_Handler
    startup_stm32f10x_md.o(RESET) refers to os_cpu_a.o(.text) for PendSV_Handler
    startup_stm32f10x_md.o(.text) refers (Special) to heapauxi.o(.text) for __use_two_region_memory
    startup_stm32f10x_md.o(.text) refers to system_stm32f10x.o(.text) for SystemInit
    startup_stm32f10x_md.o(.text) refers to __main.o(!!!main) for __main
    startup_stm32f10x_md.o(.text) refers to startup_stm32f10x_md.o(HEAP) for Heap_Mem
    startup_stm32f10x_md.o(.text) refers to startup_stm32f10x_md.o(STACK) for Stack_Mem
    system_stm32f10x.o(.text) refers to system_stm32f10x.o(.data) for .data
    stm32f10x_gpio.o(.text) refers to stm32f10x_rcc.o(.text) for RCC_APB2PeriphResetCmd
    stm32f10x_rcc.o(.text) refers to stm32f10x_rcc.o(.data) for .data
    stm32f10x_spi.o(.text) refers to stm32f10x_rcc.o(.text) for RCC_APB2PeriphResetCmd
    stm32f10x_usart.o(.text) refers to stm32f10x_rcc.o(.text) for RCC_APB2PeriphResetCmd
    stm32f10x_tim.o(.text) refers to stm32f10x_rcc.o(.text) for RCC_APB2PeriphResetCmd
    bsp_led.o(.text) refers to stm32f10x_rcc.o(.text) for RCC_APB2PeriphClockCmd
    bsp_led.o(.text) refers to stm32f10x_gpio.o(.text) for GPIO_Init
    bsp_systick.o(.text) refers to misc.o(.text) for SysTick_CLKSourceConfig
    bsp_systick.o(.text) refers to os_time.o(.text) for OSTimeDly
    bsp_systick.o(.text) refers to system_stm32f10x.o(.data) for SystemCoreClock
    bsp_systick.o(.text) refers to bsp_systick.o(.data) for .data
    bsp_systick.o(.text) refers to os_core.o(.data) for OSRunning
    bsp_usart.o(.text) refers to stm32f10x_rcc.o(.text) for RCC_APB2PeriphClockCmd
    bsp_usart.o(.text) refers to stm32f10x_gpio.o(.text) for GPIO_Init
    bsp_usart.o(.text) refers to stm32f10x_usart.o(.text) for USART_Init
    bsp_usart.o(.text) refers to fmul.o(x$fpl$fmul) for __aeabi_fmul
    bsp_usart.o(.text) refers to ffix.o(x$fpl$ffix) for __aeabi_f2iz
    bsp_enc28j60.o(.text) refers to stm32f10x_gpio.o(.text) for GPIO_ResetBits
    bsp_enc28j60.o(.text) refers to bsp_spi.o(.text) for spi_rw
    bsp_enc28j60.o(.text) refers to stm32f10x_rcc.o(.text) for RCC_APB2PeriphClockCmd
    bsp_enc28j60.o(.text) refers to bsp_enc28j60.o(.data) for .data
    bsp_spi.o(.text) refers to stm32f10x_rcc.o(.text) for RCC_APB2PeriphClockCmd
    bsp_spi.o(.text) refers to stm32f10x_gpio.o(.text) for GPIO_Init
    bsp_spi.o(.text) refers to stm32f10x_spi.o(.text) for SPI_Cmd
    bsp_pwm.o(.text) refers to stm32f10x_rcc.o(.text) for RCC_APB2PeriphClockCmd
    bsp_pwm.o(.text) refers to stm32f10x_gpio.o(.text) for GPIO_Init
    bsp_pwm.o(.text) refers to stm32f10x_tim.o(.text) for TIM_DeInit
    bsp_pwm.o(.text) refers to bsp_pwm.o(.data) for .data
    bsp_sw.o(.text) refers to stm32f10x_rcc.o(.text) for RCC_APB2PeriphClockCmd
    bsp_sw.o(.text) refers to stm32f10x_gpio.o(.text) for GPIO_Init
    bsp_logic.o(.text) refers to stm32f10x_rcc.o(.text) for RCC_APB2PeriphClockCmd
    bsp_logic.o(.text) refers to stm32f10x_gpio.o(.text) for GPIO_Init
    bsp_logic.o(.text) refers to bsp_74hc595.o(.text) for _74hc595_send_n_char
    os_cpu_a.o(.text) refers to os_core.o(.data) for OSRunning
    os_cpu_a.o(.text) refers to os_cpu_c.o(.text) for OSTaskSwHook
    os_core.o(.text) refers to os_cpu_a.o(.text) for OS_CPU_SR_Save
    os_core.o(.text) refers to os_task.o(.text) for OSTaskStkChk
    os_core.o(.text) refers to os_core.o(.data) for .data
    os_core.o(.text) refers to os_core.o(.constdata) for .constdata
    os_core.o(.text) refers to os_core.o(.bss) for .bss
    os_core.o(.text) refers to os_time.o(.text) for OSTimeDly
    os_core.o(.text) refers to os_cpu_c.o(.text) for OSTaskStatHook
    os_core.o(.text) refers to os_q.o(.text) for OS_QInit
    os_q.o(.text) refers to os_cpu_a.o(.text) for OS_CPU_SR_Save
    os_q.o(.text) refers to os_core.o(.text) for OS_EventWaitListInit
    os_q.o(.text) refers to os_core.o(.data) for OSIntNesting
    os_q.o(.text) refers to os_core.o(.data) for OSQFreeList
    os_q.o(.text) refers to os_core.o(.bss) for OSQTbl
    os_sem.o(.text) refers to os_cpu_a.o(.text) for OS_CPU_SR_Save
    os_sem.o(.text) refers to os_core.o(.text) for OS_EventWaitListInit
    os_sem.o(.text) refers to os_core.o(.data) for OSIntNesting
[...]
    ..\library\src\stm32f10x_spi.c           0x00000000   Number         0  stm32f10x_spi.o ABSOLUTE
    ..\library\src\stm32f10x_tim.c           0x00000000   Number         0  stm32f10x_tim.o ABSOLUTE
    ..\library\src\stm32f10x_usart.c         0x00000000   Number         0  stm32f10x_usart.o ABSOLUTE
    ..\os\core\os_core.c                     0x00000000   Number         0  os_core.o ABSOLUTE
    ..\os\core\os_flag.c                     0x00000000   Number         0  os_flag.o ABSOLUTE
    ..\os\core\os_mbox.c                     0x00000000   Number         0  os_mbox.o ABSOLUTE
    ..\os\core\os_mem.c                      0x00000000   Number         0  os_mem.o ABSOLUTE
    ..\os\core\os_mutex.c                    0x00000000   Number         0  os_mutex.o ABSOLUTE
    ..\os\core\os_q.c                        0x00000000   Number         0  os_q.o ABSOLUTE
    ..\os\core\os_sem.c                      0x00000000   Number         0  os_sem.o ABSOLUTE
    ..\os\core\os_task.c                     0x00000000   Number         0  os_task.o ABSOLUTE
    ..\os\core\os_time.c                     0x00000000   Number         0  os_time.o ABSOLUTE
    ..\os\core\os_tmr.c                      0x00000000   Number         0  os_tmr.o ABSOLUTE
    ..\os\ports\os_cpu_a.asm                 0x00000000   Number         0  os_cpu_a.o ABSOLUTE
    ..\os\ports\os_cpu_c.c                   0x00000000   Number         0  os_cpu_c.o ABSOLUTE
    ..\os\ports\os_dbg.c                     0x00000000   Number         0  os_dbg.o ABSOLUTE
    ..\os_app\app_mian.c                     0x00000000   Number         0  app_mian.o ABSOLUTE
    ..\startup\startup_stm32f10x_md.s        0x00000000   Number         0  startup_stm32f10x_md.o ABSOLUTE
    ..\uip-1.0\uip\psock.c                   0x00000000   Number         0  psock.o ABSOLUTE
    ..\uip-1.0\uip\uip-fw.c                  0x00000000   Number         0  uip-fw.o ABSOLUTE
    ..\uip-1.0\uip\uip-neighbor.c            0x00000000   Number         0  uip-neighbor.o ABSOLUTE
    ..\uip-1.0\uip\uip-split.c               0x00000000   Number         0  uip-split.o ABSOLUTE
    ..\uip-1.0\uip\uip.c                     0x00000000   Number         0  uip.o ABSOLUTE
    ..\uip-1.0\uip\uip_arp.c                 0x00000000   Number         0  uip_arp.o ABSOLUTE
    ..\uip-1.0\uip\uiplib.c                  0x00000000   Number         0  uiplib.o ABSOLUTE
    ..\uip-app\tapdev.c                      0x00000000   Number         0  tapdev.o ABSOLUTE
    ..\uip-app\timer.c                       0x00000000   Number         0  timer.o ABSOLUTE
    ..\uip-app\uip_user_call.c               0x00000000   Number         0  uip_user_call.o ABSOLUTE
    ..\user\get_arg.c                        0x00000000   Number         0  get_arg.o ABSOLUTE
    ..\user\main.c                           0x00000000   Number         0  main.o ABSOLUTE
    ..\user\stm32f10x_it.c                   0x00000000   Number         0  stm32f10x_it.o ABSOLUTE
    dc.s                                     0x00000000   Number         0  dc.o ABSOLUTE
    RESET                                    0x08000000   Section      236  startup_stm32f10x_md.o(RESET)
    !!!main                                  0x080000ec   Section        8  __main.o(!!!main)
    !!!scatter                               0x080000f4   Section       52  __scatter.o(!!!scatter)
    !!handler_copy                           0x08000128   Section       26  __scatter_copy.o(!!handler_copy)
    !!handler_zi                             0x08000144   Section       28  __scatter_zi.o(!!handler_zi)
    .ARM.Collect$$libinit$$00000000          0x08000160   Section        2  libinit.o(.ARM.Collect$$libinit$$00000000)
    .ARM.Collect$$libinit$$00000002          0x08000162   Section        0  libinit2.o(.ARM.Collect$$libinit$$00000002)
    .ARM.Collect$$libinit$$00000008          0x08000162   Section        0  libinit2.o(.ARM.Collect$$libinit$$00000008)
    .ARM.Collect$$libinit$$0000000A          0x08000162   Section        0  libinit2.o(.ARM.Collect$$libinit$$0000000A)
    .ARM.Collect$$libinit$$0000000C          0x08000162   Section        0  libinit2.o(.ARM.Collect$$libinit$$0000000C)
    .ARM.Collect$$libinit$$0000000F          0x08000162   Section        0  libinit2.o(.ARM.Collect$$libinit$$0000000F)
    .ARM.Collect$$libinit$$00000011          0x08000162   Section        0  libinit2.o(.ARM.Collect$$libinit$$00000011)
    .ARM.Collect$$libinit$$00000013          0x08000162   Section        0  libinit2.o(.ARM.Collect$$libinit$$00000013)
    .ARM.Collect$$libinit$$00000015          0x08000162   Section        0  libinit2.o(.ARM.Collect$$libinit$$00000015)
    .ARM.Collect$$libinit$$00000017          0x08000162   Section        0  libinit2.o(.ARM.Collect$$libinit$$00000017)
    .ARM.Collect$$libinit$$00000019          0x08000162   Section        0  libinit2.o(.ARM.Collect$$libinit$$00000019)
    .ARM.Collect$$libinit$$0000001B          0x08000162   Section        0  libinit2.o(.ARM.Collect$$libinit$$0000001B)
    .ARM.Collect$$libinit$$0000001D          0x08000162   Section        0  libinit2.o(.ARM.Collect$$libinit$$0000001D)
    .ARM.Collect$$libinit$$0000001F          0x08000162   Section        0  libinit2.o(.ARM.Collect$$libinit$$0000001F)
    .ARM.Collect$$libinit$$00000021          0x08000162   Section        0  libinit2.o(.ARM.Collect$$libinit$$00000021)
    .ARM.Collect$$libinit$$00000023          0x08000162   Section        0  libinit2.o(.ARM.Collect$$libinit$$00000023)
    .ARM.Collect$$libinit$$0000002A          0x08000162   Section        0  libinit2.o(.ARM.Collect$$libinit$$0000002A)
    .ARM.Collect$$libinit$$0000002C          0x08000162   Section        0  libinit2.o(.ARM.Collect$$libinit$$0000002C)
    .ARM.Collect$$libinit$$0000002E          0x08000162   Section        0  libinit2.o(.ARM.Collect$$libinit$$0000002E)
    .ARM.Collect$$libinit$$00000030          0x08000162   Section        0  libinit2.o(.ARM.Collect$$libinit$$00000030)
    .ARM.Collect$$libinit$$00000031          0x08000162   Section        2  libinit2.o(.ARM.Collect$$libinit$$00000031)
    .ARM.Collect$$libshutdown$$00000000      0x08000164   Section        2  libshutdown.o(.ARM.Collect$$libshutdown$$00000000)
    .ARM.Collect$$libshutdown$$00000003      0x08000166   Section        0  libshutdown2.o(.ARM.Collect$$libshutdown$$00000003)
    .ARM.Collect$$libshutdown$$00000006      0x08000166   Section        0  libshutdown2.o(.ARM.Collect$$libshutdown$$00000006)
    .ARM.Collect$$libshutdown$$00000009      0x08000166   Section        0  libshutdown2.o(.ARM.Collect$$libshutdown$$00000009)
    .ARM.Collect$$libshutdown$$0000000B      0x08000166   Section        0  libshutdown2.o(.ARM.Collect$$libshutdown$$0000000B)
    .ARM.Collect$$libshutdown$$0000000E      0x08000166   Section        0  libshutdown2.o(.ARM.Collect$$libshutdown$$0000000E)
    .ARM.Collect$$libshutdown$$0000000F      0x08000166   Section        2  libshutdown2.o(.ARM.Collect$$libshutdown$$0000000F)
    .ARM.Collect$$rtentry$$00000000          0x08000168   Section        0  rtentry.o(.ARM.Collect$$rtentry$$00000000)
    .ARM.Collect$$rtentry$$00000002          0x08000168   Section        0  rtentry2.o(.ARM.Collect$$rtentry$$00000002)
    .ARM.Collect$$rtentry$$00000004          0x08000168   Section        6  rtentry4.o(.ARM.Collect$$rtentry$$00000004)
    .ARM.Collect$$rtentry$$00000009          0x0800016e   Section        0  rtentry2.o(.ARM.Collect$$rtentry$$00000009)
    .ARM.Collect$$rtentry$$0000000A          0x0800016e   Section        4  rtentry2.o(.ARM.Collect$$rtentry$$0000000A)
    .ARM.Collect$$rtentry$$0000000C          0x08000172   Section        0  rtentry2.o(.ARM.Collect$$rtentry$$0000000C)
    .ARM.Collect$$rtentry$$0000000D          0x08000172   Section        8  rtentry2.o(.ARM.Collect$$rtentry$$0000000D)
    .ARM.Collect$$rtexit$$00000000           0x0800017a   Section        2  rtexit.o(.ARM.Collect$$rtexit$$00000000)
    .ARM.Collect$$rtexit$$00000002           0x0800017c   Section        0  rtexit2.o(.ARM.Collect$$rtexit$$00000002)
    .ARM.Collect$$rtexit$$00000003           0x0800017c   Section        4  rtexit2.o(.ARM.Collect$$rtexit$$00000003)
    .ARM.Collect$$rtexit$$00000004           0x08000180   Section        6  rtexit2.o(.ARM.Collect$$rtexit$$00000004)
    .text                                    0x08000188   Section       64  startup_stm32f10x_md.o(.text)
    .text                                    0x080001c8   Section        0  system_stm32f10x.o(.text)
    .text                                    0x08000320   Section        0  misc.o(.text)
    .text                                    0x080003e4   Section        0  stm32f10x_gpio.o(.text)
    .text                                    0x080006b4   Section        0  stm32f10x_rcc.o(.text)
    .text                                    0x08000990   Section        0  stm32f10x_spi.o(.text)
    .text                                    0x08000c40   Section        0  stm32f10x_usart.o(.text)
    .text                                    0x08000f9c   Section        0  stm32f10x_tim.o(.text)
    TI2_Config                               0x08001479   Thumb Code   124  stm32f10x_tim.o(.text)
    TI1_Config                               0x08001bfd   Thumb Code   122  stm32f10x_tim.o(.text)
    .text                                    0x08001c78   Section        0  bsp_led.o(.text)
    .text                                    0x08001cc4   Section        0  bsp_systick.o(.text)
    .text                                    0x08001d94   Section        0  bsp_usart.o(.text)
    .text                                    0x08002000   Section        0  bsp_enc28j60.o(.text)
    .text                                    0x08002648   Section        0  bsp_spi.o(.text)
    .text                                    0x08002724   Section        0  bsp_pwm.o(.text)
    .text                                    0x080028c4   Section      164  os_cpu_a.o(.text)
    .text                                    0x08002968   Section        0  os_cpu_c.o(.text)
    .text                                    0x080029f0   Section        0  os_core.o(.text)
    .text                                    0x0800345c   Section        0  os_q.o(.text)
    .text                                    0x080039ac   Section        0  os_task.o(.text)
    .text                                    0x08003dcc   Section        0  os_time.o(.text)
    .text                                    0x08003f5c   Section        0  app_mian.o(.text)
    sig_process_status                       0x080040a1   Thumb Code    54  app_mian.o(.text)
    .text                                    0x08004190   Section        0  uip.o(.text)
    uip_add_rcv_nxt                          0x08004401   Thumb Code    38  uip.o(.text)
    chksum                                   0x08004d41   Thumb Code    62  uip.o(.text)
    .text                                    0x08004d88   Section        0  uip_arp.o(.text)
    uip_arp_update                           0x08004ded   Thumb Code   194  uip_arp.o(.text)
    .text                                    0x080050a8   Section        0  tapdev.o(.text)
    .text                                    0x08005104   Section        0  timer.o(.text)
    .text                                    0x0800514c   Section        0  uip_user_call.o(.text)
    .text                                    0x08005390   Section        0  main.o(.text)
    .text                                    0x08005408   Section        0  stm32f10x_it.o(.text)
    .text                                    0x0800543c   Section        0  get_arg.o(.text)
    .text                                    0x080054fe   Section        0  memcmp.o(.text)
    .text                                    0x08005556   Section        0  strcpy.o(.text)
    .text                                    0x0800559e   Section        0  strlen.o(.text)
    .text                                    0x080055dc   Section        0  strcat.o(.text)
    .text                                    0x080055f4   Section      138  rt_memcpy_v6.o(.text)
    .text                                    0x0800567e   Section       68  rt_memclr.o(.text)
    .text                                    0x080056c2   Section        0  heapauxi.o(.text)
    .text                                    0x080056c8   Section      100  rt_memcpy_w.o(.text)
    .text                                    0x0800572c   Section       78  rt_memclr_w.o(.text)
    .text                                    0x0800577a   Section       74  sys_stackheap_outer.o(.text)
    .text                                    0x080057c4   Section        0  exit.o(.text)
    .text                                    0x080057d0   Section        8  libspace.o(.text)
    .text                                    0x080057d8   Section        2  use_no_semi.o(.text)
    .text                                    0x080057da   Section        0  indicate_semi.o(.text)
    .text                                    0x080057dc   Section        0  sys_exit.o(.text)
    i.__ARM_common_memclr4_6                 0x080057e8   Section        0  uip_arp.o(i.__ARM_common_memclr4_6)
    i.__ARM_common_memset4_6                 0x080057f2   Section        0  uip_arp.o(i.__ARM_common_memset4_6)
    x$fpl$ffix                               0x08005804   Section       54  ffix.o(x$fpl$ffix)
    x$fpl$fmul                               0x0800583c   Section      258  fmul.o(x$fpl$fmul)
    x$fpl$fnaninf                            0x0800593e   Section      140  fnaninf.o(x$fpl$fnaninf)
    x$fpl$fretinf                            0x080059ca   Section       10  fretinf.o(x$fpl$fretinf)
    .constdata                               0x080059d4   Section      256  os_core.o(.constdata)
    x$fpl$usenofp                            0x080059d4   Section        0  usenofp.o(x$fpl$usenofp)
    .constdata                               0x08005ad4   Section        6  uip_arp.o(.constdata)
    broadcast_ethaddr                        0x08005ad4   Data           6  uip_arp.o(.constdata)
    .data                                    0x20000000   Section       20  system_stm32f10x.o(.data)
    .data                                    0x20000014   Section       20  stm32f10x_rcc.o(.data)
    ADCPrescTable                            0x20000014   Data           4  stm32f10x_rcc.o(.data)
    APBAHBPrescTable                         0x20000018   Data          16  stm32f10x_rcc.o(.data)
    .data                                    0x20000028   Section        4  bsp_systick.o(.data)
    fac_us                                   0x20000028   Data           1  bsp_systick.o(.data)
    fac_ms                                   0x2000002a   Data           2  bsp_systick.o(.data)
    .data                                    0x2000002c   Section        4  bsp_enc28j60.o(.data)
    enc28j60_bank                            0x2000002c   Data           1  bsp_enc28j60.o(.data)
    next_pkt                                 0x2000002e   Data           2  bsp_enc28j60.o(.data)
    .data                                    0x20000030   Section        2  bsp_pwm.o(.data)
    pwm_freq                                 0x20000030   Data           2  bsp_pwm.o(.data)
    .data                                    0x20000034   Section       56  os_core.o(.data)
    .data                                    0x2000006c   Section        4  os_core.o(.data)
    .data                                    0x20000070   Section        4  app_mian.o(.data)
    .data                                    0x20000074   Section        6  uip.o(.data)
    .data                                    0x2000007c   Section       40  uip.o(.data)
    c                                        0x2000007d   Data           1  uip.o(.data)
    opt                                      0x2000007e   Data           1  uip.o(.data)
    ipid                                     0x20000084   Data           2  uip.o(.data)
    lastport                                 0x20000086   Data           2  uip.o(.data)
    tmp16                                    0x20000088   Data           2  uip.o(.data)
    iss                                      0x2000009c   Data           4  uip.o(.data)
    .data                                    0x200000a4   Section        4  uip.o(.data)
    .data                                    0x200000a8   Section        4  uip.o(.data)
    .data                                    0x200000ac   Section        8  uip_arp.o(.data)
    i                                        0x200000ac   Data           1  uip_arp.o(.data)
    c                                        0x200000ad   Data           1  uip_arp.o(.data)
    arptime                                  0x200000ae   Data           1  uip_arp.o(.data)
    tmpage                                   0x200000af   Data           1  uip_arp.o(.data)
    ipaddr                                   0x200000b0   Data           4  uip_arp.o(.data)
    .data                                    0x200000b4   Section       12  tapdev.o(.data)
    ethernet_mac                             0x200000b4   Data           6  tapdev.o(.data)
    .data                                    0x200000c0   Section        2  timer.o(.data)
    .data                                    0x200000c2   Section       10  uip_user_call.o(.data)
    i                                        0x200000c3   Data           1  uip_user_call.o(.data)
    periodic_timer                           0x200000c4   Data           4  uip_user_call.o(.data)
    arp_timer                                0x200000c8   Data           4  uip_user_call.o(.data)
    .bss                                     0x200000cc   Section     4288  os_core.o(.bss)
    .bss                                     0x2000118c   Section       96  os_core.o(.bss)
    .bss                                     0x200011ec   Section      256  app_mian.o(.bss)
    .bss                                     0x200012ec   Section    12544  app_mian.o(.bss)
    .bss                                     0x200043ec   Section      192  uip.o(.bss)
    .bss                                     0x200044ac   Section       96  uip_arp.o(.bss)
    arp_table                                0x200044ac   Data          96  uip_arp.o(.bss)
    .bss                                     0x2000450c   Section      192  uip_user_call.o(.bss)
    .bss                                     0x200045cc   Section      128  get_arg.o(.bss)
    .bss                                     0x2000464c   Section       96  libspace.o(.bss)
    HEAP                                     0x200046b0   Section      512  startup_stm32f10x_md.o(HEAP)
    Heap_Mem                                 0x200046b0   Data         512  startup_stm32f10x_md.o(HEAP)
    STACK                                    0x200048b0   Section     1024  startup_stm32f10x_md.o(STACK)
    Stack_Mem                                0x200048b0   Data        1024  startup_stm32f10x_md.o(STACK)
    __initial_sp                             0x20004cb0   Data           0  startup_stm32f10x_md.o(STACK)

    Global Symbols

    Symbol Name                              Value     Ov Type        Size  Object(Section)

    BuildAttributes$$THM_ISAv4$P$D$K$B$S$PE$A:L22UL41UL21$X:L11$S22US41US21$IEEE1$IW$USESV6$~STKCKD$USESV7$~SHL$OTIME$ROPI$EBA8$UX$STANDARDLIB$REQ8$PRES8$EABIv2 0x00000000   Number         0  anon$$obj.o ABSOLUTE
    __ARM_use_no_argv                        0x00000000   Number         0  main.o ABSOLUTE
    __ARM_exceptions_init                     - Undefined Weak Reference
    __alloca_initialize                       - Undefined Weak Reference
    __cpp_initialize__aeabi_                  - Undefined Weak Reference
    __cxa_finalize                            - Undefined Weak Reference
    __rt_locale                               - Undefined Weak Reference
    __sigvec_lookup                           - Undefined Weak Reference
    __user_heap_extent                        - Undefined Weak Reference
    _atexit_init                              - Undefined Weak Reference
    _call_atexit_fns                          - Undefined Weak Reference
    _clock_init                               - Undefined Weak Reference
    _fp_trap_init                             - Undefined Weak Reference
    _fp_trap_shutdown                         - Undefined Weak Reference
    _get_lc_collate                           - Undefined Weak Reference
    _get_lc_ctype                             - Undefined Weak Reference
    _get_lc_monetary                          - Undefined Weak Reference
    _get_lc_numeric                           - Undefined Weak Reference
    _get_lc_time                              - Undefined Weak Reference
    _getenv_init                              - Undefined Weak Reference
    _handle_redirection                       - Undefined Weak Reference
    _mutex_acquire                            - Undefined Weak Reference
    _mutex_free                               - Undefined Weak Reference
    _mutex_release                            - Undefined Weak Reference
    _rand_init                                - Undefined Weak Reference
    _signal_finish                            - Undefined Weak Reference
    _signal_init                              - Undefined Weak Reference
    __Vectors_Size                           0x000000ec   Number         0  startup_stm32f10x_md.o ABSOLUTE
    __Vectors                                0x08000000   Data           4  startup_stm32f10x_md.o(RESET)
    __Vectors_End                            0x080000ec   Data           0  startup_stm32f10x_md.o(RESET)
    __main                                   0x080000ed   Thumb Code     8  __main.o(!!!main)
    __scatterload                            0x080000f5   Thumb Code     0  __scatter.o(!!!scatter)
    __scatterload_rt2                        0x080000f5   Thumb Code    44  __scatter.o(!!!scatter)
    __scatterload_rt2_thumb_only             0x080000f5   Thumb Code     0  __scatter.o(!!!scatter)
    __scatterload_null                       0x08000103   Thumb Code     0  __scatter.o(!!!scatter)
    __scatterload_copy                       0x08000129   Thumb Code    26  __scatter_copy.o(!!handler_copy)
    __scatterload_zeroinit                   0x08000145   Thumb Code    28  __scatter_zi.o(!!handler_zi)
    __rt_lib_init                            0x08000161   Thumb Code     0  libinit.o(.ARM.Collect$$libinit$$00000000)
    __rt_lib_init_alloca_1                   0x08000163   Thumb Code     0  libinit2.o(.ARM.Collect$$libinit$$0000002C)
    __rt_lib_init_argv_1                     0x08000163   Thumb Code     0  libinit2.o(.ARM.Collect$$libinit$$0000002A)
    __rt_lib_init_atexit_1                   0x08000163   Thumb Code     0  libinit2.o(.ARM.Collect$$libinit$$00000019)
    __rt_lib_init_clock_1                    0x08000163   Thumb Code     0  libinit2.o(.ARM.Collect$$libinit$$0000001F)
    __rt_lib_init_cpp_1                      0x08000163   Thumb Code     0  libinit2.o(.ARM.Collect$$libinit$$00000030)
    __rt_lib_init_exceptions_1               0x08000163   Thumb Code     0  libinit2.o(.ARM.Collect$$libinit$$0000002E)
    __rt_lib_init_fp_1                       0x08000163   Thumb Code     0  libinit2.o(.ARM.Collect$$libinit$$00000002)
    __rt_lib_init_fp_trap_1                  0x08000163   Thumb Code     0  libinit2.o(.ARM.Collect$$libinit$$0000001D)
    __rt_lib_init_getenv_1                   0x08000163   Thumb Code     0  libinit2.o(.ARM.Collect$$libinit$$00000021)
    __rt_lib_init_heap_1                     0x08000163   Thumb Code     0  libinit2.o(.ARM.Collect$$libinit$$00000008)
    __rt_lib_init_lc_collate_1               0x08000163   Thumb Code     0  libinit2.o(.ARM.Collect$$libinit$$0000000F)
    __rt_lib_init_lc_ctype_1                 0x08000163   Thumb Code     0  libinit2.o(.ARM.Collect$$libinit$$00000011)
    __rt_lib_init_lc_monetary_1              0x08000163   Thumb Code     0  libinit2.o(.ARM.Collect$$libinit$$00000013)
    __rt_lib_init_lc_numeric_1               0x08000163   Thumb Code     0  libinit2.o(.ARM.Collect$$libinit$$00000015)
    __rt_lib_init_lc_time_1                  0x08000163   Thumb Code     0  libinit2.o(.ARM.Collect$$libinit$$00000017)
    __rt_lib_init_rand_1                     0x08000163   Thumb Code     0  libinit2.o(.ARM.Collect$$libinit$$0000000C)
    __rt_lib_init_return                     0x08000163   Thumb Code     0  libinit2.o(.ARM.Collect$$libinit$$00000031)
    __rt_lib_init_signal_1                   0x08000163   Thumb Code     0  libinit2.o(.ARM.Collect$$libinit$$0000001B)
    __rt_lib_init_stdio_1                    0x08000163   Thumb Code     0  libinit2.o(.ARM.Collect$$libinit$$00000023)
    __rt_lib_init_user_alloc_1               0x08000163   Thumb Code     0  libinit2.o(.ARM.Collect$$libinit$$0000000A)
    __rt_lib_shutdown                        0x08000165   Thumb Code     0  libshutdown.o(.ARM.Collect$$libshutdown$$00000000)
    __rt_lib_shutdown_fp_trap_1              0x08000167   Thumb Code     0  libshutdown2.o(.ARM.Collect$$libshutdown$$00000006)
    __rt_lib_shutdown_heap_1                 0x08000167   Thumb Code     0  libshutdown2.o(.ARM.Collect$$libshutdown$$0000000E)
    __rt_lib_shutdown_return                 0x08000167   Thumb Code     0  libshutdown2.o(.ARM.Collect$$libshutdown$$0000000F)
    __rt_lib_shutdown_signal_1               0x08000167   Thumb Code     0  libshutdown2.o(.ARM.Collect$$libshutdown$$00000009)
    __rt_lib_shutdown_stdio_1                0x08000167   Thumb Code     0  libshutdown2.o(.ARM.Collect$$libshutdown$$00000003)
    __rt_lib_shutdown_user_alloc_1           0x08000167   Thumb Code     0  libshutdown2.o(.ARM.Collect$$libshutdown$$0000000B)
    __rt_entry                               0x08000169   Thumb Code     0  rtentry.o(.ARM.Collect$$rtentry$$00000000)
    __rt_entry_presh_1                       0x08000169   Thumb Code     0  rtentry2.o(.ARM.Collect$$rtentry$$00000002)
    __rt_entry_sh                            0x08000169   Thumb Code     0  rtentry4.o(.ARM.Collect$$rtentry$$00000004)
    __rt_entry_li                            0x0800016f   Thumb Code     0  rtentry2.o(.ARM.Collect$$rtentry$$0000000A)
    __rt_entry_postsh_1                      0x0800016f   Thumb Code     0  rtentry2.o(.ARM.Collect$$rtentry$$00000009)
    __rt_entry_main                          0x08000173   Thumb Code     0  rtentry2.o(.ARM.Collect$$rtentry$$0000000D)
    __rt_entry_postli_1                      0x08000173   Thumb Code     0  rtentry2.o(.ARM.Collect$$rtentry$$0000000C)
    __rt_exit                                0x0800017b   Thumb Code     0  rtexit.o(.ARM.Collect$$rtexit$$00000000)
    __rt_exit_ls                             0x0800017d   Thumb Code     0  rtexit2.o(.ARM.Collect$$rtexit$$00000003)
    __rt_exit_prels_1                        0x0800017d   Thumb Code     0  rtexit2.o(.ARM.Collect$$rtexit$$00000002)
    __rt_exit_exit                           0x08000181   Thumb Code     0  rtexit2.o(.ARM.Collect$$rtexit$$00000004)
    Reset_Handler                            0x08000189   Thumb Code     8  startup_stm32f10x_md.o(.text)
    ADC1_2_IRQHandler                        0x080001a3   Thumb Code     0  startup_stm32f10x_md.o(.text)
    CAN1_RX1_IRQHandler                      0x080001a3   Thumb Code     0  startup_stm32f10x_md.o(.text)
    CAN1_SCE_IRQHandler                      0x080001a3   Thumb Code     0  startup_stm32f10x_md.o(.text)
    DMA1_Channel1_IRQHandler                 0x080001a3   Thumb Code     0  startup_stm32f10x_md.o(.text)
    DMA1_Channel2_IRQHandler                 0x080001a3   Thumb Code     0  startup_stm32f10x_md.o(.text)
    DMA1_Channel3_IRQHandler                 0x080001a3   Thumb Code     0  startup_stm32f10x_md.o(.text)
    DMA1_Channel4_IRQHandler                 0x080001a3   Thumb Code     0  startup_stm32f10x_md.o(.text)
    DMA1_Channel5_IRQHandler                 0x080001a3   Thumb Code     0  startup_stm32f10x_md.o(.text)
    DMA1_Channel6_IRQHandler                 0x080001a3   Thumb Code     0  startup_stm32f10x_md.o(.text)
    DMA1_Channel7_IRQHandler                 0x080001a3   Thumb Code     0  startup_stm32f10x_md.o(.text)
    EXTI0_IRQHandler                         0x080001a3   Thumb Code     0  startup_stm32f10x_md.o(.text)
    EXTI15_10_IRQHandler                     0x080001a3   Thumb Code     0  startup_stm32f10x_md.o(.text)
    EXTI1_IRQHandler                         0x080001a3   Thumb Code     0  startup_stm32f10x_md.o(.text)
    EXTI2_IRQHandler                         0x080001a3   Thumb Code     0  startup_stm32f10x_md.o(.text)
    EXTI3_IRQHandler                         0x080001a3   Thumb Code     0  startup_stm32f10x_md.o(.text)
    EXTI4_IRQHandler                         0x080001a3   Thumb Code     0  startup_stm32f10x_md.o(.text)
    EXTI9_5_IRQHandler                       0x080001a3   Thumb Code     0  startup_stm32f10x_md.o(.text)
    FLASH_IRQHandler                         0x080001a3   Thumb Code     0  startup_stm32f10x_md.o(.text)
    I2C1_ER_IRQHandler                       0x080001a3   Thumb Code     0  startup_stm32f10x_md.o(.text)
    I2C1_EV_IRQHandler                       0x080001a3   Thumb Code     0  startup_stm32f10x_md.o(.text)
    I2C2_ER_IRQHandler                       0x080001a3   Thumb Code     0  startup_stm32f10x_md.o(.text)
    I2C2_EV_IRQHandler                       0x080001a3   Thumb Code     0  startup_stm32f10x_md.o(.text)
    PVD_IRQHandler                           0x080001a3   Thumb Code     0  startup_stm32f10x_md.o(.text)
    RCC_IRQHandler                           0x080001a3   Thumb Code     0  startup_stm32f10x_md.o(.text)
    RTCAlarm_IRQHandler                      0x080001a3   Thumb Code     0  startup_stm32f10x_md.o(.text)
    RTC_IRQHandler                           0x080001a3   Thumb Code     0  startup_stm32f10x_md.o(.text)
    SPI1_IRQHandler                          0x080001a3   Thumb Code     0  startup_stm32f10x_md.o(.text)
    SPI2_IRQHandler                          0x080001a3   Thumb Code     0  startup_stm32f10x_md.o(.text)
    TAMPER_IRQHandler                        0x080001a3   Thumb Code     0  startup_stm32f10x_md.o(.text)
    TIM1_BRK_IRQHandler                      0x080001a3   Thumb Code     0  startup_stm32f10x_md.o(.text)
    TIM1_CC_IRQHandler                       0x080001a3   Thumb Code     0  startup_stm32f10x_md.o(.text)
    TIM1_TRG_COM_IRQHandler                  0x080001a3   Thumb Code     0  startup_stm32f10x_md.o(.text)
    TIM1_UP_IRQHandler                       0x080001a3   Thumb Code     0  startup_stm32f10x_md.o(.text)
    TIM2_IRQHandler                          0x080001a3   Thumb Code     0  startup_stm32f10x_md.o(.text)
    TIM3_IRQHandler                          0x080001a3   Thumb Code     0  startup_stm32f10x_md.o(.text)
    TIM4_IRQHandler                          0x080001a3   Thumb Code     0  startup_stm32f10x_md.o(.text)
    USART1_IRQHandler                        0x080001a3   Thumb Code     0  startup_stm32f10x_md.o(.text)
    USART2_IRQHandler                        0x080001a3   Thumb Code     0  startup_stm32f10x_md.o(.text)
    USART3_IRQHandler                        0x080001a3   Thumb Code     0  startup_stm32f10x_md.o(.text)
    USBWakeUp_IRQHandler                     0x080001a3   Thumb Code     0  startup_stm32f10x_md.o(.text)
    USB_HP_CAN1_TX_IRQHandler                0x080001a3   Thumb Code     0  startup_stm32f10x_md.o(.text)
    USB_LP_CAN1_RX0_IRQHandler               0x080001a3   Thumb Code     0  startup_stm32f10x_md.o(.text)
    WWDG_IRQHandler                          0x080001a3   Thumb Code     0  startup_stm32f10x_md.o(.text)
    __user_initial_stackheap                 0x080001a5   Thumb Code     0  startup_stm32f10x_md.o(.text)
    SystemInit                               0x080001c9   Thumb Code   222  system_stm32f10x.o(.text)
    SystemCoreClockUpdate                    0x080002a7   Thumb Code    90  system_stm32f10x.o(.text)
    NVIC_PriorityGroupConfig                 0x08000321   Thumb Code    14  misc.o(.text)
    NVIC_Init                                0x0800032f   Thumb Code   110  misc.o(.text)
    NVIC_SetVectorTable                      0x0800039d   Thumb Code    16  misc.o(.text)
    NVIC_SystemLPConfig                      0x080003ad   Thumb Code    18  misc.o(.text)
    SysTick_CLKSourceConfig                  0x080003bf   Thumb Code    22  misc.o(.text)
    GPIO_DeInit                              0x080003e5   Thumb Code   216  stm32f10x_gpio.o(.text)
    GPIO_AFIODeInit                          0x080004bd   Thumb Code    22  stm32f10x_gpio.o(.text)
    GPIO_Init                                0x080004d3   Thumb Code   188  stm32f10x_gpio.o(.text)
    GPIO_StructInit                          0x0800058f   Thumb Code    16  stm32f10x_gpio.o(.text)
    GPIO_ReadInputDataBit                    0x0800059f   Thumb Code    14  stm32f10x_gpio.o(.text)
    GPIO_ReadInputData                       0x080005ad   Thumb Code     6  stm32f10x_gpio.o(.text)
    GPIO_ReadOutputDataBit                   0x080005b3   Thumb Code    14  stm32f10x_gpio.o(.text)
    GPIO_ReadOutputData                      0x080005c1   Thumb Code     6  stm32f10x_gpio.o(.text)
    GPIO_SetBits                             0x080005c7   Thumb Code     4  stm32f10x_gpio.o(.text)
    GPIO_ResetBits                           0x080005cb   Thumb Code     4  stm32f10x_gpio.o(.text)
    GPIO_WriteBit                            0x080005cf   Thumb Code    10  stm32f10x_gpio.o(.text)
    GPIO_Write                               0x080005d9   Thumb Code     4  stm32f10x_gpio.o(.text)
    GPIO_PinLockConfig                       0x080005dd   Thumb Code    16  stm32f10x_gpio.o(.text)
    GPIO_EventOutputConfig                   0x080005ed   Thumb Code    22  stm32f10x_gpio.o(.text)
    GPIO_EventOutputCmd                      0x08000603   Thumb Code     6  stm32f10x_gpio.o(.text)
    GPIO_PinRemapConfig                      0x08000609   Thumb Code   112  stm32f10x_gpio.o(.text)
    GPIO_EXTILineConfig                      0x08000679   Thumb Code    40  stm32f10x_gpio.o(.text)
    GPIO_ETH_MediaInterfaceConfig            0x080006a1   Thumb Code     6  stm32f10x_gpio.o(.text)
    RCC_DeInit                               0x080006b5   Thumb Code    54  stm32f10x_rcc.o(.text)
    RCC_HSEConfig                            0x080006eb   Thumb Code    50  stm32f10x_rcc.o(.text)
    RCC_GetFlagStatus                        0x0800071d   Thumb Code    42  stm32f10x_rcc.o(.text)
    RCC_WaitForHSEStartUp                    0x08000747   Thumb Code    50  stm32f10x_rcc.o(.text)
    RCC_AdjustHSICalibrationValue            0x08000779   Thumb Code    16  stm32f10x_rcc.o(.text)
    RCC_HSICmd                               0x08000789   Thumb Code     6  stm32f10x_rcc.o(.text)
    RCC_PLLConfig                            0x0800078f   Thumb Code    16  stm32f10x_rcc.o(.text)
    RCC_PLLCmd                               0x0800079f   Thumb Code     6  stm32f10x_rcc.o(.text)
    RCC_SYSCLKConfig                         0x080007a5   Thumb Code    14  stm32f10x_rcc.o(.text)
    RCC_GetSYSCLKSource                      0x080007b3   Thumb Code    10  stm32f10x_rcc.o(.text)
    RCC_HCLKConfig                           0x080007bd   Thumb Code    14  stm32f10x_rcc.o(.text)
    RCC_PCLK1Config                          0x080007cb   Thumb Code    14  stm32f10x_rcc.o(.text)
    RCC_PCLK2Config                          0x080007d9   Thumb Code    16  stm32f10x_rcc.o(.text)
    RCC_ITConfig                             0x080007e9   Thumb Code    18  stm32f10x_rcc.o(.text)
    RCC_USBCLKConfig                         0x080007fb   Thumb Code     6  stm32f10x_rcc.o(.text)
    RCC_ADCCLKConfig                         0x08000801   Thumb Code    14  stm32f10x_rcc.o(.text)
    RCC_LSEConfig                            0x0800080f   Thumb Code    30  stm32f10x_rcc.o(.text)
    RCC_LSICmd                               0x0800082d   Thumb Code     6  stm32f10x_rcc.o(.text)
    RCC_RTCCLKConfig                         0x08000833   Thumb Code    10  stm32f10x_rcc.o(.text)
    RCC_RTCCLKCmd                            0x0800083d   Thumb Code     6  stm32f10x_rcc.o(.text)
    RCC_GetClocksFreq                        0x08000843   Thumb Code   150  stm32f10x_rcc.o(.text)
    RCC_AHBPeriphClockCmd                    0x080008d9   Thumb Code    18  stm32f10x_rcc.o(.text)
    RCC_APB2PeriphClockCmd                   0x080008eb   Thumb Code    18  stm32f10x_rcc.o(.text)
    RCC_APB1PeriphClockCmd                   0x080008fd   Thumb Code    18  stm32f10x_rcc.o(.text)
    RCC_APB2PeriphResetCmd                   0x0800090f   Thumb Code    18  stm32f10x_rcc.o(.text)
    RCC_APB1PeriphResetCmd                   0x08000921   Thumb Code    18  stm32f10x_rcc.o(.text)
    RCC_BackupResetCmd                       0x08000933   Thumb Code     6  stm32f10x_rcc.o(.text)
    RCC_ClockSecuritySystemCmd               0x08000939   Thumb Code     6  stm32f10x_rcc.o(.text)
    RCC_MCOConfig                            0x0800093f   Thumb Code     6  stm32f10x_rcc.o(.text)
    RCC_ClearFlag                            0x08000945   Thumb Code    12  stm32f10x_rcc.o(.text)
    RCC_GetITStatus                          0x08000951   Thumb Code    16  stm32f10x_rcc.o(.text)
    RCC_ClearITPendingBit                    0x08000961   Thumb Code     6  stm32f10x_rcc.o(.text)
    SPI_I2S_DeInit                           0x08000991   Thumb Code   100  stm32f10x_spi.o(.text)
    SPI_Init                                 0x080009f5   Thumb Code    84  stm32f10x_spi.o(.text)
    I2S_Init                                 0x08000a49   Thumb Code   172  stm32f10x_spi.o(.text)
    SPI_StructInit                           0x08000af5   Thumb Code    24  stm32f10x_spi.o(.text)
    I2S_StructInit                           0x08000b0d   Thumb Code    18  stm32f10x_spi.o(.text)
    SPI_Cmd                                  0x08000b1f   Thumb Code    18  stm32f10x_spi.o(.text)
    I2S_Cmd                                  0x08000b31   Thumb Code    18  stm32f10x_spi.o(.text)
    SPI_I2S_ITConfig                         0x08000b43   Thumb Code    26  stm32f10x_spi.o(.text)
    SPI_I2S_DMACmd                           0x08000b5d   Thumb Code    16  stm32f10x_spi.o(.text)
    SPI_I2S_SendData                         0x08000b6d   Thumb Code     4  stm32f10x_spi.o(.text)
    SPI_I2S_ReceiveData                      0x08000b71   Thumb Code     4  stm32f10x_spi.o(.text)
    SPI_NSSInternalSoftwareConfig            0x08000b75   Thumb Code    22  stm32f10x_spi.o(.text)
    SPI_SSOutputCmd                          0x08000b8b   Thumb Code    18  stm32f10x_spi.o(.text)
    SPI_DataSizeConfig                       0x08000b9d   Thumb Code    16  stm32f10x_spi.o(.text)
    SPI_TransmitCRC                          0x08000bad   Thumb Code    10  stm32f10x_spi.o(.text)
    SPI_CalculateCRC                         0x08000bb7   Thumb Code    18  stm32f10x_spi.o(.text)
    SPI_GetCRC                               0x08000bc9   Thumb Code    10  stm32f10x_spi.o(.text)
    SPI_GetCRCPolynomial                     0x08000bd3   Thumb Code     4  stm32f10x_spi.o(.text)
    SPI_BiDirectionalLineConfig              0x08000bd7   Thumb Code    20  stm32f10x_spi.o(.text)
    SPI_I2S_GetFlagStatus                    0x08000beb   Thumb Code    14  stm32f10x_spi.o(.text)
    SPI_I2S_ClearFlag                        0x08000bf9   Thumb Code     6  stm32f10x_spi.o(.text)
    SPI_I2S_GetITStatus                      0x08000bff   Thumb Code    46  stm32f10x_spi.o(.text)
    SPI_I2S_ClearITPendingBit                0x08000c2d   Thumb Code    16  stm32f10x_spi.o(.text)
    USART_DeInit                             0x08000c41   Thumb Code   164  stm32f10x_usart.o(.text)
    USART_Init                               0x08000ce5   Thumb Code   174  stm32f10x_usart.o(.text)
    USART_StructInit                         0x08000d93   Thumb Code    22  stm32f10x_usart.o(.text)
    USART_ClockInit                          0x08000da9   Thumb Code    36  stm32f10x_usart.o(.text)
    USART_ClockStructInit                    0x08000dcd   Thumb Code    12  stm32f10x_usart.o(.text)
    USART_Cmd                                0x08000dd9   Thumb Code    18  stm32f10x_usart.o(.text)
    USART_ITConfig                           0x08000deb   Thumb Code    48  stm32f10x_usart.o(.text)
    USART_DMACmd                             0x08000e1b   Thumb Code    16  stm32f10x_usart.o(.text)
    USART_SetAddress                         0x08000e2b   Thumb Code    16  stm32f10x_usart.o(.text)
    USART_WakeUpConfig                       0x08000e3b   Thumb Code    16  stm32f10x_usart.o(.text)
    USART_ReceiverWakeUpCmd                  0x08000e4b   Thumb Code    18  stm32f10x_usart.o(.text)
    USART_LINBreakDetectLengthConfig         0x08000e5d   Thumb Code    16  stm32f10x_usart.o(.text)
    USART_LINCmd                             0x08000e6d   Thumb Code    18  stm32f10x_usart.o(.text)
    USART_SendData                           0x08000e7f   Thumb Code     8  stm32f10x_usart.o(.text)
    USART_ReceiveData                        0x08000e87   Thumb Code     8  stm32f10x_usart.o(.text)
    USART_SendBreak                          0x08000e8f   Thumb Code    10  stm32f10x_usart.o(.text)
    USART_SetGuardTime                       0x08000e99   Thumb Code    16  stm32f10x_usart.o(.text)
    USART_SetPrescaler                       0x08000ea9   Thumb Code    16  stm32f10x_usart.o(.text)
    USART_SmartCardCmd                       0x08000eb9   Thumb Code    18  stm32f10x_usart.o(.text)
    USART_SmartCardNACKCmd                   0x08000ecb   Thumb Code    18  stm32f10x_usart.o(.text)
    USART_HalfDuplexCmd                      0x08000edd   Thumb Code    18  stm32f10x_usart.o(.text)
    USART_OverSampling8Cmd                   0x08000eef   Thumb Code    18  stm32f10x_usart.o(.text)
    USART_OneBitMethodCmd                    0x08000f01   Thumb Code    18  stm32f10x_usart.o(.text)
    USART_IrDAConfig                         0x08000f13   Thumb Code    16  stm32f10x_usart.o(.text)
    USART_IrDACmd                            0x08000f23   Thumb Code    18  stm32f10x_usart.o(.text)
    USART_GetFlagStatus                      0x08000f35   Thumb Code    14  stm32f10x_usart.o(.text)
    USART_ClearFlag                          0x08000f43   Thumb Code     6  stm32f10x_usart.o(.text)
    USART_GetITStatus                        0x08000f49   Thumb Code    66  stm32f10x_usart.o(.text)
    USART_ClearITPendingBit                  0x08000f8b   Thumb Code    14  stm32f10x_usart.o(.text)
    TIM_DeInit                               0x08000f9d   Thumb Code   528  stm32f10x_tim.o(.text)
    TIM_TimeBaseInit                         0x080011ad   Thumb Code   148  stm32f10x_tim.o(.text)
    TIM_OC1Init                              0x08001241   Thumb Code   132  stm32f10x_tim.o(.text)
    TIM_OC2Init                              0x080012c5   Thumb Code   134  stm32f10x_tim.o(.text)
    TIM_OC3Init                              0x0800134b   Thumb Code   132  stm32f10x_tim.o(.text)
    TIM_OC4Init                              0x080013cf   Thumb Code   106  stm32f10x_tim.o(.text)
    TIM_SetIC4Prescaler                      0x08001439   Thumb Code    24  stm32f10x_tim.o(.text)
    TIM_SetIC3Prescaler                      0x08001451   Thumb Code    16  stm32f10x_tim.o(.text)
    TIM_SetIC2Prescaler                      0x08001461   Thumb Code    24  stm32f10x_tim.o(.text)
    TIM_SetIC1Prescaler                      0x080014f5   Thumb Code    16  stm32f10x_tim.o(.text)
    TIM_ICInit                               0x08001505   Thumb Code   328  stm32f10x_tim.o(.text)
    TIM_PWMIConfig                           0x0800164d   Thumb Code   158  stm32f10x_tim.o(.text)
    TIM_BDTRConfig                           0x080016eb   Thumb Code    36  stm32f10x_tim.o(.text)
    TIM_TimeBaseStructInit                   0x0800170f   Thumb Code    18  stm32f10x_tim.o(.text)
    TIM_OCStructInit                         0x08001721   Thumb Code    20  stm32f10x_tim.o(.text)
    TIM_ICStructInit                         0x08001735   Thumb Code    16  stm32f10x_tim.o(.text)
    TIM_BDTRStructInit                       0x08001745   Thumb Code    18  stm32f10x_tim.o(.text)
    TIM_Cmd                                  0x08001757   Thumb Code    18  stm32f10x_tim.o(.text)
    TIM_CtrlPWMOutputs                       0x08001769   Thumb Code    22  stm32f10x_tim.o(.text)
    TIM_ITConfig                             0x0800177f   Thumb Code    16  stm32f10x_tim.o(.text)
    TIM_GenerateEvent                        0x0800178f   Thumb Code     4  stm32f10x_tim.o(.text)
    TIM_DMAConfig                            0x08001793   Thumb Code     8  stm32f10x_tim.o(.text)
    TIM_DMACmd                               0x0800179b   Thumb Code    16  stm32f10x_tim.o(.text)
    TIM_InternalClockConfig                  0x080017ab   Thumb Code    10  stm32f10x_tim.o(.text)
    TIM_SelectInputTrigger                   0x080017b5   Thumb Code    12  stm32f10x_tim.o(.text)
    TIM_ITRxExternalClockConfig              0x080017c1   Thumb Code    20  stm32f10x_tim.o(.text)
    TIM_TIxExternalClockConfig               0x080017d5   Thumb Code    48  stm32f10x_tim.o(.text)
    TIM_ETRConfig                            0x08001805   Thumb Code    32  stm32f10x_tim.o(.text)
    TIM_ETRClockMode1Config                  0x08001825   Thumb Code    40  stm32f10x_tim.o(.text)
    TIM_ETRClockMode2Config                  0x0800184d   Thumb Code    40  stm32f10x_tim.o(.text)
    TIM_PrescalerConfig                      0x08001875   Thumb Code     6  stm32f10x_tim.o(.text)
    TIM_CounterModeConfig                    0x0800187b   Thumb Code    12  stm32f10x_tim.o(.text)
    TIM_EncoderInterfaceConfig               0x08001887   Thumb Code    60  stm32f10x_tim.o(.text)
    TIM_ForcedOC1Config                      0x080018c3   Thumb Code    12  stm32f10x_tim.o(.text)
    TIM_ForcedOC2Config                      0x080018cf   Thumb Code    20  stm32f10x_tim.o(.text)
    TIM_ForcedOC3Config                      0x080018e3   Thumb Code    12  stm32f10x_tim.o(.text)
    TIM_ForcedOC4Config                      0x080018ef   Thumb Code    20  stm32f10x_tim.o(.text)
    TIM_ARRPreloadConfig                     0x08001903   Thumb Code    18  stm32f10x_tim.o(.text)
    TIM_SelectCOM                            0x08001915   Thumb Code    18  stm32f10x_tim.o(.text)
    TIM_SelectCCDMA                          0x08001927   Thumb Code    18  stm32f10x_tim.o(.text)
    TIM_CCPreloadControl                     0x08001939   Thumb Code    18  stm32f10x_tim.o(.text)
    TIM_OC1PreloadConfig                     0x0800194b   Thumb Code    12  stm32f10x_tim.o(.text)
    TIM_OC2PreloadConfig                     0x08001957   Thumb Code    20  stm32f10x_tim.o(.text)
    TIM_OC3PreloadConfig                     0x0800196b   Thumb Code    12  stm32f10x_tim.o(.text)
    TIM_OC4PreloadConfig                     0x08001977   Thumb Code    20  stm32f10x_tim.o(.text)
    TIM_OC1FastConfig                        0x0800198b   Thumb Code    12  stm32f10x_tim.o(.text)
    TIM_OC2FastConfig                        0x08001997   Thumb Code    20  stm32f10x_tim.o(.text)
    TIM_OC3FastConfig                        0x080019ab   Thumb Code    12  stm32f10x_tim.o(.text)
    TIM_OC4FastConfig                        0x080019b7   Thumb Code    20  stm32f10x_tim.o(.text)
    TIM_ClearOC1Ref                          0x080019cb   Thumb Code    12  stm32f10x_tim.o(.text)
    TIM_ClearOC2Ref                          0x080019d7   Thumb Code    20  stm32f10x_tim.o(.text)
    TIM_ClearOC3Ref                          0x080019eb   Thumb Code    12  stm32f10x_tim.o(.text)
    TIM_ClearOC4Ref                          0x080019f7   Thumb Code    20  stm32f10x_tim.o(.text)
    TIM_OC1PolarityConfig                    0x08001a0b   Thumb Code    12  stm32f10x_tim.o(.text)
    TIM_OC1NPolarityConfig                   0x08001a17   Thumb Code    12  stm32f10x_tim.o(.text)
    TIM_OC2PolarityConfig                    0x08001a23   Thumb Code    20  stm32f10x_tim.o(.text)
    TIM_OC2NPolarityConfig                   0x08001a37   Thumb Code    20  stm32f10x_tim.o(.text)
    TIM_OC3PolarityConfig                    0x08001a4b   Thumb Code    20  stm32f10x_tim.o(.text)
    TIM_OC3NPolarityConfig                   0x08001a5f   Thumb Code    20  stm32f10x_tim.o(.text)
    TIM_OC4PolarityConfig                    0x08001a73   Thumb Code    20  stm32f10x_tim.o(.text)
    TIM_CCxCmd                               0x08001a87   Thumb Code    26  stm32f10x_tim.o(.text)
    TIM_CCxNCmd                              0x08001aa1   Thumb Code    26  stm32f10x_tim.o(.text)
    TIM_SelectOCxM                           0x08001abb   Thumb Code    88  stm32f10x_tim.o(.text)
    TIM_UpdateDisableConfig                  0x08001b13   Thumb Code    18  stm32f10x_tim.o(.text)
    TIM_UpdateRequestConfig                  0x08001b25   Thumb Code    18  stm32f10x_tim.o(.text)
    TIM_SelectHallSensor                     0x08001b37   Thumb Code    18  stm32f10x_tim.o(.text)
    TIM_SelectOnePulseMode                   0x08001b49   Thumb Code    16  stm32f10x_tim.o(.text)
    TIM_SelectOutputTrigger                  0x08001b59   Thumb Code    16  stm32f10x_tim.o(.text)
    TIM_SelectSlaveMode                      0x08001b69   Thumb Code    16  stm32f10x_tim.o(.text)
    TIM_SelectMasterSlaveMode                0x08001b79   Thumb Code    16  stm32f10x_tim.o(.text)
    TIM_SetCounter                           0x08001b89   Thumb Code     4  stm32f10x_tim.o(.text)
    TIM_SetAutoreload                        0x08001b8d   Thumb Code     4  stm32f10x_tim.o(.text)
    TIM_SetCompare1                          0x08001b91   Thumb Code     4  stm32f10x_tim.o(.text)
    TIM_SetCompare2                          0x08001b95   Thumb Code     4  stm32f10x_tim.o(.text)
    TIM_SetCompare3                          0x08001b99   Thumb Code     4  stm32f10x_tim.o(.text)
    TIM_SetCompare4                          0x08001b9d   Thumb Code     6  stm32f10x_tim.o(.text)
    TIM_SetClockDivision                     0x08001ba3   Thumb Code    16  stm32f10x_tim.o(.text)
    TIM_GetCapture1                          0x08001bb3   Thumb Code     4  stm32f10x_tim.o(.text)
    TIM_GetCapture2                          0x08001bb7   Thumb Code     4  stm32f10x_tim.o(.text)
    TIM_GetCapture3                          0x08001bbb   Thumb Code     4  stm32f10x_tim.o(.text)
    TIM_GetCapture4                          0x08001bbf   Thumb Code     6  stm32f10x_tim.o(.text)
    TIM_GetCounter                           0x08001bc5   Thumb Code     4  stm32f10x_tim.o(.text)
    TIM_GetPrescaler                         0x08001bc9   Thumb Code     4  stm32f10x_tim.o(.text)
    TIM_GetFlagStatus                        0x08001bcd   Thumb Code    14  stm32f10x_tim.o(.text)
    TIM_ClearFlag                            0x08001bdb   Thumb Code     6  stm32f10x_tim.o(.text)
    TIM_GetITStatus                          0x08001be1   Thumb Code    22  stm32f10x_tim.o(.text)
    TIM_ClearITPendingBit                    0x08001bf7   Thumb Code     6  stm32f10x_tim.o(.text)
    led_init                                 0x08001c79   Thumb Code    50  bsp_led.o(.text)
    led_on                                   0x08001cab   Thumb Code    10  bsp_led.o(.text)
    led_off                                  0x08001cb5   Thumb Code    10  bsp_led.o(.text)
    systick_config                           0x08001cc5   Thumb Code    56  bsp_systick.o(.text)
    delay_us                                 0x08001cfd   Thumb Code    46  bsp_systick.o(.text)
    delay_ms                                 0x08001d2b   Thumb Code    88  bsp_systick.o(.text)
    usart1_config                            0x08001d95   Thumb Code   122  bsp_usart.o(.text)
    fputc                                    0x08001e0f   Thumb Code    30  bsp_usart.o(.text)
    print_byte                               0x08001e2d   Thumb Code    30  bsp_usart.o(.text)
    print_str                                0x08001e4b   Thumb Code    44  bsp_usart.o(.text)
    print_n_byte                             0x08001e77   Thumb Code    50  bsp_usart.o(.text)
    print_int                                0x08001ea9   Thumb Code   178  bsp_usart.o(.text)
    print_float                              0x08001f5b   Thumb Code    50  bsp_usart.o(.text)
    print_arg                                0x08001f8d   Thumb Code    78  bsp_usart.o(.text)
    enc28j60_readop                          0x08002001   Thumb Code    60  bsp_enc28j60.o(.text)
    enc28j60_writeop                         0x0800203d   Thumb Code    48  bsp_enc28j60.o(.text)
    enc28j60_readbuf                         0x0800206d   Thumb Code    54  bsp_enc28j60.o(.text)
    enc28j60_writebuf                        0x080020a3   Thumb Code    52  bsp_enc28j60.o(.text)
    enc28j60_setbank                         0x080020d7   Thumb Code    44  bsp_enc28j60.o(.text)
    enc28j60_read                            0x08002103   Thumb Code    18  bsp_enc28j60.o(.text)
    enc28j60_write                           0x08002115   Thumb Code    22  bsp_enc28j60.o(.text)
    enc28j60_writephy                        0x0800212b   Thumb Code    88  bsp_enc28j60.o(.text)
    enc28j60_init                            0x08002183   Thumb Code   712  bsp_enc28j60.o(.text)
    enc28j60_packet_send                     0x0800244b   Thumb Code   226  bsp_enc28j60.o(.text)
    enc28j60_packet_receive                  0x0800252d   Thumb Code   276  bsp_enc28j60.o(.text)
    spi1_config                              0x08002649   Thumb Code   158  bsp_spi.o(.text)
    spi_rw                                   0x080026e7   Thumb Code    48  bsp_spi.o(.text)
    pwm_config                               0x08002725   Thumb Code   320  bsp_pwm.o(.text)
    sync_pwm                                 0x08002865   Thumb Code    76  bsp_pwm.o(.text)
    OS_CPU_SR_Save                           0x080028c5   Thumb Code     0  os_cpu_a.o(.text)
    OS_CPU_SR_Restore                        0x080028cd   Thumb Code     0  os_cpu_a.o(.text)
    OSStartHighRdy                           0x080028d3   Thumb Code     0  os_cpu_a.o(.text)
    OSCtxSw                                  0x080028f3   Thumb Code     0  os_cpu_a.o(.text)
    OSIntCtxSw                               0x080028fd   Thumb Code     0  os_cpu_a.o(.text)
    PendSV_Handler                           0x08002907   Thumb Code     0  os_cpu_a.o(.text)
    OSInitHookBegin                          0x08002969   Thumb Code     2  os_cpu_c.o(.text)
    OSInitHookEnd                            0x0800296b   Thumb Code     2  os_cpu_c.o(.text)
    OSTaskCreateHook                         0x0800296d   Thumb Code     2  os_cpu_c.o(.text)
    OSTaskDelHook                            0x0800296f   Thumb Code     2  os_cpu_c.o(.text)
    OSTaskIdleHook                           0x08002971   Thumb Code     2  os_cpu_c.o(.text)
    OSTaskStatHook                           0x08002973   Thumb Code     2  os_cpu_c.o(.text)
    OSTaskStkInit                            0x08002975   Thumb Code   116  os_cpu_c.o(.text)
    OSTaskSwHook                             0x080029e9   Thumb Code     2  os_cpu_c.o(.text)
    OSTCBInitHook                            0x080029eb   Thumb Code     2  os_cpu_c.o(.text)
    OSTimeTickHook                           0x080029ed   Thumb Code     2  os_cpu_c.o(.text)
    OS_StrCopy                               0x080029f1   Thumb Code    30  os_core.o(.text)
    OSEventNameGet                           0x08002a0f   Thumb Code    98  os_core.o(.text)
    OS_StrLen                                0x08002a71   Thumb Code    22  os_core.o(.text)
    OSEventNameSet                           0x08002a87   Thumb Code   128  os_core.o(.text)
    OS_EventTaskRemoveMulti                  0x08002b07   Thumb Code    54  os_core.o(.text)
    OS_Sched                                 0x08002b3d   Thumb Code    82  os_core.o(.text)
    OS_EventTaskWaitMulti                    0x08002b8f   Thumb Code   104  os_core.o(.text)
    OSEventPendMulti                         0x08002bf7   Thumb Code   460  os_core.o(.text)
    OS_TaskStatStkChk                        0x08002dc3   Thumb Code    74  os_core.o(.text)
    OS_TaskStat                              0x08002e0d   Thumb Code   134  os_core.o(.text)
    OS_TaskIdle                              0x08002e93   Thumb Code    22  os_core.o(.text)
    OS_MemClr                                0x08002ea9   Thumb Code    22  os_core.o(.text)
    OSInit                                   0x08002ebf   Thumb Code   308  os_core.o(.text)
    OSIntEnter                               0x08002ff3   Thumb Code    22  os_core.o(.text)
    OSIntExit                                0x08003009   Thumb Code    96  os_core.o(.text)
    OSSchedLock                              0x08003069   Thumb Code    38  os_core.o(.text)
    OSSchedUnlock                            0x0800308f   Thumb Code    54  os_core.o(.text)
    OSStart                                  0x080030c5   Thumb Code    46  os_core.o(.text)
    OSStatInit                               0x080030f3   Thumb Code    48  os_core.o(.text)
    OSTimeTick                               0x08003123   Thumb Code   176  os_core.o(.text)
    OSVersion                                0x080031d3   Thumb Code     6  os_core.o(.text)
    OS_EventTaskRemove                       0x080031d9   Thumb Code   104  os_core.o(.text)
    OS_EventTaskRdy                          0x08003241   Thumb Code   138  os_core.o(.text)
    OS_EventTaskWait                         0x080032cb   Thumb Code    88  os_core.o(.text)
    OS_EventWaitListInit                     0x08003323   Thumb Code    24  os_core.o(.text)
    OS_MemCopy                               0x0800333b   Thumb Code    24  os_core.o(.text)
    OS_TCBInit                               0x08003353   Thumb Code   248  os_core.o(.text)
    OSQAccept                                0x0800345d   Thumb Code    78  os_q.o(.text)
    OSQCreate                                0x080034ab   Thumb Code   136  os_q.o(.text)
    OSQDel                                   0x08003533   Thumb Code   224  os_q.o(.text)
    OSQFlush                                 0x08003613   Thumb Code    32  os_q.o(.text)
    OSQPend                                  0x08003633   Thumb Code   218  os_q.o(.text)
    OSQPendAbort                             0x0800370d   Thumb Code   114  os_q.o(.text)
    OSQPost                                  0x0800377f   Thumb Code   106  os_q.o(.text)
    OSQPostFront                             0x080037e9   Thumb Code   106  os_q.o(.text)
    OSQPostOpt                               0x08003853   Thumb Code   200  os_q.o(.text)
    OSQQuery                                 0x0800391b   Thumb Code    92  os_q.o(.text)
    OS_QInit                                 0x08003977   Thumb Code    44  os_q.o(.text)
    OSTaskCreate                             0x080039ad   Thumb Code   136  os_task.o(.text)
    OS_TaskStkClr                            0x08003a35   Thumb Code    30  os_task.o(.text)
    OSTaskCreateExt                          0x08003a53   Thumb Code   172  os_task.o(.text)
    OSTaskNameGet                            0x08003aff   Thumb Code   100  os_task.o(.text)
    OSTaskNameSet                            0x08003b63   Thumb Code   116  os_task.o(.text)
    OSTaskResume                             0x08003bd7   Thumb Code   144  os_task.o(.text)
    OSTaskStkChk                             0x08003c67   Thumb Code   124  os_task.o(.text)
    OSTaskSuspend                            0x08003ce3   Thumb Code   134  os_task.o(.text)
    OSTaskQuery                              0x08003d69   Thumb Code   100  os_task.o(.text)
    OSTimeDly                                0x08003dcd   Thumb Code    78  os_time.o(.text)
    OSTimeDlyHMSM                            0x08003e1b   Thumb Code   100  os_time.o(.text)
    OSTimeDlyResume                          0x08003e7f   Thumb Code   158  os_time.o(.text)
    OSTimeGet                                0x08003f1d   Thumb Code    18  os_time.o(.text)
    OSTimeSet                                0x08003f2f   Thumb Code    20  os_time.o(.text)
    status_led_task                          0x08003f5d   Thumb Code    24  app_mian.o(.text)
    sig_process                              0x08003f75   Thumb Code   168  app_mian.o(.text)
    eth_task                                 0x0800401d   Thumb Code    52  app_mian.o(.text)
    start_task                               0x08004051   Thumb Code    80  app_mian.o(.text)
    uip_setipid                              0x08004191   Thumb Code     6  uip.o(.text)
    uip_add32                                0x08004197   Thumb Code   108  uip.o(.text)
    htons                                    0x08004203   Thumb Code    10  uip.o(.text)
    uip_chksum                               0x0800420d   Thumb Code    22  uip.o(.text)
    uip_ipchksum                             0x08004223   Thumb Code    32  uip.o(.text)
    uip_tcpchksum                            0x08004243   Thumb Code    64  uip.o(.text)
    uip_init                                 0x08004283   Thumb Code    60  uip.o(.text)
    uip_connect                              0x080042bf   Thumb Code   238  uip.o(.text)
    uip_unlisten                             0x080043ad   Thumb Code    44  uip.o(.text)
    uip_listen                               0x080043d9   Thumb Code    40  uip.o(.text)
    uip_process                              0x08004427   Thumb Code  2302  uip.o(.text)
    uip_send                                 0x08004d25   Thumb Code    28  uip.o(.text)
    uip_arp_init                             0x08004d89   Thumb Code    34  uip_arp.o(.text)
    uip_arp_timer                            0x08004dab   Thumb Code    66  uip_arp.o(.text)
    uip_arp_arpin                            0x08004eaf   Thumb Code   152  uip_arp.o(.text)
    uip_arp_out                              0x08004f47   Thumb Code   302  uip_arp.o(.text)
    tapdev_init                              0x080050a9   Thumb Code    54  tapdev.o(.text)
    tapdev_read                              0x080050df   Thumb Code    10  tapdev.o(.text)
    tapdev_send                              0x080050e9   Thumb Code    10  tapdev.o(.text)
    timer_config                             0x08005105   Thumb Code     8  timer.o(.text)
    clock_time                               0x0800510d   Thumb Code     6  timer.o(.text)
    timer_set                                0x08005113   Thumb Code    10  timer.o(.text)
    timer_reset                              0x0800511d   Thumb Code    10  timer.o(.text)
    timer_restart                            0x08005127   Thumb Code     8  timer.o(.text)
    timer_expired                            0x0800512f   Thumb Code    24  timer.o(.text)
    uip_log                                  0x0800514d   Thumb Code     2  uip_user_call.o(.text)
    tcp_server_init                          0x0800514f   Thumb Code    96  uip_user_call.o(.text)
    uip_polling                              0x080051af   Thumb Code   198  uip_user_call.o(.text)
    tcp_sever_call                           0x08005275   Thumb Code   190  uip_user_call.o(.text)
    main                                     0x08005391   Thumb Code    72  main.o(.text)
    NMI_Handler                              0x08005409   Thumb Code     2  stm32f10x_it.o(.text)
    HardFault_Handler                        0x0800540b   Thumb Code     2  stm32f10x_it.o(.text)
    MemManage_Handler                        0x0800540d   Thumb Code     2  stm32f10x_it.o(.text)
    BusFault_Handler                         0x0800540f   Thumb Code     2  stm32f10x_it.o(.text)
    UsageFault_Handler                       0x08005411   Thumb Code     2  stm32f10x_it.o(.text)
    SVC_Handler                              0x08005413   Thumb Code     2  stm32f10x_it.o(.text)
    DebugMon_Handler                         0x08005415   Thumb Code     2  stm32f10x_it.o(.text)
    SysTick_Handler                          0x08005417   Thumb Code    26  stm32f10x_it.o(.text)
    NVIC_Config                              0x08005431   Thumb Code     8  stm32f10x_it.o(.text)
    get_all_args                             0x0800543d   Thumb Code   172  get_arg.o(.text)
    put_all_args                             0x080054e9   Thumb Code    22  get_arg.o(.text)
    memcmp                                   0x080054ff   Thumb Code    88  memcmp.o(.text)
    strcpy                                   0x08005557   Thumb Code    72  strcpy.o(.text)
    strlen                                   0x0800559f   Thumb Code    62  strlen.o(.text)
    strcat                                   0x080055dd   Thumb Code    24  strcat.o(.text)
    __aeabi_memcpy                           0x080055f5   Thumb Code     0  rt_memcpy_v6.o(.text)
    __rt_memcpy                              0x080055f5   Thumb Code   138  rt_memcpy_v6.o(.text)
    _memcpy_lastbytes                        0x0800565b   Thumb Code     0  rt_memcpy_v6.o(.text)
    __aeabi_memclr                           0x0800567f   Thumb Code     0  rt_memclr.o(.text)
    __rt_memclr                              0x0800567f   Thumb Code    68  rt_memclr.o(.text)
    _memset                                  0x08005683   Thumb Code     0  rt_memclr.o(.text)
    __use_two_region_memory                  0x080056c3   Thumb Code     2  heapauxi.o(.text)
    __rt_heap_escrow                         0x080056c5   Thumb Code     2  heapauxi.o(.text)
    __rt_heap_expand                         0x080056c7   Thumb Code     2  heapauxi.o(.text)
    __aeabi_memcpy4                          0x080056c9   Thumb Code     0  rt_memcpy_w.o(.text)
    __aeabi_memcpy8                          0x080056c9   Thumb Code     0  rt_memcpy_w.o(.text)
    __rt_memcpy_w                            0x080056c9   Thumb Code   100  rt_memcpy_w.o(.text)
    _memcpy_lastbytes_aligned                0x08005711   Thumb Code     0  rt_memcpy_w.o(.text)
    __aeabi_memclr4                          0x0800572d   Thumb Code     0  rt_memclr_w.o(.text)
    __aeabi_memclr8                          0x0800572d   Thumb Code     0  rt_memclr_w.o(.text)
    __rt_memclr_w                            0x0800572d   Thumb Code    78  rt_memclr_w.o(.text)
    _memset_w                                0x08005731   Thumb Code     0  rt_memclr_w.o(.text)
    __user_setup_stackheap                   0x0800577b   Thumb Code    74  sys_stackheap_outer.o(.text)
    exit                                     0x080057c5   Thumb Code    12  exit.o(.text)
    __user_libspace                          0x080057d1   Thumb Code     8  libspace.o(.text)
    __user_perproc_libspace                  0x080057d1   Thumb Code     0  libspace.o(.text)
    __user_perthread_libspace                0x080057d1   Thumb Code     0  libspace.o(.text)
    __I$use$semihosting                      0x080057d9   Thumb Code     0  use_no_semi.o(.text)
    __use_no_semihosting_swi                 0x080057d9   Thumb Code     2  use_no_semi.o(.text)
    __semihosting_library_function           0x080057db   Thumb Code     0  indicate_semi.o(.text)
    _sys_exit                                0x080057dd   Thumb Code     8  sys_exit.o(.text)
    __ARM_common_memclr4_6                   0x080057e9   Thumb Code    10  uip_arp.o(i.__ARM_common_memclr4_6)
    __ARM_common_memset4_6                   0x080057f3   Thumb Code    16  uip_arp.o(i.__ARM_common_memset4_6)
    __aeabi_f2iz                             0x08005805   Thumb Code     0  ffix.o(x$fpl$ffix)
    _ffix                                    0x08005805   Thumb Code    54  ffix.o(x$fpl$ffix)
    __aeabi_fmul                             0x0800583d   Thumb Code     0  fmul.o(x$fpl$fmul)
    _fmul                                    0x0800583d   Thumb Code   258  fmul.o(x$fpl$fmul)
    __fpl_fnaninf                            0x0800593f   Thumb Code   140  fnaninf.o(x$fpl$fnaninf)
    __fpl_fretinf                            0x080059cb   Thumb Code    10  fretinf.o(x$fpl$fretinf)
    OSUnMapTbl                               0x080059d4   Data         256  os_core.o(.constdata)
    __I$use$fp                               0x080059d4   Number         0  usenofp.o(x$fpl$usenofp)
    Region$$Table$$Base                      0x08005adc   Number         0  anon$$obj.o(Region$$Table)
    Region$$Table$$Limit                     0x08005afc   Number         0  anon$$obj.o(Region$$Table)
    SystemCoreClock                          0x20000000   Data           4  system_stm32f10x.o(.data)
    AHBPrescTable                            0x20000004   Data          16  system_stm32f10x.o(.data)
    OSCPUUsage                               0x20000034   Data           1  os_core.o(.data)
    OSStatRdy                                0x20000035   Data           1  os_core.o(.data)
    OSIntNesting                             0x20000036   Data           1  os_core.o(.data)
    OSLockNesting                            0x20000037   Data           1  os_core.o(.data)
    OSPrioCur                                0x20000038   Data           1  os_core.o(.data)
    OSPrioHighRdy                            0x20000039   Data           1  os_core.o(.data)
    OSRdyGrp                                 0x2000003a   Data           1  os_core.o(.data)
    OSRunning                                0x2000003b   Data           1  os_core.o(.data)
    OSTaskCtr                                0x2000003c   Data           1  os_core.o(.data)
    OSTickStepState                          0x2000003d   Data           1  os_core.o(.data)
    OSCtxSwCtr                               0x20000040   Data           4  os_core.o(.data)
    OSEventFreeList                          0x20000044   Data           4  os_core.o(.data)
    OSIdleCtrMax                             0x20000048   Data           4  os_core.o(.data)
    OSIdleCtrRun                             0x2000004c   Data           4  os_core.o(.data)
    OSRdyTbl                                 0x20000050   Data           4  os_core.o(.data)
    OSIdleCtr                                0x20000054   Data           4  os_core.o(.data)
    OSTCBCur                                 0x20000058   Data           4  os_core.o(.data)
    OSTCBFreeList                            0x2000005c   Data           4  os_core.o(.data)
    OSTCBHighRdy                             0x20000060   Data           4  os_core.o(.data)
    OSTCBList                                0x20000064   Data           4  os_core.o(.data)
    OSTime                                   0x20000068   Data           4  os_core.o(.data)
    OSQFreeList                              0x2000006c   Data           4  os_core.o(.data)
    cpu_sr                                   0x20000070   Data           4  app_mian.o(.data)
    uip_ethaddr                              0x20000074   Data           6  uip.o(.data)
    uip_flags                                0x2000007c   Data           1  uip.o(.data)
    uip_len                                  0x20000080   Data           2  uip.o(.data)
    uip_slen                                 0x20000082   Data           2  uip.o(.data)
    uip_hostaddr                             0x2000008a   Data           4  uip.o(.data)
    uip_appdata                              0x20000090   Data           4  uip.o(.data)
    uip_sappdata                             0x20000094   Data           4  uip.o(.data)
    uip_conn                                 0x20000098   Data           4  uip.o(.data)
    uip_acc32                                0x200000a0   Data           4  uip.o(.data)
    uip_draddr                               0x200000a4   Data           4  uip.o(.data)
    uip_netmask                              0x200000a8   Data           4  uip.o(.data)
    uip_mac                                  0x200000ba   Data           6  tapdev.o(.data)
    g_current_clock                          0x200000c0   Data           2  timer.o(.data)
    g_tcp_server_state                       0x200000c2   Data           1  uip_user_call.o(.data)
    OSEventTbl                               0x200000cc   Data         320  os_core.o(.bss)
    OSTaskStatStk                            0x2000020c   Data         512  os_core.o(.bss)
    OSTaskIdleStk                            0x2000040c   Data         512  os_core.o(.bss)
    OSTCBPrioTbl                             0x2000060c   Data         128  os_core.o(.bss)
    OSTCBTbl                                 0x2000068c   Data        2816  os_core.o(.bss)
    OSQTbl                                   0x2000118c   Data          96  os_core.o(.bss)
    Start_Task_STK                           0x200011ec   Data         256  app_mian.o(.bss)
    LED_Task_STK                             0x200012ec   Data         256  app_mian.o(.bss)
    Eth_Task_STK                             0x200013ec   Data       12288  app_mian.o(.bss)
    uip_buf                                  0x200043ec   Data          98  uip.o(.bss)
    uip_conns                                0x20004450   Data          80  uip.o(.bss)
    uip_listenports                          0x200044a0   Data          12  uip.o(.bss)
    tcp_sever_send_data_buff                 0x2000450c   Data          96  uip_user_call.o(.bss)
    tcp_sever_receive_data_buff              0x2000456c   Data          96  uip_user_call.o(.bss)
    g_arg                                    0x200045cc   Data         128  get_arg.o(.bss)
    __libspace_start                         0x2000464c   Data          96  libspace.o(.bss)
    __temporary_stack_top$libspace           0x200046ac   Data           0  libspace.o(.bss)



==============================================================================

Memory Map of the image

  Image Entry point : 0x080000ed

  Load Region LR_IROM1 (Base: 0x08000000, Size: 0x00005bc8, Max: 0x00020000, ABSOLUTE)

    Execution Region ER_IROM1 (Base: 0x08000000, Size: 0x00005afc, Max: 0x00020000, ABSOLUTE)

    Base Addr    Size         Type   Attr      Idx    E Section Name        Object

    0x08000000   0x000000ec   Data   RO            3    RESET               startup_stm32f10x_md.o
    0x080000ec   0x00000008   Code   RO           92  * !!!main             c_w.l(__main.o)
    0x080000f4   0x00000034   Code   RO          309    !!!scatter          c_w.l(__scatter.o)
    0x08000128   0x0000001a   Code   RO          310    !!handler_copy      c_w.l(__scatter_copy.o)
    0x08000142   0x00000002   PAD
    0x08000144   0x0000001c   Code   RO          311    !!handler_zi        c_w.l(__scatter_zi.o)
    0x08000160   0x00000002   Code   RO          177    .ARM.Collect$$libinit$$00000000  c_w.l(libinit.o)
    0x08000162   0x00000000   Code   RO          179    .ARM.Collect$$libinit$$00000002  c_w.l(libinit2.o)
    0x08000162   0x00000000   Code   RO          182    .ARM.Collect$$libinit$$00000008  c_w.l(libinit2.o)
    0x08000162   0x00000000   Code   RO          184    .ARM.Collect$$libinit$$0000000A  c_w.l(libinit2.o)
    0x08000162   0x00000000   Code   RO          186    .ARM.Collect$$libinit$$0000000C  c_w.l(libinit2.o)
    0x08000162   0x00000000   Code   RO          189    .ARM.Collect$$libinit$$0000000F  c_w.l(libinit2.o)
    0x08000162   0x00000000   Code   RO          191    .ARM.Collect$$libinit$$00000011  c_w.l(libinit2.o)
    0x08000162   0x00000000   Code   RO          193    .ARM.Collect$$libinit$$00000013  c_w.l(libinit2.o)
    0x08000162   0x00000000   Code   RO          195    .ARM.Collect$$libinit$$00000015  c_w.l(libinit2.o)
    0x08000162   0x00000000   Code   RO          197    .ARM.Collect$$libinit$$00000017  c_w.l(libinit2.o)
    0x08000162   0x00000000   Code   RO          199    .ARM.Collect$$libinit$$00000019  c_w.l(libinit2.o)
    0x08000162   0x00000000   Code   RO          201    .ARM.Collect$$libinit$$0000001B  c_w.l(libinit2.o)
    0x08000162   0x00000000   Code   RO          203    .ARM.Collect$$libinit$$0000001D  c_w.l(libinit2.o)
    0x08000162   0x00000000   Code   RO          205    .ARM.Collect$$libinit$$0000001F  c_w.l(libinit2.o)
    0x08000162   0x00000000   Code   RO          207    .ARM.Collect$$libinit$$00000021  c_w.l(libinit2.o)
    0x08000162   0x00000000   Code   RO          209    .ARM.Collect$$libinit$$00000023  c_w.l(libinit2.o)
    0x08000162   0x00000000   Code   RO          213    .ARM.Collect$$libinit$$0000002A  c_w.l(libinit2.o)
    0x08000162   0x00000000   Code   RO          215    .ARM.Collect$$libinit$$0000002C  c_w.l(libinit2.o)
    0x08000162   0x00000000   Code   RO          217    .ARM.Collect$$libinit$$0000002E  c_w.l(libinit2.o)
    0x08000162   0x00000000   Code   RO          219    .ARM.Collect$$libinit$$00000030  c_w.l(libinit2.o)
    0x08000162   0x00000002   Code   RO          220    .ARM.Collect$$libinit$$00000031  c_w.l(libinit2.o)
    0x08000164   0x00000002   Code   RO          297    .ARM.Collect$$libshutdown$$00000000  c_w.l(libshutdown.o)
    0x08000166   0x00000000   Code   RO          223    .ARM.Collect$$libshutdown$$00000003  c_w.l(libshutdown2.o)
    0x08000166   0x00000000   Code   RO          226    .ARM.Collect$$libshutdown$$00000006  c_w.l(libshutdown2.o)
    0x08000166   0x00000000   Code   RO          229    .ARM.Collect$$libshutdown$$00000009  c_w.l(libshutdown2.o)
    0x08000166   0x00000000   Code   RO          231    .ARM.Collect$$libshutdown$$0000000B  c_w.l(libshutdown2.o)
    0x08000166   0x00000000   Code   RO          234    .ARM.Collect$$libshutdown$$0000000E  c_w.l(libshutdown2.o)
    0x08000166   0x00000002   Code   RO          235    .ARM.Collect$$libshutdown$$0000000F  c_w.l(libshutdown2.o)
    0x08000168   0x00000000   Code   RO           96    .ARM.Collect$$rtentry$$00000000  c_w.l(rtentry.o)
    0x08000168   0x00000000   Code   RO          110    .ARM.Collect$$rtentry$$00000002  c_w.l(rtentry2.o)
    0x08000168   0x00000006   Code   RO          122    .ARM.Collect$$rtentry$$00000004  c_w.l(rtentry4.o)
    0x0800016e   0x00000000   Code   RO          112    .ARM.Collect$$rtentry$$00000009  c_w.l(rtentry2.o)
    0x0800016e   0x00000004   Code   RO          113    .ARM.Collect$$rtentry$$0000000A  c_w.l(rtentry2.o)
    0x08000172   0x00000000   Code   RO          115    .ARM.Collect$$rtentry$$0000000C  c_w.l(rtentry2.o)
    0x08000172   0x00000008   Code   RO          116    .ARM.Collect$$rtentry$$0000000D  c_w.l(rtentry2.o)
    0x0800017a   0x00000002   Code   RO          240    .ARM.Collect$$rtexit$$00000000  c_w.l(rtexit.o)
    0x0800017c   0x00000000   Code   RO          265    .ARM.Collect$$rtexit$$00000002  c_w.l(rtexit2.o)
    0x0800017c   0x00000004   Code   RO          266    .ARM.Collect$$rtexit$$00000003  c_w.l(rtexit2.o)
    0x08000180   0x00000006   Code   RO          267    .ARM.Collect$$rtexit$$00000004  c_w.l(rtexit2.o)
    0x08000186   0x00000002   PAD
    0x08000188   0x00000040   Code   RO            4    .text               startup_stm32f10x_md.o
    0x080001c8   0x00000158   Code   RO            6    .text               system_stm32f10x.o
    0x08000320   0x000000c4   Code   RO            8    .text               misc.o
    0x080003e4   0x000002d0   Code   RO            9    .text               stm32f10x_gpio.o
    0x080006b4   0x000002dc   Code   RO           10    .text               stm32f10x_rcc.o
    0x08000990   0x000002b0   Code   RO           12    .text               stm32f10x_spi.o
    0x08000c40   0x0000035c   Code   RO           13    .text               stm32f10x_usart.o
    0x08000f9c   0x00000cda   Code   RO           14    .text               stm32f10x_tim.o
    0x08001c76   0x00000002   PAD
    0x08001c78   0x0000004c   Code   RO           15    .text               bsp_led.o
    0x08001cc4   0x000000d0   Code   RO           16    .text               bsp_systick.o
    0x08001d94   0x0000026c   Code   RO           18    .text               bsp_usart.o
    0x08002000   0x00000648   Code   RO           19    .text               bsp_enc28j60.o
    0x08002648   0x000000dc   Code   RO           21    .text               bsp_spi.o
    0x08002724   0x000001a0   Code   RO           22    .text               bsp_pwm.o
    0x080028c4   0x000000a4   Code   RO           27    .text               os_cpu_a.o
    0x08002968   0x00000086   Code   RO           28    .text               os_cpu_c.o
    0x080029ee   0x00000002   PAD
    0x080029f0   0x00000a6c   Code   RO           30    .text               os_core.o
    0x0800345c   0x00000550   Code   RO           36    .text               os_q.o
    0x080039ac   0x00000420   Code   RO           38    .text               os_task.o
    0x08003dcc   0x00000190   Code   RO           39    .text               os_time.o
    0x08003f5c   0x00000234   Code   RO           40    .text               app_mian.o
    0x08004190   0x00000bf8   Code   RO           48    .text               uip.o
    0x08004d88   0x00000320   Code   RO           55    .text               uip_arp.o
    0x080050a8   0x0000005c   Code   RO           70    .text               tapdev.o
    0x08005104   0x00000048   Code   RO           72    .text               timer.o
    0x0800514c   0x00000244   Code   RO           74    .text               uip_user_call.o
    0x08005390   0x00000078   Code   RO           77    .text               main.o
    0x08005408   0x00000034   Code   RO           78    .text               stm32f10x_it.o
    0x0800543c   0x000000c2   Code   RO           79    .text               get_arg.o
    0x080054fe   0x00000058   Code   RO           85    .text               c_w.l(memcmp.o)
    0x08005556   0x00000048   Code   RO           86    .text               c_w.l(strcpy.o)
    0x0800559e   0x0000003e   Code   RO           87    .text               c_w.l(strlen.o)
    0x080055dc   0x00000018   Code   RO           88    .text               c_w.l(strcat.o)
    0x080055f4   0x0000008a   Code   RO           89    .text               c_w.l(rt_memcpy_v6.o)
    0x0800567e   0x00000044   Code   RO           90    .text               c_w.l(rt_memclr.o)
    0x080056c2   0x00000006   Code   RO           91    .text               c_w.l(heapauxi.o)
    0x080056c8   0x00000064   Code   RO          104    .text               c_w.l(rt_memcpy_w.o)
    0x0800572c   0x0000004e   Code   RO          105    .text               c_w.l(rt_memclr_w.o)
    0x0800577a   0x0000004a   Code   RO          134    .text               c_w.l(sys_stackheap_outer.o)
    0x080057c4   0x0000000c   Code   RO          171    .text               c_w.l(exit.o)
    0x080057d0   0x00000008   Code   RO          236    .text               c_w.l(libspace.o)
    0x080057d8   0x00000002   Code   RO          238    .text               c_w.l(use_no_semi.o)
    0x080057da   0x00000000   Code   RO          239    .text               c_w.l(indicate_semi.o)
    0x080057da   0x00000002   PAD
    0x080057dc   0x0000000c   Code   RO          263    .text               c_w.l(sys_exit.o)
    0x080057e8   0x0000000a   Code   RO           61    i.__ARM_common_memclr4_6  uip_arp.o
    0x080057f2   0x00000010   Code   RO           62    i.__ARM_common_memset4_6  uip_arp.o
    0x08005802   0x00000002   PAD
    0x08005804   0x00000036   Code   RO           93    x$fpl$ffix          fz_ws.l(ffix.o)
    0x0800583a   0x00000002   PAD
    0x0800583c   0x00000102   Code   RO           95    x$fpl$fmul          fz_ws.l(fmul.o)
    0x0800593e   0x0000008c   Code   RO          106    x$fpl$fnaninf       fz_ws.l(fnaninf.o)
    0x080059ca   0x0000000a   Code   RO          107    x$fpl$fretinf       fz_ws.l(fretinf.o)
    0x080059d4   0x00000000   Code   RO          108    x$fpl$usenofp       fz_ws.l(usenofp.o)
    0x080059d4   0x00000100   Data   RO           33    .constdata          os_core.o
    0x08005ad4   0x00000006   Data   RO           57    .constdata          uip_arp.o
    0x08005ada   0x00000002   PAD
    0x08005adc   0x00000020   Data   RO          307    Region$$Table       anon$$obj.o


    Execution Region RW_IRAM1 (Base: 0x20000000, Size: 0x00004cb0, Max: 0x00005000, ABSOLUTE)

    Base Addr    Size         Type   Attr      Idx    E Section Name        Object

    0x20000000   0x00000014   Data   RW            7    .data               system_stm32f10x.o
    0x20000014   0x00000014   Data   RW           11    .data               stm32f10x_rcc.o
    0x20000028   0x00000004   Data   RW           17    .data               bsp_systick.o
    0x2000002c   0x00000004   Data   RW           20    .data               bsp_enc28j60.o
    0x20000030   0x00000002   Data   RW           23    .data               bsp_pwm.o
    0x20000032   0x00000002   PAD
    0x20000034   0x00000038   Data   RW           34    .data               os_core.o
    0x2000006c   0x00000004   Data   RW           35    .data               os_core.o
    0x20000070   0x00000004   Data   RW           44    .data               app_mian.o
    0x20000074   0x00000006   Data   RW           51    .data               uip.o
    0x2000007a   0x00000002   PAD
    0x2000007c   0x00000028   Data   RW           52    .data               uip.o
    0x200000a4   0x00000004   Data   RW           53    .data               uip.o
    0x200000a8   0x00000004   Data   RW           54    .data               uip.o
    0x200000ac   0x00000008   Data   RW           59    .data               uip_arp.o
    0x200000b4   0x0000000c   Data   RW           71    .data               tapdev.o
    0x200000c0   0x00000002   Data   RW           73    .data               timer.o
    0x200000c2   0x0000000a   Data   RW           76    .data               uip_user_call.o
    0x200000cc   0x000010c0   Zero   RW           31    .bss                os_core.o
    0x2000118c   0x00000060   Zero   RW           32    .bss                os_core.o
    0x200011ec   0x00000100   Zero   RW           41    .bss                app_mian.o
    0x200012ec   0x00003100   Zero   RW           42    .bss                app_mian.o
    0x200043ec   0x000000c0   Zero   RW           49    .bss                uip.o
    0x200044ac   0x00000060   Zero   RW           56    .bss                uip_arp.o
    0x2000450c   0x000000c0   Zero   RW           75    .bss                uip_user_call.o
    0x200045cc   0x00000080   Zero   RW           80    .bss                get_arg.o
    0x2000464c   0x00000060   Zero   RW          237    .bss                c_w.l(libspace.o)
    0x200046ac   0x00000004   PAD
    0x200046b0   0x00000200   Zero   RW            2    HEAP                startup_stm32f10x_md.o
    0x200048b0   0x00000400   Zero   RW            1    STACK               startup_stm32f10x_md.o


==============================================================================

Image component sizes


      Code (inc. data)   RO Data    RW Data    ZI Data      Debug   Object Name

       564        186          0          4      12800          0   app_mian.o
      1608         16          0          4          0          0   bsp_enc28j60.o
        76          6          0          0          0          0   bsp_led.o
       416         26          0          2          0          0   bsp_pwm.o
       220         14          0          0          0          0   bsp_spi.o
       208         18          0          4          0          0   bsp_systick.o
       620         38          0          0          0          0   bsp_usart.o
       194          0          0          0        128          0   get_arg.o
       120         48          0          0          0          0   main.o
       196         16          0          0          0          0   misc.o
      2668        104        256         60       4384          0   os_core.o
       164         32          0          0          0          0   os_cpu_a.o
       134          0          0          0          0          0   os_cpu_c.o
      1360         30          0          0          0          0   os_q.o
      1056         26          0          0          0          0   os_task.o
       400         26          0          0          0          0   os_time.o
        64         26        236          0       1536          0   startup_stm32f10x_md.o
       720         14          0          0          0          0   stm32f10x_gpio.o
        52          4          0          0          0          0   stm32f10x_it.o
       732         42          0         20          0          0   stm32f10x_rcc.o
       688          4          0          0          0          0   stm32f10x_spi.o
      3290         22          0          0          0          0   stm32f10x_tim.o
       860          4          0          0          0          0   stm32f10x_usart.o
       344         32          0         20          0          0   system_stm32f10x.o
        92         18          0         12          0          0   tapdev.o
        72          6          0          2          0          0   timer.o
      3064         94          0         54        192          0   uip.o
       826         52          6          8         96          0   uip_arp.o
       580         94          0         10        192          0   uip_user_call.o

    ----------------------------------------------------------------------
     21394        998        532        204      19328          0   Object Totals
         0          0         32          0          0          0   (incl. Generated)
         6          0          2          4          0          0   (incl. Padding)

    ----------------------------------------------------------------------

      Code (inc. data)   RO Data    RW Data    ZI Data      Debug   Library Member Name

         8          0          0          0          0          0   __main.o
        52          8          0          0          0          0   __scatter.o
        26          0          0          0          0          0   __scatter_copy.o
        28          0          0          0          0          0   __scatter_zi.o
        12          0          0          0          0          0   exit.o
         6          0          0          0          0          0   heapauxi.o
         0          0          0          0          0          0   indicate_semi.o
         2          0          0          0          0          0   libinit.o
         2          0          0          0          0          0   libinit2.o
         2          0          0          0          0          0   libshutdown.o
         2          0          0          0          0          0   libshutdown2.o
         8          4          0          0         96          0   libspace.o
        88          0          0          0          0          0   memcmp.o
        68          0          0          0          0          0   rt_memclr.o
        78          0          0          0          0          0   rt_memclr_w.o
       138          0          0          0          0          0   rt_memcpy_v6.o
       100          0          0          0          0          0   rt_memcpy_w.o
         0          0          0          0          0          0   rtentry.o
        12          0          0          0          0          0   rtentry2.o
         6          0          0          0          0          0   rtentry4.o
         2          0          0          0          0          0   rtexit.o
        10          0          0          0          0          0   rtexit2.o
        24          0          0          0          0          0   strcat.o
        72          0          0          0          0          0   strcpy.o
        62          0          0          0          0          0   strlen.o
        12          4          0          0          0          0   sys_exit.o
        74          0          0          0          0          0   sys_stackheap_outer.o
         2          0          0          0          0          0   use_no_semi.o
        54          4          0          0          0          0   ffix.o
       258          4          0          0          0          0   fmul.o
       140          4          0          0          0          0   fnaninf.o
        10          0          0          0          0          0   fretinf.o
         0          0          0          0          0          0   usenofp.o

    ----------------------------------------------------------------------
      1366         28          0          0        100          0   Library Totals
         8          0          0          0          4          0   (incl. Padding)

    ----------------------------------------------------------------------

      Code (inc. data)   RO Data    RW Data    ZI Data      Debug   Library Name

       896         16          0          0         96          0   c_w.l
       462         12          0          0          0          0   fz_ws.l

    ----------------------------------------------------------------------
      1366         28          0          0        100          0   Library Totals

    ----------------------------------------------------------------------

==============================================================================


      Code (inc. data)   RO Data    RW Data    ZI Data      Debug   

     22760       1026        532        204      19428          0   Grand Totals
     22760       1026        532        204      19428          0   ELF Image Totals
     22760       1026        532        204          0          0   ROM Totals

==============================================================================

    Total RO  Size (Code + RO Data)                23292 (  22.75kB)
    Total RW  Size (RW Data + ZI Data)             19632 (  19.17kB)
    Total ROM Size (Code + RO Data + RW Data)      23496 (  22.95kB)

==============================================================================

