ARM Linker, 5.03 [Build 76] [MDK-ARM Standard]

==============================================================================

Section Cross References

    startup_stm32f10x_md.o(STACK) refers (Special) to heapauxi.o(.text) for __use_two_region_memory
    startup_stm32f10x_md.o(HEAP) refers (Special) to heapauxi.o(.text) for __use_two_region_memory
    startup_stm32f10x_md.o(RESET) refers (Special) to heapauxi.o(.text) for __use_two_region_memory
    startup_stm32f10x_md.o(RESET) refers to startup_stm32f10x_md.o(STACK) for __initial_sp
    startup_stm32f10x_md.o(RESET) refers to startup_stm32f10x_md.o(.text) for Reset_Handler
    startup_stm32f10x_md.o(RESET) refers to stm32f10x_it.o(.text) for NMI_Handler
    startup_stm32f10x_md.o(RESET) refers to os_cpu_a.o(.text) for PendSV_Handler
    startup_stm32f10x_md.o(.text) refers (Special) to heapauxi.o(.text) for __use_two_region_memory
    startup_stm32f10x_md.o(.text) refers to system_stm32f10x.o(.text) for SystemInit
    startup_stm32f10x_md.o(.text) refers to __main.o(!!!main) for __main
    startup_stm32f10x_md.o(.text) refers to startup_stm32f10x_md.o(HEAP) for Heap_Mem
    startup_stm32f10x_md.o(.text) refers to startup_stm32f10x_md.o(STACK) for Stack_Mem
    system_stm32f10x.o(.text) refers to system_stm32f10x.o(.data) for .data
    stm32f10x_gpio.o(.text) refers to stm32f10x_rcc.o(.text) for RCC_APB2PeriphResetCmd
    stm32f10x_rcc.o(.text) refers to stm32f10x_rcc.o(.data) for .data
    stm32f10x_spi.o(.text) refers to stm32f10x_rcc.o(.text) for RCC_APB2PeriphResetCmd
    stm32f10x_usart.o(.text) refers to stm32f10x_rcc.o(.text) for RCC_APB2PeriphResetCmd
    stm32f10x_tim.o(.text) refers to stm32f10x_rcc.o(.text) for RCC_APB2PeriphResetCmd
    bsp_led.o(.text) refers to stm32f10x_rcc.o(.text) for RCC_APB2PeriphClockCmd
    bsp_led.o(.text) refers to stm32f10x_gpio.o(.text) for GPIO_Init
    bsp_systick.o(.text) refers to misc.o(.text) for SysTick_CLKSourceConfig
    bsp_systick.o(.text) refers to os_time.o(.text) for OSTimeDly
    bsp_systick.o(.text) refers to system_stm32f10x.o(.data) for SystemCoreClock
    bsp_systick.o(.text) refers to bsp_systick.o(.data) for .data
    bsp_systick.o(.text) refers to os_core.o(.data) for OSRunning
    bsp_usart.o(.text) refers to stm32f10x_rcc.o(.text) for RCC_APB2PeriphClockCmd
    bsp_usart.o(.text) refers to stm32f10x_gpio.o(.text) for GPIO_Init
    bsp_usart.o(.text) refers to stm32f10x_usart.o(.text) for USART_Init
    bsp_usart.o(.text) refers to fmul.o(x$fpl$fmul) for __aeabi_fmul
    bsp_usart.o(.text) refers to ffix.o(x$fpl$ffix) for __aeabi_f2iz
    bsp_enc28j60.o(.text) refers to stm32f10x_gpio.o(.text) for GPIO_ResetBits
    bsp_enc28j60.o(.text) refers to bsp_spi.o(.text) for spi_rw
    bsp_enc28j60.o(.text) refers to stm32f10x_rcc.o(.text) for RCC_APB2PeriphClockCmd
    bsp_enc28j60.o(.text) refers to bsp_enc28j60.o(.data) for .data
    bsp_spi.o(.text) refers to stm32f10x_rcc.o(.text) for RCC_APB2PeriphClockCmd
    bsp_spi.o(.text) refers to stm32f10x_gpio.o(.text) for GPIO_Init
    bsp_spi.o(.text) refers to stm32f10x_spi.o(.text) for SPI_Cmd
    bsp_pwm.o(.text) refers to stm32f10x_rcc.o(.text) for RCC_APB2PeriphClockCmd
    bsp_pwm.o(.text) refers to stm32f10x_gpio.o(.text) for GPIO_Init
    bsp_pwm.o(.text) refers to stm32f10x_tim.o(.text) for TIM_DeInit
    bsp_pwm.o(.text) refers to bsp_pwm.o(.data) for .data
    bsp_sw.o(.text) refers to stm32f10x_rcc.o(.text) for RCC_APB2PeriphClockCmd
    bsp_sw.o(.text) refers to stm32f10x_gpio.o(.text) for GPIO_Init
    bsp_logic.o(.text) refers to stm32f10x_rcc.o(.text) for RCC_APB2PeriphClockCmd
    bsp_logic.o(.text) refers to stm32f10x_gpio.o(.text) for GPIO_Init
    bsp_logic.o(.text) refers to bsp_74hc595.o(.text) for _74hc595_send_n_char
    os_cpu_a.o(.text) refers to os_core.o(.data) for OSRunning
    os_cpu_a.o(.text) refers to os_cpu_c.o(.text) for OSTaskSwHook
    os_core.o(.text) refers to os_cpu_a.o(.text) for OS_CPU_SR_Save
    os_core.o(.text) refers to os_task.o(.text) for OSTaskStkChk
    os_core.o(.text) refers to os_core.o(.data) for .data
    os_core.o(.text) refers to os_core.o(.constdata) for .constdata
    os_core.o(.text) refers to os_core.o(.bss) for .bss
    os_core.o(.text) refers to os_time.o(.text) for OSTimeDly
    os_core.o(.text) refers to os_cpu_c.o(.text) for OSTaskStatHook
    os_core.o(.text) refers to os_q.o(.text) for OS_QInit
    os_q.o(.text) refers to os_cpu_a.o(.text) for OS_CPU_SR_Save
    os_q.o(.text) refers to os_core.o(.text) for OS_EventWaitListInit
    os_q.o(.text) refers to os_core.o(.data) for OSIntNesting
    os_q.o(.text) refers to os_core.o(.data) for OSQFreeList
    os_q.o(.text) refers to os_core.o(.bss) for OSQTbl
    os_sem.o(.text) refers to os_cpu_a.o(.text) for OS_CPU_SR_Save
    os_sem.o(.text) refers to os_core.o(.text) for OS_EventWaitListInit
    os_sem.o(.text) refers to os_core.o(.data) for OSIntNesting
[...]
    ..\uip-1.0\uip\uiplib.c                  0x00000000   Number         0  uiplib.o ABSOLUTE
    ..\uip-app\tapdev.c                      0x00000000   Number         0  tapdev.o ABSOLUTE
    ..\uip-app\timer.c                       0x00000000   Number         0  timer.o ABSOLUTE
    ..\uip-app\uip_user_call.c               0x00000000   Number         0  uip_user_call.o ABSOLUTE
    ..\user\get_arg.c                        0x00000000   Number         0  get_arg.o ABSOLUTE
    ..\user\main.c                           0x00000000   Number         0  main.o ABSOLUTE
    ..\user\stm32f10x_it.c                   0x00000000   Number         0  stm32f10x_it.o ABSOLUTE
    dc.s                                     0x00000000   Number         0  dc.o ABSOLUTE
    RESET                                    0x08000000   Section      236  startup_stm32f10x_md.o(RESET)
    !!!main                                  0x080000ec   Section        8  __main.o(!!!main)
    !!!scatter                               0x080000f4   Section       52  __scatter.o(!!!scatter)
    !!handler_copy                           0x08000128   Section       26  __scatter_copy.o(!!handler_copy)
    !!handler_zi                             0x08000144   Section       28  __scatter_zi.o(!!handler_zi)
    .ARM.Collect$$_printf_percent$$00000000  0x08000160   Section        0  _printf_percent.o(.ARM.Collect$$_printf_percent$$00000000)
    .ARM.Collect$$_printf_percent$$00000009  0x08000160   Section        6  _printf_d.o(.ARM.Collect$$_printf_percent$$00000009)
    .ARM.Collect$$_printf_percent$$00000017  0x08000166   Section        4  _printf_percent_end.o(.ARM.Collect$$_printf_percent$$00000017)
    .ARM.Collect$$libinit$$00000000          0x0800016a   Section        2  libinit.o(.ARM.Collect$$libinit$$00000000)
    .ARM.Collect$$libinit$$00000002          0x0800016c   Section        0  libinit2.o(.ARM.Collect$$libinit$$00000002)
    .ARM.Collect$$libinit$$00000008          0x0800016c   Section        0  libinit2.o(.ARM.Collect$$libinit$$00000008)
    .ARM.Collect$$libinit$$0000000A          0x0800016c   Section        0  libinit2.o(.ARM.Collect$$libinit$$0000000A)
    .ARM.Collect$$libinit$$0000000C          0x0800016c   Section        0  libinit2.o(.ARM.Collect$$libinit$$0000000C)
    .ARM.Collect$$libinit$$0000000F          0x0800016c   Section        0  libinit2.o(.ARM.Collect$$libinit$$0000000F)
    .ARM.Collect$$libinit$$00000011          0x0800016c   Section        0  libinit2.o(.ARM.Collect$$libinit$$00000011)
    .ARM.Collect$$libinit$$00000013          0x0800016c   Section        0  libinit2.o(.ARM.Collect$$libinit$$00000013)
    .ARM.Collect$$libinit$$00000015          0x0800016c   Section        0  libinit2.o(.ARM.Collect$$libinit$$00000015)
    .ARM.Collect$$libinit$$00000017          0x0800016c   Section        0  libinit2.o(.ARM.Collect$$libinit$$00000017)
    .ARM.Collect$$libinit$$00000019          0x0800016c   Section        0  libinit2.o(.ARM.Collect$$libinit$$00000019)
    .ARM.Collect$$libinit$$0000001B          0x0800016c   Section        0  libinit2.o(.ARM.Collect$$libinit$$0000001B)
    .ARM.Collect$$libinit$$0000001D          0x0800016c   Section        0  libinit2.o(.ARM.Collect$$libinit$$0000001D)
    .ARM.Collect$$libinit$$0000001F          0x0800016c   Section        0  libinit2.o(.ARM.Collect$$libinit$$0000001F)
    .ARM.Collect$$libinit$$00000021          0x0800016c   Section        0  libinit2.o(.ARM.Collect$$libinit$$00000021)
    .ARM.Collect$$libinit$$00000023          0x0800016c   Section        0  libinit2.o(.ARM.Collect$$libinit$$00000023)
    .ARM.Collect$$libinit$$0000002A          0x0800016c   Section        0  libinit2.o(.ARM.Collect$$libinit$$0000002A)
    .ARM.Collect$$libinit$$0000002C          0x0800016c   Section        0  libinit2.o(.ARM.Collect$$libinit$$0000002C)
    .ARM.Collect$$libinit$$0000002E          0x0800016c   Section        0  libinit2.o(.ARM.Collect$$libinit$$0000002E)
    .ARM.Collect$$libinit$$00000030          0x0800016c   Section        0  libinit2.o(.ARM.Collect$$libinit$$00000030)
    .ARM.Collect$$libinit$$00000031          0x0800016c   Section        2  libinit2.o(.ARM.Collect$$libinit$$00000031)
    .ARM.Collect$$libshutdown$$00000000      0x0800016e   Section        2  libshutdown.o(.ARM.Collect$$libshutdown$$00000000)
    .ARM.Collect$$libshutdown$$00000003      0x08000170   Section        0  libshutdown2.o(.ARM.Collect$$libshutdown$$00000003)
    .ARM.Collect$$libshutdown$$00000006      0x08000170   Section        0  libshutdown2.o(.ARM.Collect$$libshutdown$$00000006)
    .ARM.Collect$$libshutdown$$00000009      0x08000170   Section        0  libshutdown2.o(.ARM.Collect$$libshutdown$$00000009)
    .ARM.Collect$$libshutdown$$0000000B      0x08000170   Section        0  libshutdown2.o(.ARM.Collect$$libshutdown$$0000000B)
    .ARM.Collect$$libshutdown$$0000000E      0x08000170   Section        0  libshutdown2.o(.ARM.Collect$$libshutdown$$0000000E)
    .ARM.Collect$$libshutdown$$0000000F      0x08000170   Section        2  libshutdown2.o(.ARM.Collect$$libshutdown$$0000000F)
    .ARM.Collect$$rtentry$$00000000          0x08000172   Section        0  rtentry.o(.ARM.Collect$$rtentry$$00000000)
    .ARM.Collect$$rtentry$$00000002          0x08000172   Section        0  rtentry2.o(.ARM.Collect$$rtentry$$00000002)
    .ARM.Collect$$rtentry$$00000004          0x08000172   Section        6  rtentry4.o(.ARM.Collect$$rtentry$$00000004)
    .ARM.Collect$$rtentry$$00000009          0x08000178   Section        0  rtentry2.o(.ARM.Collect$$rtentry$$00000009)
    .ARM.Collect$$rtentry$$0000000A          0x08000178   Section        4  rtentry2.o(.ARM.Collect$$rtentry$$0000000A)
    .ARM.Collect$$rtentry$$0000000C          0x0800017c   Section        0  rtentry2.o(.ARM.Collect$$rtentry$$0000000C)
    .ARM.Collect$$rtentry$$0000000D          0x0800017c   Section        8  rtentry2.o(.ARM.Collect$$rtentry$$0000000D)
    .ARM.Collect$$rtexit$$00000000           0x08000184   Section        2  rtexit.o(.ARM.Collect$$rtexit$$00000000)
    .ARM.Collect$$rtexit$$00000002           0x08000186   Section        0  rtexit2.o(.ARM.Collect$$rtexit$$00000002)
    .ARM.Collect$$rtexit$$00000003           0x08000186   Section        4  rtexit2.o(.ARM.Collect$$rtexit$$00000003)
    .ARM.Collect$$rtexit$$00000004           0x0800018a   Section        6  rtexit2.o(.ARM.Collect$$rtexit$$00000004)
    .text                                    0x08000190   Section       64  startup_stm32f10x_md.o(.text)
    .text                                    0x080001d0   Section        0  system_stm32f10x.o(.text)
    .text                                    0x08000328   Section        0  misc.o(.text)
    .text                                    0x080003ec   Section        0  stm32f10x_gpio.o(.text)
    .text                                    0x080006bc   Section        0  stm32f10x_rcc.o(.text)
    .text                                    0x08000998   Section        0  stm32f10x_spi.o(.text)
    .text                                    0x08000c48   Section        0  stm32f10x_usart.o(.text)
    .text                                    0x08000fa4   Section        0  stm32f10x_tim.o(.text)
    TI2_Config                               0x08001481   Thumb Code   124  stm32f10x_tim.o(.text)
    TI1_Config                               0x08001c05   Thumb Code   122  stm32f10x_tim.o(.text)
    .text                                    0x08001c80   Section        0  bsp_led.o(.text)
    .text                                    0x08001d14   Section        0  bsp_systick.o(.text)
    .text                                    0x08001de4   Section        0  bsp_usart.o(.text)
    .text                                    0x08002040   Section        0  bsp_enc28j60.o(.text)
    .text                                    0x08002688   Section        0  bsp_spi.o(.text)
    .text                                    0x08002764   Section        0  bsp_pwm.o(.text)
    .text                                    0x08002904   Section      164  os_cpu_a.o(.text)
    .text                                    0x080029a8   Section        0  os_cpu_c.o(.text)
    .text                                    0x08002a30   Section        0  os_core.o(.text)
    .text                                    0x0800348c   Section        0  os_q.o(.text)
    .text                                    0x080039dc   Section        0  os_task.o(.text)
    .text                                    0x08003dfc   Section        0  os_time.o(.text)
    .text                                    0x08003f8c   Section        0  app_mian.o(.text)
    .text                                    0x080040d4   Section        0  uip.o(.text)
    uip_add_rcv_nxt                          0x08004345   Thumb Code    38  uip.o(.text)
    chksum                                   0x08004c85   Thumb Code    62  uip.o(.text)
    .text                                    0x08004ccc   Section        0  uip_arp.o(.text)
    uip_arp_update                           0x08004d31   Thumb Code   194  uip_arp.o(.text)
    .text                                    0x08004fec   Section        0  tapdev.o(.text)
    .text                                    0x08005048   Section        0  timer.o(.text)
    .text                                    0x08005090   Section        0  uip_user_call.o(.text)
    .text                                    0x080052a4   Section        0  main.o(.text)
    .text                                    0x08005308   Section        0  stm32f10x_it.o(.text)
    .text                                    0x0800533c   Section        0  noretval__2sprintf.o(.text)
    .text                                    0x08005364   Section        0  _printf_dec.o(.text)
    .text                                    0x080053dc   Section        0  __printf_wp.o(.text)
    .text                                    0x080054ea   Section        0  strcpy.o(.text)
    .text                                    0x08005532   Section        0  strlen.o(.text)
    .text                                    0x08005570   Section      138  rt_memcpy_v6.o(.text)
    .text                                    0x080055fa   Section        0  heapauxi.o(.text)
    .text                                    0x08005600   Section        0  _printf_intcommon.o(.text)
    .text                                    0x080056b8   Section        0  _printf_char_common.o(.text)
    _printf_input_char                       0x080056b9   Thumb Code    10  _printf_char_common.o(.text)
    .text                                    0x080056e8   Section        0  _sputc.o(.text)
    .text                                    0x080056f2   Section      100  rt_memcpy_w.o(.text)
    .text                                    0x08005756   Section       74  sys_stackheap_outer.o(.text)
    .text                                    0x080057a0   Section        0  exit.o(.text)
    .text                                    0x080057ac   Section        8  libspace.o(.text)
    .text                                    0x080057b4   Section        2  use_no_semi.o(.text)
    .text                                    0x080057b6   Section        0  indicate_semi.o(.text)
    .text                                    0x080057b8   Section        0  sys_exit.o(.text)
    i.__ARM_common_memclr4_6                 0x080057c4   Section        0  uip_arp.o(i.__ARM_common_memclr4_6)
    i.__ARM_common_memset4_6                 0x080057ce   Section        0  uip_arp.o(i.__ARM_common_memset4_6)
    i._is_digit                              0x080057de   Section        0  __printf_wp.o(i._is_digit)
    x$fpl$ffix                               0x080057ec   Section       54  ffix.o(x$fpl$ffix)
    x$fpl$fmul                               0x08005824   Section      258  fmul.o(x$fpl$fmul)
    x$fpl$fnaninf                            0x08005926   Section      140  fnaninf.o(x$fpl$fnaninf)
    x$fpl$fretinf                            0x080059b2   Section       10  fretinf.o(x$fpl$fretinf)
    .constdata                               0x080059bc   Section      256  os_core.o(.constdata)
    x$fpl$usenofp                            0x080059bc   Section        0  usenofp.o(x$fpl$usenofp)
    .constdata                               0x08005abc   Section        6  uip_arp.o(.constdata)
    broadcast_ethaddr                        0x08005abc   Data           6  uip_arp.o(.constdata)
    .data                                    0x20000000   Section       20  system_stm32f10x.o(.data)
    .data                                    0x20000014   Section       20  stm32f10x_rcc.o(.data)
    ADCPrescTable                            0x20000014   Data           4  stm32f10x_rcc.o(.data)
    APBAHBPrescTable                         0x20000018   Data          16  stm32f10x_rcc.o(.data)
    .data                                    0x20000028   Section        4  bsp_systick.o(.data)
    fac_us                                   0x20000028   Data           1  bsp_systick.o(.data)
    fac_ms                                   0x2000002a   Data           2  bsp_systick.o(.data)
    .data                                    0x2000002c   Section        4  bsp_enc28j60.o(.data)
    enc28j60_bank                            0x2000002c   Data           1  bsp_enc28j60.o(.data)
    next_pkt                                 0x2000002e   Data           2  bsp_enc28j60.o(.data)
    .data                                    0x20000030   Section        2  bsp_pwm.o(.data)
    pwm_freq                                 0x20000030   Data           2  bsp_pwm.o(.data)
    .data                                    0x20000034   Section       56  os_core.o(.data)
    .data                                    0x2000006c   Section        4  os_core.o(.data)
    .data                                    0x20000070   Section        8  app_mian.o(.data)
    .data                                    0x20000078   Section        6  uip.o(.data)
    .data                                    0x20000080   Section       40  uip.o(.data)
    c                                        0x20000081   Data           1  uip.o(.data)
    opt                                      0x20000082   Data           1  uip.o(.data)
    ipid                                     0x20000088   Data           2  uip.o(.data)
    lastport                                 0x2000008a   Data           2  uip.o(.data)
    tmp16                                    0x2000008c   Data           2  uip.o(.data)
    iss                                      0x200000a0   Data           4  uip.o(.data)
    .data                                    0x200000a8   Section        4  uip.o(.data)
    .data                                    0x200000ac   Section        4  uip.o(.data)
    .data                                    0x200000b0   Section        8  uip_arp.o(.data)
    i                                        0x200000b0   Data           1  uip_arp.o(.data)
    c                                        0x200000b1   Data           1  uip_arp.o(.data)
    arptime                                  0x200000b2   Data           1  uip_arp.o(.data)
    tmpage                                   0x200000b3   Data           1  uip_arp.o(.data)
    ipaddr                                   0x200000b4   Data           4  uip_arp.o(.data)
    .data                                    0x200000b8   Section       12  tapdev.o(.data)
    ethernet_mac                             0x200000b8   Data           6  tapdev.o(.data)
    .data                                    0x200000c4   Section        2  timer.o(.data)
    .data                                    0x200000c6   Section       10  uip_user_call.o(.data)
    i                                        0x200000c7   Data           1  uip_user_call.o(.data)
    periodic_timer                           0x200000c8   Data           4  uip_user_call.o(.data)
    arp_timer                                0x200000cc   Data           4  uip_user_call.o(.data)
    .bss                                     0x200000d0   Section     4032  os_core.o(.bss)
    .bss                                     0x20001090   Section       96  os_core.o(.bss)
    .bss                                     0x200010f0   Section      256  app_mian.o(.bss)
    .bss                                     0x200011f0   Section    10240  app_mian.o(.bss)
    .bss                                     0x200039f0   Section      224  uip.o(.bss)
    .bss                                     0x20003ad0   Section       96  uip_arp.o(.bss)
    arp_table                                0x20003ad0   Data          96  uip_arp.o(.bss)
    .bss                                     0x20003b30   Section      256  uip_user_call.o(.bss)
    .bss                                     0x20003c30   Section       96  libspace.o(.bss)
    HEAP                                     0x20003c90   Section      512  startup_stm32f10x_md.o(HEAP)
    Heap_Mem                                 0x20003c90   Data         512  startup_stm32f10x_md.o(HEAP)
    STACK                                    0x20003e90   Section     1024  startup_stm32f10x_md.o(STACK)
    Stack_Mem                                0x20003e90   Data        1024  startup_stm32f10x_md.o(STACK)
    __initial_sp                             0x20004290   Data           0  startup_stm32f10x_md.o(STACK)

    Global Symbols

    Symbol Name                              Value     Ov Type        Size  Object(Section)

    BuildAttributes$$THM_ISAv4$P$D$K$B$S$PE$A:L22UL41UL21$X:L11$S22US41US21$IEEE1$IW$USESV6$~STKCKD$USESV7$~SHL$OTIME$ROPI$EBA8$UX$STANDARDLIB$REQ8$PRES8$EABIv2 0x00000000   Number         0  anon$$obj.o ABSOLUTE
    __ARM_use_no_argv                        0x00000000   Number         0  main.o ABSOLUTE
    _printf_flags                            0x00000000   Number         0  printf_stubs.o ABSOLUTE
    _printf_return_value                     0x00000000   Number         0  printf_stubs.o ABSOLUTE
    _printf_sizespec                         0x00000000   Number         0  printf_stubs.o ABSOLUTE
    _printf_widthprec                        0x00000000   Number         0  printf_stubs.o ABSOLUTE
    __ARM_exceptions_init                     - Undefined Weak Reference
    __alloca_initialize                       - Undefined Weak Reference
    __cpp_initialize__aeabi_                  - Undefined Weak Reference
    __cxa_finalize                            - Undefined Weak Reference
    __rt_locale                               - Undefined Weak Reference
    __sigvec_lookup                           - Undefined Weak Reference
    __user_heap_extent                        - Undefined Weak Reference
    _atexit_init                              - Undefined Weak Reference
    _call_atexit_fns                          - Undefined Weak Reference
    _clock_init                               - Undefined Weak Reference
    _fp_trap_init                             - Undefined Weak Reference
    _fp_trap_shutdown                         - Undefined Weak Reference
    _get_lc_collate                           - Undefined Weak Reference
    _get_lc_ctype                             - Undefined Weak Reference
    _get_lc_monetary                          - Undefined Weak Reference
    _get_lc_numeric                           - Undefined Weak Reference
    _get_lc_time                              - Undefined Weak Reference
    _getenv_init                              - Undefined Weak Reference
    _handle_redirection                       - Undefined Weak Reference
    _mutex_acquire                            - Undefined Weak Reference
    _mutex_free                               - Undefined Weak Reference
    _mutex_release                            - Undefined Weak Reference
    _printf_post_padding                      - Undefined Weak Reference
    _printf_pre_padding                       - Undefined Weak Reference
    _printf_truncate_signed                   - Undefined Weak Reference
    _printf_truncate_unsigned                 - Undefined Weak Reference
    _rand_init                                - Undefined Weak Reference
    _signal_finish                            - Undefined Weak Reference
    _signal_init                              - Undefined Weak Reference
    __Vectors_Size                           0x000000ec   Number         0  startup_stm32f10x_md.o ABSOLUTE
    __Vectors                                0x08000000   Data           4  startup_stm32f10x_md.o(RESET)
    __Vectors_End                            0x080000ec   Data           0  startup_stm32f10x_md.o(RESET)
    __main                                   0x080000ed   Thumb Code     8  __main.o(!!!main)
    __scatterload                            0x080000f5   Thumb Code     0  __scatter.o(!!!scatter)
    __scatterload_rt2                        0x080000f5   Thumb Code    44  __scatter.o(!!!scatter)
    __scatterload_rt2_thumb_only             0x080000f5   Thumb Code     0  __scatter.o(!!!scatter)
    __scatterload_null                       0x08000103   Thumb Code     0  __scatter.o(!!!scatter)
    __scatterload_copy                       0x08000129   Thumb Code    26  __scatter_copy.o(!!handler_copy)
    __scatterload_zeroinit                   0x08000145   Thumb Code    28  __scatter_zi.o(!!handler_zi)
    _printf_d                                0x08000161   Thumb Code     0  _printf_d.o(.ARM.Collect$$_printf_percent$$00000009)
    _printf_percent                          0x08000161   Thumb Code     0  _printf_percent.o(.ARM.Collect$$_printf_percent$$00000000)
    _printf_percent_end                      0x08000167   Thumb Code     0  _printf_percent_end.o(.ARM.Collect$$_printf_percent$$00000017)
    __rt_lib_init                            0x0800016b   Thumb Code     0  libinit.o(.ARM.Collect$$libinit$$00000000)
    __rt_lib_init_alloca_1                   0x0800016d   Thumb Code     0  libinit2.o(.ARM.Collect$$libinit$$0000002C)
    __rt_lib_init_argv_1                     0x0800016d   Thumb Code     0  libinit2.o(.ARM.Collect$$libinit$$0000002A)
    __rt_lib_init_atexit_1                   0x0800016d   Thumb Code     0  libinit2.o(.ARM.Collect$$libinit$$00000019)
    __rt_lib_init_clock_1                    0x0800016d   Thumb Code     0  libinit2.o(.ARM.Collect$$libinit$$0000001F)
    __rt_lib_init_cpp_1                      0x0800016d   Thumb Code     0  libinit2.o(.ARM.Collect$$libinit$$00000030)
    __rt_lib_init_exceptions_1               0x0800016d   Thumb Code     0  libinit2.o(.ARM.Collect$$libinit$$0000002E)
    __rt_lib_init_fp_1                       0x0800016d   Thumb Code     0  libinit2.o(.ARM.Collect$$libinit$$00000002)
    __rt_lib_init_fp_trap_1                  0x0800016d   Thumb Code     0  libinit2.o(.ARM.Collect$$libinit$$0000001D)
    __rt_lib_init_getenv_1                   0x0800016d   Thumb Code     0  libinit2.o(.ARM.Collect$$libinit$$00000021)
    __rt_lib_init_heap_1                     0x0800016d   Thumb Code     0  libinit2.o(.ARM.Collect$$libinit$$00000008)
    __rt_lib_init_lc_collate_1               0x0800016d   Thumb Code     0  libinit2.o(.ARM.Collect$$libinit$$0000000F)
    __rt_lib_init_lc_ctype_1                 0x0800016d   Thumb Code     0  libinit2.o(.ARM.Collect$$libinit$$00000011)
    __rt_lib_init_lc_monetary_1              0x0800016d   Thumb Code     0  libinit2.o(.ARM.Collect$$libinit$$00000013)
    __rt_lib_init_lc_numeric_1               0x0800016d   Thumb Code     0  libinit2.o(.ARM.Collect$$libinit$$00000015)
    __rt_lib_init_lc_time_1                  0x0800016d   Thumb Code     0  libinit2.o(.ARM.Collect$$libinit$$00000017)
    __rt_lib_init_rand_1                     0x0800016d   Thumb Code     0  libinit2.o(.ARM.Collect$$libinit$$0000000C)
    __rt_lib_init_return                     0x0800016d   Thumb Code     0  libinit2.o(.ARM.Collect$$libinit$$00000031)
    __rt_lib_init_signal_1                   0x0800016d   Thumb Code     0  libinit2.o(.ARM.Collect$$libinit$$0000001B)
    __rt_lib_init_stdio_1                    0x0800016d   Thumb Code     0  libinit2.o(.ARM.Collect$$libinit$$00000023)
    __rt_lib_init_user_alloc_1               0x0800016d   Thumb Code     0  libinit2.o(.ARM.Collect$$libinit$$0000000A)
    __rt_lib_shutdown                        0x0800016f   Thumb Code     0  libshutdown.o(.ARM.Collect$$libshutdown$$00000000)
    __rt_lib_shutdown_fp_trap_1              0x08000171   Thumb Code     0  libshutdown2.o(.ARM.Collect$$libshutdown$$00000006)
    __rt_lib_shutdown_heap_1                 0x08000171   Thumb Code     0  libshutdown2.o(.ARM.Collect$$libshutdown$$0000000E)
    __rt_lib_shutdown_return                 0x08000171   Thumb Code     0  libshutdown2.o(.ARM.Collect$$libshutdown$$0000000F)
    __rt_lib_shutdown_signal_1               0x08000171   Thumb Code     0  libshutdown2.o(.ARM.Collect$$libshutdown$$00000009)
    __rt_lib_shutdown_stdio_1                0x08000171   Thumb Code     0  libshutdown2.o(.ARM.Collect$$libshutdown$$00000003)
    __rt_lib_shutdown_user_alloc_1           0x08000171   Thumb Code     0  libshutdown2.o(.ARM.Collect$$libshutdown$$0000000B)
    __rt_entry                               0x08000173   Thumb Code     0  rtentry.o(.ARM.Collect$$rtentry$$00000000)
    __rt_entry_presh_1                       0x08000173   Thumb Code     0  rtentry2.o(.ARM.Collect$$rtentry$$00000002)
    __rt_entry_sh                            0x08000173   Thumb Code     0  rtentry4.o(.ARM.Collect$$rtentry$$00000004)
    __rt_entry_li                            0x08000179   Thumb Code     0  rtentry2.o(.ARM.Collect$$rtentry$$0000000A)
    __rt_entry_postsh_1                      0x08000179   Thumb Code     0  rtentry2.o(.ARM.Collect$$rtentry$$00000009)
    __rt_entry_main                          0x0800017d   Thumb Code     0  rtentry2.o(.ARM.Collect$$rtentry$$0000000D)
    __rt_entry_postli_1                      0x0800017d   Thumb Code     0  rtentry2.o(.ARM.Collect$$rtentry$$0000000C)
    __rt_exit                                0x08000185   Thumb Code     0  rtexit.o(.ARM.Collect$$rtexit$$00000000)
    __rt_exit_ls                             0x08000187   Thumb Code     0  rtexit2.o(.ARM.Collect$$rtexit$$00000003)
    __rt_exit_prels_1                        0x08000187   Thumb Code     0  rtexit2.o(.ARM.Collect$$rtexit$$00000002)
    __rt_exit_exit                           0x0800018b   Thumb Code     0  rtexit2.o(.ARM.Collect$$rtexit$$00000004)
    Reset_Handler                            0x08000191   Thumb Code     8  startup_stm32f10x_md.o(.text)
    ADC1_2_IRQHandler                        0x080001ab   Thumb Code     0  startup_stm32f10x_md.o(.text)
    CAN1_RX1_IRQHandler                      0x080001ab   Thumb Code     0  startup_stm32f10x_md.o(.text)
    CAN1_SCE_IRQHandler                      0x080001ab   Thumb Code     0  startup_stm32f10x_md.o(.text)
    DMA1_Channel1_IRQHandler                 0x080001ab   Thumb Code     0  startup_stm32f10x_md.o(.text)
    DMA1_Channel2_IRQHandler                 0x080001ab   Thumb Code     0  startup_stm32f10x_md.o(.text)
    DMA1_Channel3_IRQHandler                 0x080001ab   Thumb Code     0  startup_stm32f10x_md.o(.text)
    DMA1_Channel4_IRQHandler                 0x080001ab   Thumb Code     0  startup_stm32f10x_md.o(.text)
    DMA1_Channel5_IRQHandler                 0x080001ab   Thumb Code     0  startup_stm32f10x_md.o(.text)
    DMA1_Channel6_IRQHandler                 0x080001ab   Thumb Code     0  startup_stm32f10x_md.o(.text)
    DMA1_Channel7_IRQHandler                 0x080001ab   Thumb Code     0  startup_stm32f10x_md.o(.text)
    EXTI0_IRQHandler                         0x080001ab   Thumb Code     0  startup_stm32f10x_md.o(.text)
    EXTI15_10_IRQHandler                     0x080001ab   Thumb Code     0  startup_stm32f10x_md.o(.text)
    EXTI1_IRQHandler                         0x080001ab   Thumb Code     0  startup_stm32f10x_md.o(.text)
    EXTI2_IRQHandler                         0x080001ab   Thumb Code     0  startup_stm32f10x_md.o(.text)
    EXTI3_IRQHandler                         0x080001ab   Thumb Code     0  startup_stm32f10x_md.o(.text)
    EXTI4_IRQHandler                         0x080001ab   Thumb Code     0  startup_stm32f10x_md.o(.text)
    EXTI9_5_IRQHandler                       0x080001ab   Thumb Code     0  startup_stm32f10x_md.o(.text)
    FLASH_IRQHandler                         0x080001ab   Thumb Code     0  startup_stm32f10x_md.o(.text)
    I2C1_ER_IRQHandler                       0x080001ab   Thumb Code     0  startup_stm32f10x_md.o(.text)
    I2C1_EV_IRQHandler                       0x080001ab   Thumb Code     0  startup_stm32f10x_md.o(.text)
    I2C2_ER_IRQHandler                       0x080001ab   Thumb Code     0  startup_stm32f10x_md.o(.text)
    I2C2_EV_IRQHandler                       0x080001ab   Thumb Code     0  startup_stm32f10x_md.o(.text)
    PVD_IRQHandler                           0x080001ab   Thumb Code     0  startup_stm32f10x_md.o(.text)
    RCC_IRQHandler                           0x080001ab   Thumb Code     0  startup_stm32f10x_md.o(.text)
    RTCAlarm_IRQHandler                      0x080001ab   Thumb Code     0  startup_stm32f10x_md.o(.text)
    RTC_IRQHandler                           0x080001ab   Thumb Code     0  startup_stm32f10x_md.o(.text)
    SPI1_IRQHandler                          0x080001ab   Thumb Code     0  startup_stm32f10x_md.o(.text)
    SPI2_IRQHandler                          0x080001ab   Thumb Code     0  startup_stm32f10x_md.o(.text)
    TAMPER_IRQHandler                        0x080001ab   Thumb Code     0  startup_stm32f10x_md.o(.text)
    TIM1_BRK_IRQHandler                      0x080001ab   Thumb Code     0  startup_stm32f10x_md.o(.text)
    TIM1_CC_IRQHandler                       0x080001ab   Thumb Code     0  startup_stm32f10x_md.o(.text)
    TIM1_TRG_COM_IRQHandler                  0x080001ab   Thumb Code     0  startup_stm32f10x_md.o(.text)
    TIM1_UP_IRQHandler                       0x080001ab   Thumb Code     0  startup_stm32f10x_md.o(.text)
    TIM2_IRQHandler                          0x080001ab   Thumb Code     0  startup_stm32f10x_md.o(.text)
    TIM3_IRQHandler                          0x080001ab   Thumb Code     0  startup_stm32f10x_md.o(.text)
    TIM4_IRQHandler                          0x080001ab   Thumb Code     0  startup_stm32f10x_md.o(.text)
    USART1_IRQHandler                        0x080001ab   Thumb Code     0  startup_stm32f10x_md.o(.text)
    USART2_IRQHandler                        0x080001ab   Thumb Code     0  startup_stm32f10x_md.o(.text)
    USART3_IRQHandler                        0x080001ab   Thumb Code     0  startup_stm32f10x_md.o(.text)
    USBWakeUp_IRQHandler                     0x080001ab   Thumb Code     0  startup_stm32f10x_md.o(.text)
    USB_HP_CAN1_TX_IRQHandler                0x080001ab   Thumb Code     0  startup_stm32f10x_md.o(.text)
    USB_LP_CAN1_RX0_IRQHandler               0x080001ab   Thumb Code     0  startup_stm32f10x_md.o(.text)
    WWDG_IRQHandler                          0x080001ab   Thumb Code     0  startup_stm32f10x_md.o(.text)
    __user_initial_stackheap                 0x080001ad   Thumb Code     0  startup_stm32f10x_md.o(.text)
    SystemInit                               0x080001d1   Thumb Code   222  system_stm32f10x.o(.text)
    SystemCoreClockUpdate                    0x080002af   Thumb Code    90  system_stm32f10x.o(.text)
    NVIC_PriorityGroupConfig                 0x08000329   Thumb Code    14  misc.o(.text)
    NVIC_Init                                0x08000337   Thumb Code   110  misc.o(.text)
    NVIC_SetVectorTable                      0x080003a5   Thumb Code    16  misc.o(.text)
    NVIC_SystemLPConfig                      0x080003b5   Thumb Code    18  misc.o(.text)
    SysTick_CLKSourceConfig                  0x080003c7   Thumb Code    22  misc.o(.text)
    GPIO_DeInit                              0x080003ed   Thumb Code   216  stm32f10x_gpio.o(.text)
    GPIO_AFIODeInit                          0x080004c5   Thumb Code    22  stm32f10x_gpio.o(.text)
    GPIO_Init                                0x080004db   Thumb Code   188  stm32f10x_gpio.o(.text)
    GPIO_StructInit                          0x08000597   Thumb Code    16  stm32f10x_gpio.o(.text)
    GPIO_ReadInputDataBit                    0x080005a7   Thumb Code    14  stm32f10x_gpio.o(.text)
    GPIO_ReadInputData                       0x080005b5   Thumb Code     6  stm32f10x_gpio.o(.text)
    GPIO_ReadOutputDataBit                   0x080005bb   Thumb Code    14  stm32f10x_gpio.o(.text)
    GPIO_ReadOutputData                      0x080005c9   Thumb Code     6  stm32f10x_gpio.o(.text)
    GPIO_SetBits                             0x080005cf   Thumb Code     4  stm32f10x_gpio.o(.text)
    GPIO_ResetBits                           0x080005d3   Thumb Code     4  stm32f10x_gpio.o(.text)
    GPIO_WriteBit                            0x080005d7   Thumb Code    10  stm32f10x_gpio.o(.text)
    GPIO_Write                               0x080005e1   Thumb Code     4  stm32f10x_gpio.o(.text)
    GPIO_PinLockConfig                       0x080005e5   Thumb Code    16  stm32f10x_gpio.o(.text)
    GPIO_EventOutputConfig                   0x080005f5   Thumb Code    22  stm32f10x_gpio.o(.text)
    GPIO_EventOutputCmd                      0x0800060b   Thumb Code     6  stm32f10x_gpio.o(.text)
    GPIO_PinRemapConfig                      0x08000611   Thumb Code   112  stm32f10x_gpio.o(.text)
    GPIO_EXTILineConfig                      0x08000681   Thumb Code    40  stm32f10x_gpio.o(.text)
    GPIO_ETH_MediaInterfaceConfig            0x080006a9   Thumb Code     6  stm32f10x_gpio.o(.text)
    RCC_DeInit                               0x080006bd   Thumb Code    54  stm32f10x_rcc.o(.text)
    RCC_HSEConfig                            0x080006f3   Thumb Code    50  stm32f10x_rcc.o(.text)
    RCC_GetFlagStatus                        0x08000725   Thumb Code    42  stm32f10x_rcc.o(.text)
    RCC_WaitForHSEStartUp                    0x0800074f   Thumb Code    50  stm32f10x_rcc.o(.text)
    RCC_AdjustHSICalibrationValue            0x08000781   Thumb Code    16  stm32f10x_rcc.o(.text)
    RCC_HSICmd                               0x08000791   Thumb Code     6  stm32f10x_rcc.o(.text)
    RCC_PLLConfig                            0x08000797   Thumb Code    16  stm32f10x_rcc.o(.text)
    RCC_PLLCmd                               0x080007a7   Thumb Code     6  stm32f10x_rcc.o(.text)
    RCC_SYSCLKConfig                         0x080007ad   Thumb Code    14  stm32f10x_rcc.o(.text)
    RCC_GetSYSCLKSource                      0x080007bb   Thumb Code    10  stm32f10x_rcc.o(.text)
    RCC_HCLKConfig                           0x080007c5   Thumb Code    14  stm32f10x_rcc.o(.text)
    RCC_PCLK1Config                          0x080007d3   Thumb Code    14  stm32f10x_rcc.o(.text)
    RCC_PCLK2Config                          0x080007e1   Thumb Code    16  stm32f10x_rcc.o(.text)
    RCC_ITConfig                             0x080007f1   Thumb Code    18  stm32f10x_rcc.o(.text)
    RCC_USBCLKConfig                         0x08000803   Thumb Code     6  stm32f10x_rcc.o(.text)
    RCC_ADCCLKConfig                         0x08000809   Thumb Code    14  stm32f10x_rcc.o(.text)
    RCC_LSEConfig                            0x08000817   Thumb Code    30  stm32f10x_rcc.o(.text)
    RCC_LSICmd                               0x08000835   Thumb Code     6  stm32f10x_rcc.o(.text)
    RCC_RTCCLKConfig                         0x0800083b   Thumb Code    10  stm32f10x_rcc.o(.text)
    RCC_RTCCLKCmd                            0x08000845   Thumb Code     6  stm32f10x_rcc.o(.text)
    RCC_GetClocksFreq                        0x0800084b   Thumb Code   150  stm32f10x_rcc.o(.text)
    RCC_AHBPeriphClockCmd                    0x080008e1   Thumb Code    18  stm32f10x_rcc.o(.text)
    RCC_APB2PeriphClockCmd                   0x080008f3   Thumb Code    18  stm32f10x_rcc.o(.text)
    RCC_APB1PeriphClockCmd                   0x08000905   Thumb Code    18  stm32f10x_rcc.o(.text)
    RCC_APB2PeriphResetCmd                   0x08000917   Thumb Code    18  stm32f10x_rcc.o(.text)
    RCC_APB1PeriphResetCmd                   0x08000929   Thumb Code    18  stm32f10x_rcc.o(.text)
    RCC_BackupResetCmd                       0x0800093b   Thumb Code     6  stm32f10x_rcc.o(.text)
    RCC_ClockSecuritySystemCmd               0x08000941   Thumb Code     6  stm32f10x_rcc.o(.text)
    RCC_MCOConfig                            0x08000947   Thumb Code     6  stm32f10x_rcc.o(.text)
    RCC_ClearFlag                            0x0800094d   Thumb Code    12  stm32f10x_rcc.o(.text)
    RCC_GetITStatus                          0x08000959   Thumb Code    16  stm32f10x_rcc.o(.text)
    RCC_ClearITPendingBit                    0x08000969   Thumb Code     6  stm32f10x_rcc.o(.text)
    SPI_I2S_DeInit                           0x08000999   Thumb Code   100  stm32f10x_spi.o(.text)
    SPI_Init                                 0x080009fd   Thumb Code    84  stm32f10x_spi.o(.text)
    I2S_Init                                 0x08000a51   Thumb Code   172  stm32f10x_spi.o(.text)
    SPI_StructInit                           0x08000afd   Thumb Code    24  stm32f10x_spi.o(.text)
    I2S_StructInit                           0x08000b15   Thumb Code    18  stm32f10x_spi.o(.text)
    SPI_Cmd                                  0x08000b27   Thumb Code    18  stm32f10x_spi.o(.text)
    I2S_Cmd                                  0x08000b39   Thumb Code    18  stm32f10x_spi.o(.text)
    SPI_I2S_ITConfig                         0x08000b4b   Thumb Code    26  stm32f10x_spi.o(.text)
    SPI_I2S_DMACmd                           0x08000b65   Thumb Code    16  stm32f10x_spi.o(.text)
    SPI_I2S_SendData                         0x08000b75   Thumb Code     4  stm32f10x_spi.o(.text)
    SPI_I2S_ReceiveData                      0x08000b79   Thumb Code     4  stm32f10x_spi.o(.text)
    SPI_NSSInternalSoftwareConfig            0x08000b7d   Thumb Code    22  stm32f10x_spi.o(.text)
    SPI_SSOutputCmd                          0x08000b93   Thumb Code    18  stm32f10x_spi.o(.text)
    SPI_DataSizeConfig                       0x08000ba5   Thumb Code    16  stm32f10x_spi.o(.text)
    SPI_TransmitCRC                          0x08000bb5   Thumb Code    10  stm32f10x_spi.o(.text)
    SPI_CalculateCRC                         0x08000bbf   Thumb Code    18  stm32f10x_spi.o(.text)
    SPI_GetCRC                               0x08000bd1   Thumb Code    10  stm32f10x_spi.o(.text)
    SPI_GetCRCPolynomial                     0x08000bdb   Thumb Code     4  stm32f10x_spi.o(.text)
    SPI_BiDirectionalLineConfig              0x08000bdf   Thumb Code    20  stm32f10x_spi.o(.text)
    SPI_I2S_GetFlagStatus                    0x08000bf3   Thumb Code    14  stm32f10x_spi.o(.text)
    SPI_I2S_ClearFlag                        0x08000c01   Thumb Code     6  stm32f10x_spi.o(.text)
    SPI_I2S_GetITStatus                      0x08000c07   Thumb Code    46  stm32f10x_spi.o(.text)
    SPI_I2S_ClearITPendingBit                0x08000c35   Thumb Code    16  stm32f10x_spi.o(.text)
    USART_DeInit                             0x08000c49   Thumb Code   164  stm32f10x_usart.o(.text)
    USART_Init                               0x08000ced   Thumb Code   174  stm32f10x_usart.o(.text)
    USART_StructInit                         0x08000d9b   Thumb Code    22  stm32f10x_usart.o(.text)
    USART_ClockInit                          0x08000db1   Thumb Code    36  stm32f10x_usart.o(.text)
    USART_ClockStructInit                    0x08000dd5   Thumb Code    12  stm32f10x_usart.o(.text)
    USART_Cmd                                0x08000de1   Thumb Code    18  stm32f10x_usart.o(.text)
    USART_ITConfig                           0x08000df3   Thumb Code    48  stm32f10x_usart.o(.text)
    USART_DMACmd                             0x08000e23   Thumb Code    16  stm32f10x_usart.o(.text)
    USART_SetAddress                         0x08000e33   Thumb Code    16  stm32f10x_usart.o(.text)
    USART_WakeUpConfig                       0x08000e43   Thumb Code    16  stm32f10x_usart.o(.text)
    USART_ReceiverWakeUpCmd                  0x08000e53   Thumb Code    18  stm32f10x_usart.o(.text)
    USART_LINBreakDetectLengthConfig         0x08000e65   Thumb Code    16  stm32f10x_usart.o(.text)
    USART_LINCmd                             0x08000e75   Thumb Code    18  stm32f10x_usart.o(.text)
    USART_SendData                           0x08000e87   Thumb Code     8  stm32f10x_usart.o(.text)
    USART_ReceiveData                        0x08000e8f   Thumb Code     8  stm32f10x_usart.o(.text)
    USART_SendBreak                          0x08000e97   Thumb Code    10  stm32f10x_usart.o(.text)
    USART_SetGuardTime                       0x08000ea1   Thumb Code    16  stm32f10x_usart.o(.text)
    USART_SetPrescaler                       0x08000eb1   Thumb Code    16  stm32f10x_usart.o(.text)
    USART_SmartCardCmd                       0x08000ec1   Thumb Code    18  stm32f10x_usart.o(.text)
    USART_SmartCardNACKCmd                   0x08000ed3   Thumb Code    18  stm32f10x_usart.o(.text)
    USART_HalfDuplexCmd                      0x08000ee5   Thumb Code    18  stm32f10x_usart.o(.text)
    USART_OverSampling8Cmd                   0x08000ef7   Thumb Code    18  stm32f10x_usart.o(.text)
    USART_OneBitMethodCmd                    0x08000f09   Thumb Code    18  stm32f10x_usart.o(.text)
    USART_IrDAConfig                         0x08000f1b   Thumb Code    16  stm32f10x_usart.o(.text)
    USART_IrDACmd                            0x08000f2b   Thumb Code    18  stm32f10x_usart.o(.text)
    USART_GetFlagStatus                      0x08000f3d   Thumb Code    14  stm32f10x_usart.o(.text)
    USART_ClearFlag                          0x08000f4b   Thumb Code     6  stm32f10x_usart.o(.text)
    USART_GetITStatus                        0x08000f51   Thumb Code    66  stm32f10x_usart.o(.text)
    USART_ClearITPendingBit                  0x08000f93   Thumb Code    14  stm32f10x_usart.o(.text)
    TIM_DeInit                               0x08000fa5   Thumb Code   528  stm32f10x_tim.o(.text)
    TIM_TimeBaseInit                         0x080011b5   Thumb Code   148  stm32f10x_tim.o(.text)
    TIM_OC1Init                              0x08001249   Thumb Code   132  stm32f10x_tim.o(.text)
    TIM_OC2Init                              0x080012cd   Thumb Code   134  stm32f10x_tim.o(.text)
    TIM_OC3Init                              0x08001353   Thumb Code   132  stm32f10x_tim.o(.text)
    TIM_OC4Init                              0x080013d7   Thumb Code   106  stm32f10x_tim.o(.text)
    TIM_SetIC4Prescaler                      0x08001441   Thumb Code    24  stm32f10x_tim.o(.text)
    TIM_SetIC3Prescaler                      0x08001459   Thumb Code    16  stm32f10x_tim.o(.text)
    TIM_SetIC2Prescaler                      0x08001469   Thumb Code    24  stm32f10x_tim.o(.text)
    TIM_SetIC1Prescaler                      0x080014fd   Thumb Code    16  stm32f10x_tim.o(.text)
    TIM_ICInit                               0x0800150d   Thumb Code   328  stm32f10x_tim.o(.text)
    TIM_PWMIConfig                           0x08001655   Thumb Code   158  stm32f10x_tim.o(.text)
    TIM_BDTRConfig                           0x080016f3   Thumb Code    36  stm32f10x_tim.o(.text)
    TIM_TimeBaseStructInit                   0x08001717   Thumb Code    18  stm32f10x_tim.o(.text)
    TIM_OCStructInit                         0x08001729   Thumb Code    20  stm32f10x_tim.o(.text)
    TIM_ICStructInit                         0x0800173d   Thumb Code    16  stm32f10x_tim.o(.text)
    TIM_BDTRStructInit                       0x0800174d   Thumb Code    18  stm32f10x_tim.o(.text)
    TIM_Cmd                                  0x0800175f   Thumb Code    18  stm32f10x_tim.o(.text)
    TIM_CtrlPWMOutputs                       0x08001771   Thumb Code    22  stm32f10x_tim.o(.text)
    TIM_ITConfig                             0x08001787   Thumb Code    16  stm32f10x_tim.o(.text)
    TIM_GenerateEvent                        0x08001797   Thumb Code     4  stm32f10x_tim.o(.text)
    TIM_DMAConfig                            0x0800179b   Thumb Code     8  stm32f10x_tim.o(.text)
    TIM_DMACmd                               0x080017a3   Thumb Code    16  stm32f10x_tim.o(.text)
    TIM_InternalClockConfig                  0x080017b3   Thumb Code    10  stm32f10x_tim.o(.text)
    TIM_SelectInputTrigger                   0x080017bd   Thumb Code    12  stm32f10x_tim.o(.text)
    TIM_ITRxExternalClockConfig              0x080017c9   Thumb Code    20  stm32f10x_tim.o(.text)
    TIM_TIxExternalClockConfig               0x080017dd   Thumb Code    48  stm32f10x_tim.o(.text)
    TIM_ETRConfig                            0x0800180d   Thumb Code    32  stm32f10x_tim.o(.text)
    TIM_ETRClockMode1Config                  0x0800182d   Thumb Code    40  stm32f10x_tim.o(.text)
    TIM_ETRClockMode2Config                  0x08001855   Thumb Code    40  stm32f10x_tim.o(.text)
    TIM_PrescalerConfig                      0x0800187d   Thumb Code     6  stm32f10x_tim.o(.text)
    TIM_CounterModeConfig                    0x08001883   Thumb Code    12  stm32f10x_tim.o(.text)
    TIM_EncoderInterfaceConfig               0x0800188f   Thumb Code    60  stm32f10x_tim.o(.text)
    TIM_ForcedOC1Config                      0x080018cb   Thumb Code    12  stm32f10x_tim.o(.text)
    TIM_ForcedOC2Config                      0x080018d7   Thumb Code    20  stm32f10x_tim.o(.text)
    TIM_ForcedOC3Config                      0x080018eb   Thumb Code    12  stm32f10x_tim.o(.text)
    TIM_ForcedOC4Config                      0x080018f7   Thumb Code    20  stm32f10x_tim.o(.text)
    TIM_ARRPreloadConfig                     0x0800190b   Thumb Code    18  stm32f10x_tim.o(.text)
    TIM_SelectCOM                            0x0800191d   Thumb Code    18  stm32f10x_tim.o(.text)
    TIM_SelectCCDMA                          0x0800192f   Thumb Code    18  stm32f10x_tim.o(.text)
    TIM_CCPreloadControl                     0x08001941   Thumb Code    18  stm32f10x_tim.o(.text)
    TIM_OC1PreloadConfig                     0x08001953   Thumb Code    12  stm32f10x_tim.o(.text)
    TIM_OC2PreloadConfig                     0x0800195f   Thumb Code    20  stm32f10x_tim.o(.text)
    TIM_OC3PreloadConfig                     0x08001973   Thumb Code    12  stm32f10x_tim.o(.text)
    TIM_OC4PreloadConfig                     0x0800197f   Thumb Code    20  stm32f10x_tim.o(.text)
    TIM_OC1FastConfig                        0x08001993   Thumb Code    12  stm32f10x_tim.o(.text)
    TIM_OC2FastConfig                        0x0800199f   Thumb Code    20  stm32f10x_tim.o(.text)
    TIM_OC3FastConfig                        0x080019b3   Thumb Code    12  stm32f10x_tim.o(.text)
    TIM_OC4FastConfig                        0x080019bf   Thumb Code    20  stm32f10x_tim.o(.text)
    TIM_ClearOC1Ref                          0x080019d3   Thumb Code    12  stm32f10x_tim.o(.text)
    TIM_ClearOC2Ref                          0x080019df   Thumb Code    20  stm32f10x_tim.o(.text)
    TIM_ClearOC3Ref                          0x080019f3   Thumb Code    12  stm32f10x_tim.o(.text)
    TIM_ClearOC4Ref                          0x080019ff   Thumb Code    20  stm32f10x_tim.o(.text)
    TIM_OC1PolarityConfig                    0x08001a13   Thumb Code    12  stm32f10x_tim.o(.text)
    TIM_OC1NPolarityConfig                   0x08001a1f   Thumb Code    12  stm32f10x_tim.o(.text)
    TIM_OC2PolarityConfig                    0x08001a2b   Thumb Code    20  stm32f10x_tim.o(.text)
    TIM_OC2NPolarityConfig                   0x08001a3f   Thumb Code    20  stm32f10x_tim.o(.text)
    TIM_OC3PolarityConfig                    0x08001a53   Thumb Code    20  stm32f10x_tim.o(.text)
    TIM_OC3NPolarityConfig                   0x08001a67   Thumb Code    20  stm32f10x_tim.o(.text)
    TIM_OC4PolarityConfig                    0x08001a7b   Thumb Code    20  stm32f10x_tim.o(.text)
    TIM_CCxCmd                               0x08001a8f   Thumb Code    26  stm32f10x_tim.o(.text)
    TIM_CCxNCmd                              0x08001aa9   Thumb Code    26  stm32f10x_tim.o(.text)
    TIM_SelectOCxM                           0x08001ac3   Thumb Code    88  stm32f10x_tim.o(.text)
    TIM_UpdateDisableConfig                  0x08001b1b   Thumb Code    18  stm32f10x_tim.o(.text)
    TIM_UpdateRequestConfig                  0x08001b2d   Thumb Code    18  stm32f10x_tim.o(.text)
    TIM_SelectHallSensor                     0x08001b3f   Thumb Code    18  stm32f10x_tim.o(.text)
    TIM_SelectOnePulseMode                   0x08001b51   Thumb Code    16  stm32f10x_tim.o(.text)
    TIM_SelectOutputTrigger                  0x08001b61   Thumb Code    16  stm32f10x_tim.o(.text)
    TIM_SelectSlaveMode                      0x08001b71   Thumb Code    16  stm32f10x_tim.o(.text)
    TIM_SelectMasterSlaveMode                0x08001b81   Thumb Code    16  stm32f10x_tim.o(.text)
    TIM_SetCounter                           0x08001b91   Thumb Code     4  stm32f10x_tim.o(.text)
    TIM_SetAutoreload                        0x08001b95   Thumb Code     4  stm32f10x_tim.o(.text)
    TIM_SetCompare1                          0x08001b99   Thumb Code     4  stm32f10x_tim.o(.text)
    TIM_SetCompare2                          0x08001b9d   Thumb Code     4  stm32f10x_tim.o(.text)
    TIM_SetCompare3                          0x08001ba1   Thumb Code     4  stm32f10x_tim.o(.text)
    TIM_SetCompare4                          0x08001ba5   Thumb Code     6  stm32f10x_tim.o(.text)
    TIM_SetClockDivision                     0x08001bab   Thumb Code    16  stm32f10x_tim.o(.text)
    TIM_GetCapture1                          0x08001bbb   Thumb Code     4  stm32f10x_tim.o(.text)
    TIM_GetCapture2                          0x08001bbf   Thumb Code     4  stm32f10x_tim.o(.text)
    TIM_GetCapture3                          0x08001bc3   Thumb Code     4  stm32f10x_tim.o(.text)
    TIM_GetCapture4                          0x08001bc7   Thumb Code     6  stm32f10x_tim.o(.text)
    TIM_GetCounter                           0x08001bcd   Thumb Code     4  stm32f10x_tim.o(.text)
    TIM_GetPrescaler                         0x08001bd1   Thumb Code     4  stm32f10x_tim.o(.text)
    TIM_GetFlagStatus                        0x08001bd5   Thumb Code    14  stm32f10x_tim.o(.text)
    TIM_ClearFlag                            0x08001be3   Thumb Code     6  stm32f10x_tim.o(.text)
    TIM_GetITStatus                          0x08001be9   Thumb Code    22  stm32f10x_tim.o(.text)
    TIM_ClearITPendingBit                    0x08001bff   Thumb Code     6  stm32f10x_tim.o(.text)
    LEDInit                                  0x08001c81   Thumb Code    52  bsp_led.o(.text)
    LEDON                                    0x08001cb5   Thumb Code    46  bsp_led.o(.text)
    LEDOFF                                   0x08001ce3   Thumb Code    46  bsp_led.o(.text)
    SysTickConfig                            0x08001d15   Thumb Code    56  bsp_systick.o(.text)
    DelayUs                                  0x08001d4d   Thumb Code    46  bsp_systick.o(.text)
    DelayMs                                  0x08001d7b   Thumb Code    88  bsp_systick.o(.text)
    USART1_Config                            0x08001de5   Thumb Code   122  bsp_usart.o(.text)
    print_byte                               0x08001e5f   Thumb Code    30  bsp_usart.o(.text)
    print_str                                0x08001e7d   Thumb Code    44  bsp_usart.o(.text)
    print_n_byte                             0x08001ea9   Thumb Code    50  bsp_usart.o(.text)
    print_int                                0x08001edb   Thumb Code   180  bsp_usart.o(.text)
    print_float                              0x08001f8f   Thumb Code    50  bsp_usart.o(.text)
    print_arg                                0x08001fc1   Thumb Code    78  bsp_usart.o(.text)
    enc28j60_readop                          0x08002041   Thumb Code    60  bsp_enc28j60.o(.text)
    enc28j60_writeop                         0x0800207d   Thumb Code    48  bsp_enc28j60.o(.text)
    enc28j60_readbuf                         0x080020ad   Thumb Code    54  bsp_enc28j60.o(.text)
    enc28j60_writebuf                        0x080020e3   Thumb Code    52  bsp_enc28j60.o(.text)
    enc28j60_setbank                         0x08002117   Thumb Code    44  bsp_enc28j60.o(.text)
    enc28j60_read                            0x08002143   Thumb Code    18  bsp_enc28j60.o(.text)
    enc28j60_write                           0x08002155   Thumb Code    22  bsp_enc28j60.o(.text)
    enc28j60_writephy                        0x0800216b   Thumb Code    88  bsp_enc28j60.o(.text)
    enc28j60_init                            0x080021c3   Thumb Code   712  bsp_enc28j60.o(.text)
    enc28j60_packet_send                     0x0800248b   Thumb Code   226  bsp_enc28j60.o(.text)
    enc28j60_packet_receive                  0x0800256d   Thumb Code   276  bsp_enc28j60.o(.text)
    spi1_config                              0x08002689   Thumb Code   158  bsp_spi.o(.text)
    spi_rw                                   0x08002727   Thumb Code    48  bsp_spi.o(.text)
    pwm_config                               0x08002765   Thumb Code   320  bsp_pwm.o(.text)
    sync_pwm                                 0x080028a5   Thumb Code    76  bsp_pwm.o(.text)
    OS_CPU_SR_Save                           0x08002905   Thumb Code     0  os_cpu_a.o(.text)
    OS_CPU_SR_Restore                        0x0800290d   Thumb Code     0  os_cpu_a.o(.text)
    OSStartHighRdy                           0x08002913   Thumb Code     0  os_cpu_a.o(.text)
    OSCtxSw                                  0x08002933   Thumb Code     0  os_cpu_a.o(.text)
    OSIntCtxSw                               0x0800293d   Thumb Code     0  os_cpu_a.o(.text)
    PendSV_Handler                           0x08002947   Thumb Code     0  os_cpu_a.o(.text)
    OSInitHookBegin                          0x080029a9   Thumb Code     2  os_cpu_c.o(.text)
    OSInitHookEnd                            0x080029ab   Thumb Code     2  os_cpu_c.o(.text)
    OSTaskCreateHook                         0x080029ad   Thumb Code     2  os_cpu_c.o(.text)
    OSTaskDelHook                            0x080029af   Thumb Code     2  os_cpu_c.o(.text)
    OSTaskIdleHook                           0x080029b1   Thumb Code     2  os_cpu_c.o(.text)
    OSTaskStatHook                           0x080029b3   Thumb Code     2  os_cpu_c.o(.text)
    OSTaskStkInit                            0x080029b5   Thumb Code   116  os_cpu_c.o(.text)
    OSTaskSwHook                             0x08002a29   Thumb Code     2  os_cpu_c.o(.text)
    OSTCBInitHook                            0x08002a2b   Thumb Code     2  os_cpu_c.o(.text)
    OSTimeTickHook                           0x08002a2d   Thumb Code     2  os_cpu_c.o(.text)
    OS_StrCopy                               0x08002a31   Thumb Code    30  os_core.o(.text)
    OSEventNameGet                           0x08002a4f   Thumb Code    98  os_core.o(.text)
    OS_StrLen                                0x08002ab1   Thumb Code    22  os_core.o(.text)
    OSEventNameSet                           0x08002ac7   Thumb Code   128  os_core.o(.text)
    OS_EventTaskRemoveMulti                  0x08002b47   Thumb Code    54  os_core.o(.text)
    OS_Sched                                 0x08002b7d   Thumb Code    82  os_core.o(.text)
    OS_EventTaskWaitMulti                    0x08002bcf   Thumb Code   104  os_core.o(.text)
    OSEventPendMulti                         0x08002c37   Thumb Code   460  os_core.o(.text)
    OS_TaskStatStkChk                        0x08002e03   Thumb Code    74  os_core.o(.text)
    OS_TaskStat                              0x08002e4d   Thumb Code   134  os_core.o(.text)
    OS_TaskIdle                              0x08002ed3   Thumb Code    22  os_core.o(.text)
    OS_MemClr                                0x08002ee9   Thumb Code    22  os_core.o(.text)
    OSInit                                   0x08002eff   Thumb Code   308  os_core.o(.text)
    OSIntEnter                               0x08003033   Thumb Code    22  os_core.o(.text)
    OSIntExit                                0x08003049   Thumb Code    96  os_core.o(.text)
    OSSchedLock                              0x080030a9   Thumb Code    38  os_core.o(.text)
    OSSchedUnlock                            0x080030cf   Thumb Code    54  os_core.o(.text)
    OSStart                                  0x08003105   Thumb Code    46  os_core.o(.text)
    OSStatInit                               0x08003133   Thumb Code    48  os_core.o(.text)
    OSTimeTick                               0x08003163   Thumb Code   176  os_core.o(.text)
    OSVersion                                0x08003213   Thumb Code     6  os_core.o(.text)
    OS_EventTaskRemove                       0x08003219   Thumb Code    88  os_core.o(.text)
    OS_EventTaskRdy                          0x08003271   Thumb Code   138  os_core.o(.text)
    OS_EventTaskWait                         0x080032fb   Thumb Code    88  os_core.o(.text)
    OS_EventWaitListInit                     0x08003353   Thumb Code    24  os_core.o(.text)
    OS_MemCopy                               0x0800336b   Thumb Code    24  os_core.o(.text)
    OS_TCBInit                               0x08003383   Thumb Code   248  os_core.o(.text)
    OSQAccept                                0x0800348d   Thumb Code    78  os_q.o(.text)
    OSQCreate                                0x080034db   Thumb Code   136  os_q.o(.text)
    OSQDel                                   0x08003563   Thumb Code   224  os_q.o(.text)
    OSQFlush                                 0x08003643   Thumb Code    32  os_q.o(.text)
    OSQPend                                  0x08003663   Thumb Code   218  os_q.o(.text)
    OSQPendAbort                             0x0800373d   Thumb Code   114  os_q.o(.text)
    OSQPost                                  0x080037af   Thumb Code   106  os_q.o(.text)
    OSQPostFront                             0x08003819   Thumb Code   106  os_q.o(.text)
    OSQPostOpt                               0x08003883   Thumb Code   200  os_q.o(.text)
    OSQQuery                                 0x0800394b   Thumb Code    92  os_q.o(.text)
    OS_QInit                                 0x080039a7   Thumb Code    44  os_q.o(.text)
    OSTaskCreate                             0x080039dd   Thumb Code   136  os_task.o(.text)
    OS_TaskStkClr                            0x08003a65   Thumb Code    30  os_task.o(.text)
    OSTaskCreateExt                          0x08003a83   Thumb Code   172  os_task.o(.text)
    OSTaskNameGet                            0x08003b2f   Thumb Code   100  os_task.o(.text)
    OSTaskNameSet                            0x08003b93   Thumb Code   116  os_task.o(.text)
    OSTaskResume                             0x08003c07   Thumb Code   144  os_task.o(.text)
    OSTaskStkChk                             0x08003c97   Thumb Code   124  os_task.o(.text)
    OSTaskSuspend                            0x08003d13   Thumb Code   134  os_task.o(.text)
    OSTaskQuery                              0x08003d99   Thumb Code   100  os_task.o(.text)
    OSTimeDly                                0x08003dfd   Thumb Code    78  os_time.o(.text)
    OSTimeDlyHMSM                            0x08003e4b   Thumb Code   100  os_time.o(.text)
    OSTimeDlyResume                          0x08003eaf   Thumb Code   158  os_time.o(.text)
    OSTimeGet                                0x08003f4d   Thumb Code    18  os_time.o(.text)
    OSTimeSet                                0x08003f5f   Thumb Code    20  os_time.o(.text)
    test                                     0x08003f8d   Thumb Code    28  app_mian.o(.text)
    LED1_task                                0x08003fa9   Thumb Code    28  app_mian.o(.text)
    LED0_task                                0x08003fc5   Thumb Code    28  app_mian.o(.text)
    Eth_task                                 0x08003fe1   Thumb Code    92  app_mian.o(.text)
    start_task                               0x0800403d   Thumb Code   102  app_mian.o(.text)
    uip_setipid                              0x080040d5   Thumb Code     6  uip.o(.text)
    uip_add32                                0x080040db   Thumb Code   108  uip.o(.text)
    htons                                    0x08004147   Thumb Code    10  uip.o(.text)
    uip_chksum                               0x08004151   Thumb Code    22  uip.o(.text)
    uip_ipchksum                             0x08004167   Thumb Code    32  uip.o(.text)
    uip_tcpchksum                            0x08004187   Thumb Code    64  uip.o(.text)
    uip_init                                 0x080041c7   Thumb Code    60  uip.o(.text)
    uip_connect                              0x08004203   Thumb Code   238  uip.o(.text)
    uip_unlisten                             0x080042f1   Thumb Code    44  uip.o(.text)
    uip_listen                               0x0800431d   Thumb Code    40  uip.o(.text)
    uip_process                              0x0800436b   Thumb Code  2302  uip.o(.text)
    uip_send                                 0x08004c69   Thumb Code    28  uip.o(.text)
    uip_arp_init                             0x08004ccd   Thumb Code    34  uip_arp.o(.text)
    uip_arp_timer                            0x08004cef   Thumb Code    66  uip_arp.o(.text)
    uip_arp_arpin                            0x08004df3   Thumb Code   152  uip_arp.o(.text)
    uip_arp_out                              0x08004e8b   Thumb Code   302  uip_arp.o(.text)
    tapdev_init                              0x08004fed   Thumb Code    54  tapdev.o(.text)
    tapdev_read                              0x08005023   Thumb Code    10  tapdev.o(.text)
    tapdev_send                              0x0800502d   Thumb Code    10  tapdev.o(.text)
    timer_config                             0x08005049   Thumb Code     8  timer.o(.text)
    clock_time                               0x08005051   Thumb Code     6  timer.o(.text)
    timer_set                                0x08005057   Thumb Code    10  timer.o(.text)
    timer_reset                              0x08005061   Thumb Code    10  timer.o(.text)
    timer_restart                            0x0800506b   Thumb Code     8  timer.o(.text)
    timer_expired                            0x08005073   Thumb Code    24  timer.o(.text)
    uip_log                                  0x08005091   Thumb Code     2  uip_user_call.o(.text)
    tcp_server_init                          0x08005093   Thumb Code    84  uip_user_call.o(.text)
    uip_polling                              0x080050e7   Thumb Code   198  uip_user_call.o(.text)
    tcp_sever_call                           0x080051ad   Thumb Code   190  uip_user_call.o(.text)
    main                                     0x080052a5   Thumb Code    72  main.o(.text)
    NMI_Handler                              0x08005309   Thumb Code     2  stm32f10x_it.o(.text)
    HardFault_Handler                        0x0800530b   Thumb Code     2  stm32f10x_it.o(.text)
    MemManage_Handler                        0x0800530d   Thumb Code     2  stm32f10x_it.o(.text)
    BusFault_Handler                         0x0800530f   Thumb Code     2  stm32f10x_it.o(.text)
    UsageFault_Handler                       0x08005311   Thumb Code     2  stm32f10x_it.o(.text)
    SVC_Handler                              0x08005313   Thumb Code     2  stm32f10x_it.o(.text)
    DebugMon_Handler                         0x08005315   Thumb Code     2  stm32f10x_it.o(.text)
    SysTick_Handler                          0x08005317   Thumb Code    26  stm32f10x_it.o(.text)
    NVIC_Config                              0x08005331   Thumb Code     8  stm32f10x_it.o(.text)
    __2sprintf                               0x0800533d   Thumb Code    34  noretval__2sprintf.o(.text)
    _printf_int_dec                          0x08005365   Thumb Code   102  _printf_dec.o(.text)
    __printf                                 0x080053dd   Thumb Code   270  __printf_wp.o(.text)
    strcpy                                   0x080054eb   Thumb Code    72  strcpy.o(.text)
    strlen                                   0x08005533   Thumb Code    62  strlen.o(.text)
    __aeabi_memcpy                           0x08005571   Thumb Code     0  rt_memcpy_v6.o(.text)
    __rt_memcpy                              0x08005571   Thumb Code   138  rt_memcpy_v6.o(.text)
    _memcpy_lastbytes                        0x080055d7   Thumb Code     0  rt_memcpy_v6.o(.text)
    __use_two_region_memory                  0x080055fb   Thumb Code     2  heapauxi.o(.text)
    __rt_heap_escrow                         0x080055fd   Thumb Code     2  heapauxi.o(.text)
    __rt_heap_expand                         0x080055ff   Thumb Code     2  heapauxi.o(.text)
    _printf_int_common                       0x08005601   Thumb Code   184  _printf_intcommon.o(.text)
    _printf_char_common                      0x080056c3   Thumb Code    32  _printf_char_common.o(.text)
    _sputc                                   0x080056e9   Thumb Code    10  _sputc.o(.text)
    __aeabi_memcpy4                          0x080056f3   Thumb Code     0  rt_memcpy_w.o(.text)
    __aeabi_memcpy8                          0x080056f3   Thumb Code     0  rt_memcpy_w.o(.text)
    __rt_memcpy_w                            0x080056f3   Thumb Code   100  rt_memcpy_w.o(.text)
    _memcpy_lastbytes_aligned                0x0800573b   Thumb Code     0  rt_memcpy_w.o(.text)
    __user_setup_stackheap                   0x08005757   Thumb Code    74  sys_stackheap_outer.o(.text)
    exit                                     0x080057a1   Thumb Code    12  exit.o(.text)
    __user_libspace                          0x080057ad   Thumb Code     8  libspace.o(.text)
    __user_perproc_libspace                  0x080057ad   Thumb Code     0  libspace.o(.text)
    __user_perthread_libspace                0x080057ad   Thumb Code     0  libspace.o(.text)
    __I$use$semihosting                      0x080057b5   Thumb Code     0  use_no_semi.o(.text)
    __use_no_semihosting_swi                 0x080057b5   Thumb Code     2  use_no_semi.o(.text)
    __semihosting_library_function           0x080057b7   Thumb Code     0  indicate_semi.o(.text)
    _sys_exit                                0x080057b9   Thumb Code     8  sys_exit.o(.text)
    __ARM_common_memclr4_6                   0x080057c5   Thumb Code    10  uip_arp.o(i.__ARM_common_memclr4_6)
    __ARM_common_memset4_6                   0x080057cf   Thumb Code    16  uip_arp.o(i.__ARM_common_memset4_6)
    _is_digit                                0x080057df   Thumb Code    14  __printf_wp.o(i._is_digit)
    __aeabi_f2iz                             0x080057ed   Thumb Code     0  ffix.o(x$fpl$ffix)
    _ffix                                    0x080057ed   Thumb Code    54  ffix.o(x$fpl$ffix)
    __aeabi_fmul                             0x08005825   Thumb Code     0  fmul.o(x$fpl$fmul)
    _fmul                                    0x08005825   Thumb Code   258  fmul.o(x$fpl$fmul)
    __fpl_fnaninf                            0x08005927   Thumb Code   140  fnaninf.o(x$fpl$fnaninf)
    __fpl_fretinf                            0x080059b3   Thumb Code    10  fretinf.o(x$fpl$fretinf)
    OSUnMapTbl                               0x080059bc   Data         256  os_core.o(.constdata)
    __I$use$fp                               0x080059bc   Number         0  usenofp.o(x$fpl$usenofp)
    Region$$Table$$Base                      0x08005ac4   Number         0  anon$$obj.o(Region$$Table)
    Region$$Table$$Limit                     0x08005ae4   Number         0  anon$$obj.o(Region$$Table)
    SystemCoreClock                          0x20000000   Data           4  system_stm32f10x.o(.data)
    AHBPrescTable                            0x20000004   Data          16  system_stm32f10x.o(.data)
    OSCPUUsage                               0x20000034   Data           1  os_core.o(.data)
    OSStatRdy                                0x20000035   Data           1  os_core.o(.data)
    OSIntNesting                             0x20000036   Data           1  os_core.o(.data)
    OSLockNesting                            0x20000037   Data           1  os_core.o(.data)
    OSPrioCur                                0x20000038   Data           1  os_core.o(.data)
    OSPrioHighRdy                            0x20000039   Data           1  os_core.o(.data)
    OSRdyGrp                                 0x2000003a   Data           1  os_core.o(.data)
    OSRunning                                0x2000003b   Data           1  os_core.o(.data)
    OSTaskCtr                                0x2000003c   Data           1  os_core.o(.data)
    OSTickStepState                          0x2000003d   Data           1  os_core.o(.data)
    OSCtxSwCtr                               0x20000040   Data           4  os_core.o(.data)
    OSEventFreeList                          0x20000044   Data           4  os_core.o(.data)
    OSIdleCtrMax                             0x20000048   Data           4  os_core.o(.data)
    OSIdleCtrRun                             0x2000004c   Data           4  os_core.o(.data)
    OSRdyTbl                                 0x20000050   Data           4  os_core.o(.data)
    OSIdleCtr                                0x20000054   Data           4  os_core.o(.data)
    OSTCBCur                                 0x20000058   Data           4  os_core.o(.data)
    OSTCBFreeList                            0x2000005c   Data           4  os_core.o(.data)
    OSTCBHighRdy                             0x20000060   Data           4  os_core.o(.data)
    OSTCBList                                0x20000064   Data           4  os_core.o(.data)
    OSTime                                   0x20000068   Data           4  os_core.o(.data)
    OSQFreeList                              0x2000006c   Data           4  os_core.o(.data)
    cpu_sr                                   0x20000070   Data           4  app_mian.o(.data)
    cnt                                      0x20000074   Data           4  app_mian.o(.data)
    uip_ethaddr                              0x20000078   Data           6  uip.o(.data)
    uip_flags                                0x20000080   Data           1  uip.o(.data)
    uip_len                                  0x20000084   Data           2  uip.o(.data)
    uip_slen                                 0x20000086   Data           2  uip.o(.data)
    uip_hostaddr                             0x2000008e   Data           4  uip.o(.data)
    uip_appdata                              0x20000094   Data           4  uip.o(.data)
    uip_sappdata                             0x20000098   Data           4  uip.o(.data)
    uip_conn                                 0x2000009c   Data           4  uip.o(.data)
    uip_acc32                                0x200000a4   Data           4  uip.o(.data)
    uip_draddr                               0x200000a8   Data           4  uip.o(.data)
    uip_netmask                              0x200000ac   Data           4  uip.o(.data)
    uip_mac                                  0x200000be   Data           6  tapdev.o(.data)
    g_current_clock                          0x200000c4   Data           2  timer.o(.data)
    g_tcp_server_state                       0x200000c6   Data           1  uip_user_call.o(.data)
    OSEventTbl                               0x200000d0   Data         320  os_core.o(.bss)
    OSTaskStatStk                            0x20000210   Data         512  os_core.o(.bss)
    OSTaskIdleStk                            0x20000410   Data         512  os_core.o(.bss)
    OSTCBPrioTbl                             0x20000610   Data         128  os_core.o(.bss)
    OSTCBTbl                                 0x20000690   Data        2560  os_core.o(.bss)
    OSQTbl                                   0x20001090   Data          96  os_core.o(.bss)
    Start_Task_STK                           0x200010f0   Data         256  app_mian.o(.bss)
    Eth_Task_STK                             0x200011f0   Data        8192  app_mian.o(.bss)
    LED0_Task_STK                            0x200031f0   Data         512  app_mian.o(.bss)
    LED1_Task_STK                            0x200033f0   Data         512  app_mian.o(.bss)
    test_stk                                 0x200035f0   Data        1024  app_mian.o(.bss)
    uip_buf                                  0x200039f0   Data         130  uip.o(.bss)
    uip_conns                                0x20003a74   Data          80  uip.o(.bss)
    uip_listenports                          0x20003ac4   Data          12  uip.o(.bss)
    tcp_sever_send_data_buff                 0x20003b30   Data         128  uip_user_call.o(.bss)
    tcp_sever_receive_data_buff              0x20003bb0   Data         128  uip_user_call.o(.bss)
    __libspace_start                         0x20003c30   Data          96  libspace.o(.bss)
    __temporary_stack_top$libspace           0x20003c90   Data           0  libspace.o(.bss)



==============================================================================

Memory Map of the image

  Image Entry point : 0x080000ed

  Load Region LR_IROM1 (Base: 0x08000000, Size: 0x00005bb4, Max: 0x00020000, ABSOLUTE)

    Execution Region ER_IROM1 (Base: 0x08000000, Size: 0x00005ae4, Max: 0x00020000, ABSOLUTE)

    Base Addr    Size         Type   Attr      Idx    E Section Name        Object

    0x08000000   0x000000ec   Data   RO            3    RESET               startup_stm32f10x_md.o
    0x080000ec   0x00000008   Code   RO          107  * !!!main             c_w.l(__main.o)
    0x080000f4   0x00000034   Code   RO          340    !!!scatter          c_w.l(__scatter.o)
    0x08000128   0x0000001a   Code   RO          341    !!handler_copy      c_w.l(__scatter_copy.o)
    0x08000142   0x00000002   PAD
    0x08000144   0x0000001c   Code   RO          342    !!handler_zi        c_w.l(__scatter_zi.o)
    0x08000160   0x00000000   Code   RO          102    .ARM.Collect$$_printf_percent$$00000000  c_w.l(_printf_percent.o)
    0x08000160   0x00000006   Code   RO          101    .ARM.Collect$$_printf_percent$$00000009  c_w.l(_printf_d.o)
    0x08000166   0x00000004   Code   RO          116    .ARM.Collect$$_printf_percent$$00000017  c_w.l(_printf_percent_end.o)
    0x0800016a   0x00000002   Code   RO          199    .ARM.Collect$$libinit$$00000000  c_w.l(libinit.o)
    0x0800016c   0x00000000   Code   RO          201    .ARM.Collect$$libinit$$00000002  c_w.l(libinit2.o)
    0x0800016c   0x00000000   Code   RO          204    .ARM.Collect$$libinit$$00000008  c_w.l(libinit2.o)
    0x0800016c   0x00000000   Code   RO          206    .ARM.Collect$$libinit$$0000000A  c_w.l(libinit2.o)
    0x0800016c   0x00000000   Code   RO          208    .ARM.Collect$$libinit$$0000000C  c_w.l(libinit2.o)
    0x0800016c   0x00000000   Code   RO          211    .ARM.Collect$$libinit$$0000000F  c_w.l(libinit2.o)
    0x0800016c   0x00000000   Code   RO          213    .ARM.Collect$$libinit$$00000011  c_w.l(libinit2.o)
    0x0800016c   0x00000000   Code   RO          215    .ARM.Collect$$libinit$$00000013  c_w.l(libinit2.o)
    0x0800016c   0x00000000   Code   RO          217    .ARM.Collect$$libinit$$00000015  c_w.l(libinit2.o)
    0x0800016c   0x00000000   Code   RO          219    .ARM.Collect$$libinit$$00000017  c_w.l(libinit2.o)
    0x0800016c   0x00000000   Code   RO          221    .ARM.Collect$$libinit$$00000019  c_w.l(libinit2.o)
    0x0800016c   0x00000000   Code   RO          223    .ARM.Collect$$libinit$$0000001B  c_w.l(libinit2.o)
    0x0800016c   0x00000000   Code   RO          225    .ARM.Collect$$libinit$$0000001D  c_w.l(libinit2.o)
    0x0800016c   0x00000000   Code   RO          227    .ARM.Collect$$libinit$$0000001F  c_w.l(libinit2.o)
    0x0800016c   0x00000000   Code   RO          229    .ARM.Collect$$libinit$$00000021  c_w.l(libinit2.o)
    0x0800016c   0x00000000   Code   RO          231    .ARM.Collect$$libinit$$00000023  c_w.l(libinit2.o)
    0x0800016c   0x00000000   Code   RO          235    .ARM.Collect$$libinit$$0000002A  c_w.l(libinit2.o)
    0x0800016c   0x00000000   Code   RO          237    .ARM.Collect$$libinit$$0000002C  c_w.l(libinit2.o)
    0x0800016c   0x00000000   Code   RO          239    .ARM.Collect$$libinit$$0000002E  c_w.l(libinit2.o)
    0x0800016c   0x00000000   Code   RO          241    .ARM.Collect$$libinit$$00000030  c_w.l(libinit2.o)
    0x0800016c   0x00000002   Code   RO          242    .ARM.Collect$$libinit$$00000031  c_w.l(libinit2.o)
    0x0800016e   0x00000002   Code   RO          328    .ARM.Collect$$libshutdown$$00000000  c_w.l(libshutdown.o)
    0x08000170   0x00000000   Code   RO          245    .ARM.Collect$$libshutdown$$00000003  c_w.l(libshutdown2.o)
    0x08000170   0x00000000   Code   RO          248    .ARM.Collect$$libshutdown$$00000006  c_w.l(libshutdown2.o)
    0x08000170   0x00000000   Code   RO          251    .ARM.Collect$$libshutdown$$00000009  c_w.l(libshutdown2.o)
    0x08000170   0x00000000   Code   RO          253    .ARM.Collect$$libshutdown$$0000000B  c_w.l(libshutdown2.o)
    0x08000170   0x00000000   Code   RO          256    .ARM.Collect$$libshutdown$$0000000E  c_w.l(libshutdown2.o)
    0x08000170   0x00000002   Code   RO          257    .ARM.Collect$$libshutdown$$0000000F  c_w.l(libshutdown2.o)
    0x08000172   0x00000000   Code   RO          111    .ARM.Collect$$rtentry$$00000000  c_w.l(rtentry.o)
    0x08000172   0x00000000   Code   RO          128    .ARM.Collect$$rtentry$$00000002  c_w.l(rtentry2.o)
    0x08000172   0x00000006   Code   RO          140    .ARM.Collect$$rtentry$$00000004  c_w.l(rtentry4.o)
    0x08000178   0x00000000   Code   RO          130    .ARM.Collect$$rtentry$$00000009  c_w.l(rtentry2.o)
    0x08000178   0x00000004   Code   RO          131    .ARM.Collect$$rtentry$$0000000A  c_w.l(rtentry2.o)
    0x0800017c   0x00000000   Code   RO          133    .ARM.Collect$$rtentry$$0000000C  c_w.l(rtentry2.o)
    0x0800017c   0x00000008   Code   RO          134    .ARM.Collect$$rtentry$$0000000D  c_w.l(rtentry2.o)
    0x08000184   0x00000002   Code   RO          263    .ARM.Collect$$rtexit$$00000000  c_w.l(rtexit.o)
    0x08000186   0x00000000   Code   RO          292    .ARM.Collect$$rtexit$$00000002  c_w.l(rtexit2.o)
    0x08000186   0x00000004   Code   RO          293    .ARM.Collect$$rtexit$$00000003  c_w.l(rtexit2.o)
    0x0800018a   0x00000006   Code   RO          294    .ARM.Collect$$rtexit$$00000004  c_w.l(rtexit2.o)
    0x08000190   0x00000040   Code   RO            4    .text               startup_stm32f10x_md.o
    0x080001d0   0x00000158   Code   RO            6    .text               system_stm32f10x.o
    0x08000328   0x000000c4   Code   RO            8    .text               misc.o
    0x080003ec   0x000002d0   Code   RO            9    .text               stm32f10x_gpio.o
    0x080006bc   0x000002dc   Code   RO           10    .text               stm32f10x_rcc.o
    0x08000998   0x000002b0   Code   RO           12    .text               stm32f10x_spi.o
    0x08000c48   0x0000035c   Code   RO           13    .text               stm32f10x_usart.o
    0x08000fa4   0x00000cda   Code   RO           14    .text               stm32f10x_tim.o
    0x08001c7e   0x00000002   PAD
    0x08001c80   0x00000094   Code   RO           15    .text               bsp_led.o
    0x08001d14   0x000000d0   Code   RO           16    .text               bsp_systick.o
    0x08001de4   0x0000025c   Code   RO           18    .text               bsp_usart.o
    0x08002040   0x00000648   Code   RO           19    .text               bsp_enc28j60.o
    0x08002688   0x000000dc   Code   RO           21    .text               bsp_spi.o
    0x08002764   0x000001a0   Code   RO           22    .text               bsp_pwm.o
    0x08002904   0x000000a4   Code   RO           27    .text               os_cpu_a.o
    0x080029a8   0x00000086   Code   RO           28    .text               os_cpu_c.o
    0x08002a2e   0x00000002   PAD
    0x08002a30   0x00000a5c   Code   RO           30    .text               os_core.o
    0x0800348c   0x00000550   Code   RO           36    .text               os_q.o
    0x080039dc   0x00000420   Code   RO           38    .text               os_task.o
    0x08003dfc   0x00000190   Code   RO           39    .text               os_time.o
    0x08003f8c   0x00000148   Code   RO           40    .text               app_mian.o
    0x080040d4   0x00000bf8   Code   RO           47    .text               uip.o
    0x08004ccc   0x00000320   Code   RO           54    .text               uip_arp.o
    0x08004fec   0x0000005c   Code   RO           69    .text               tapdev.o
    0x08005048   0x00000048   Code   RO           71    .text               timer.o
    0x08005090   0x00000214   Code   RO           73    .text               uip_user_call.o
    0x080052a4   0x00000064   Code   RO           76    .text               main.o
    0x08005308   0x00000034   Code   RO           77    .text               stm32f10x_it.o
    0x0800533c   0x00000028   Code   RO           86    .text               c_w.l(noretval__2sprintf.o)
    0x08005364   0x00000078   Code   RO           88    .text               c_w.l(_printf_dec.o)
    0x080053dc   0x0000010e   Code   RO           94    .text               c_w.l(__printf_wp.o)
    0x080054ea   0x00000048   Code   RO          103    .text               c_w.l(strcpy.o)
    0x08005532   0x0000003e   Code   RO          104    .text               c_w.l(strlen.o)
    0x08005570   0x0000008a   Code   RO          105    .text               c_w.l(rt_memcpy_v6.o)
    0x080055fa   0x00000006   Code   RO          106    .text               c_w.l(heapauxi.o)
    0x08005600   0x000000b8   Code   RO          112    .text               c_w.l(_printf_intcommon.o)
    0x080056b8   0x00000030   Code   RO          113    .text               c_w.l(_printf_char_common.o)
    0x080056e8   0x0000000a   Code   RO          114    .text               c_w.l(_sputc.o)
    0x080056f2   0x00000064   Code   RO          123    .text               c_w.l(rt_memcpy_w.o)
    0x08005756   0x0000004a   Code   RO          155    .text               c_w.l(sys_stackheap_outer.o)
    0x080057a0   0x0000000c   Code   RO          192    .text               c_w.l(exit.o)
    0x080057ac   0x00000008   Code   RO          259    .text               c_w.l(libspace.o)
    0x080057b4   0x00000002   Code   RO          261    .text               c_w.l(use_no_semi.o)
    0x080057b6   0x00000000   Code   RO          262    .text               c_w.l(indicate_semi.o)
    0x080057b6   0x00000002   PAD
    0x080057b8   0x0000000c   Code   RO          290    .text               c_w.l(sys_exit.o)
    0x080057c4   0x0000000a   Code   RO           60    i.__ARM_common_memclr4_6  uip_arp.o
    0x080057ce   0x00000010   Code   RO           61    i.__ARM_common_memset4_6  uip_arp.o
    0x080057de   0x0000000e   Code   RO           95    i._is_digit         c_w.l(__printf_wp.o)
    0x080057ec   0x00000036   Code   RO          108    x$fpl$ffix          fz_ws.l(ffix.o)
    0x08005822   0x00000002   PAD
    0x08005824   0x00000102   Code   RO          110    x$fpl$fmul          fz_ws.l(fmul.o)
    0x08005926   0x0000008c   Code   RO          124    x$fpl$fnaninf       fz_ws.l(fnaninf.o)
    0x080059b2   0x0000000a   Code   RO          125    x$fpl$fretinf       fz_ws.l(fretinf.o)
    0x080059bc   0x00000000   Code   RO          126    x$fpl$usenofp       fz_ws.l(usenofp.o)
    0x080059bc   0x00000100   Data   RO           33    .constdata          os_core.o
    0x08005abc   0x00000006   Data   RO           56    .constdata          uip_arp.o
    0x08005ac2   0x00000002   PAD
    0x08005ac4   0x00000020   Data   RO          338    Region$$Table       anon$$obj.o


    Execution Region RW_IRAM1 (Base: 0x20000000, Size: 0x00004290, Max: 0x00005000, ABSOLUTE)

    Base Addr    Size         Type   Attr      Idx    E Section Name        Object

    0x20000000   0x00000014   Data   RW            7    .data               system_stm32f10x.o
    0x20000014   0x00000014   Data   RW           11    .data               stm32f10x_rcc.o
    0x20000028   0x00000004   Data   RW           17    .data               bsp_systick.o
    0x2000002c   0x00000004   Data   RW           20    .data               bsp_enc28j60.o
    0x20000030   0x00000002   Data   RW           23    .data               bsp_pwm.o
    0x20000032   0x00000002   PAD
    0x20000034   0x00000038   Data   RW           34    .data               os_core.o
    0x2000006c   0x00000004   Data   RW           35    .data               os_core.o
    0x20000070   0x00000008   Data   RW           44    .data               app_mian.o
    0x20000078   0x00000006   Data   RW           50    .data               uip.o
    0x2000007e   0x00000002   PAD
    0x20000080   0x00000028   Data   RW           51    .data               uip.o
    0x200000a8   0x00000004   Data   RW           52    .data               uip.o
    0x200000ac   0x00000004   Data   RW           53    .data               uip.o
    0x200000b0   0x00000008   Data   RW           58    .data               uip_arp.o
    0x200000b8   0x0000000c   Data   RW           70    .data               tapdev.o
    0x200000c4   0x00000002   Data   RW           72    .data               timer.o
    0x200000c6   0x0000000a   Data   RW           75    .data               uip_user_call.o
    0x200000d0   0x00000fc0   Zero   RW           31    .bss                os_core.o
    0x20001090   0x00000060   Zero   RW           32    .bss                os_core.o
    0x200010f0   0x00000100   Zero   RW           41    .bss                app_mian.o
    0x200011f0   0x00002800   Zero   RW           42    .bss                app_mian.o
    0x200039f0   0x000000e0   Zero   RW           48    .bss                uip.o
    0x20003ad0   0x00000060   Zero   RW           55    .bss                uip_arp.o
    0x20003b30   0x00000100   Zero   RW           74    .bss                uip_user_call.o
    0x20003c30   0x00000060   Zero   RW          260    .bss                c_w.l(libspace.o)
    0x20003c90   0x00000200   Zero   RW            2    HEAP                startup_stm32f10x_md.o
    0x20003e90   0x00000400   Zero   RW            1    STACK               startup_stm32f10x_md.o


==============================================================================

Image component sizes


      Code (inc. data)   RO Data    RW Data    ZI Data      Debug   Object Name

       328         50          0          8      10496          0   app_mian.o
      1608         16          0          4          0          0   bsp_enc28j60.o
       148          4          0          0          0          0   bsp_led.o
       416         26          0          2          0          0   bsp_pwm.o
       220         14          0          0          0          0   bsp_spi.o
       208         18          0          4          0          0   bsp_systick.o
       604         50          0          0          0          0   bsp_usart.o
       100         28          0          0          0          0   main.o
       196         16          0          0          0          0   misc.o
      2652         88        256         60       4128          0   os_core.o
       164         32          0          0          0          0   os_cpu_a.o
       134          0          0          0          0          0   os_cpu_c.o
      1360         30          0          0          0          0   os_q.o
      1056         26          0          0          0          0   os_task.o
       400         26          0          0          0          0   os_time.o
        64         26        236          0       1536          0   startup_stm32f10x_md.o
       720         14          0          0          0          0   stm32f10x_gpio.o
        52          4          0          0          0          0   stm32f10x_it.o
       732         42          0         20          0          0   stm32f10x_rcc.o
       688          4          0          0          0          0   stm32f10x_spi.o
      3290         22          0          0          0          0   stm32f10x_tim.o
       860          4          0          0          0          0   stm32f10x_usart.o
       344         32          0         20          0          0   system_stm32f10x.o
        92         18          0         12          0          0   tapdev.o
        72          6          0          2          0          0   timer.o
      3064         94          0         54        224          0   uip.o
       826         52          6          8         96          0   uip_arp.o
       532         58          0         10        256          0   uip_user_call.o

    ----------------------------------------------------------------------
     20934        800        532        208      16736          0   Object Totals
         0          0         32          0          0          0   (incl. Generated)
         4          0          2          4          0          0   (incl. Padding)

    ----------------------------------------------------------------------

      Code (inc. data)   RO Data    RW Data    ZI Data      Debug   Library Member Name

         8          0          0          0          0          0   __main.o
       284          0          0          0          0          0   __printf_wp.o
        52          8          0          0          0          0   __scatter.o
        26          0          0          0          0          0   __scatter_copy.o
        28          0          0          0          0          0   __scatter_zi.o
        48          6          0          0          0          0   _printf_char_common.o
         6          0          0          0          0          0   _printf_d.o
       120         18          0          0          0          0   _printf_dec.o
       184          0          0          0          0          0   _printf_intcommon.o
         0          0          0          0          0          0   _printf_percent.o
         4          0          0          0          0          0   _printf_percent_end.o
        10          0          0          0          0          0   _sputc.o
        12          0          0          0          0          0   exit.o
         6          0          0          0          0          0   heapauxi.o
         0          0          0          0          0          0   indicate_semi.o
         2          0          0          0          0          0   libinit.o
         2          0          0          0          0          0   libinit2.o
         2          0          0          0          0          0   libshutdown.o
         2          0          0          0          0          0   libshutdown2.o
         8          4          0          0         96          0   libspace.o
        40          6          0          0          0          0   noretval__2sprintf.o
       138          0          0          0          0          0   rt_memcpy_v6.o
       100          0          0          0          0          0   rt_memcpy_w.o
         0          0          0          0          0          0   rtentry.o
        12          0          0          0          0          0   rtentry2.o
         6          0          0          0          0          0   rtentry4.o
         2          0          0          0          0          0   rtexit.o
        10          0          0          0          0          0   rtexit2.o
        72          0          0          0          0          0   strcpy.o
        62          0          0          0          0          0   strlen.o
        12          4          0          0          0          0   sys_exit.o
        74          0          0          0          0          0   sys_stackheap_outer.o
         2          0          0          0          0          0   use_no_semi.o
        54          4          0          0          0          0   ffix.o
       258          4          0          0          0          0   fmul.o
       140          4          0          0          0          0   fnaninf.o
        10          0          0          0          0          0   fretinf.o
         0          0          0          0          0          0   usenofp.o

    ----------------------------------------------------------------------
      1802         58          0          0         96          0   Library Totals
         6          0          0          0          0          0   (incl. Padding)

    ----------------------------------------------------------------------

      Code (inc. data)   RO Data    RW Data    ZI Data      Debug   Library Name

      1334         46          0          0         96          0   c_w.l
       462         12          0          0          0          0   fz_ws.l

    ----------------------------------------------------------------------
      1802         58          0          0         96          0   Library Totals

    ----------------------------------------------------------------------

==============================================================================


      Code (inc. data)   RO Data    RW Data    ZI Data      Debug   

     22736        858        532        208      16832          0   Grand Totals
     22736        858        532        208      16832          0   ELF Image Totals
     22736        858        532        208          0          0   ROM Totals

==============================================================================

    Total RO  Size (Code + RO Data)                23268 (  22.72kB)
    Total RW  Size (RW Data + ZI Data)             17040 (  16.64kB)
    Total ROM Size (Code + RO Data + RW Data)      23476 (  22.93kB)

==============================================================================

